Archive member included to satisfy reference by file (symbol)

c:/program files (x86)/arm gnu toolchain arm-none-eabi/12.2 mpacbti-rel1/bin/../lib/gcc/arm-none-eabi/12.2.1/thumb/v7-m/nofp\libc_nano.a(libc_a-exit.o)
                              c:/program files (x86)/arm gnu toolchain arm-none-eabi/12.2 mpacbti-rel1/bin/../lib/gcc/arm-none-eabi/12.2.1/thumb/v7-m/nofp/crt0.o (exit)
c:/program files (x86)/arm gnu toolchain arm-none-eabi/12.2 mpacbti-rel1/bin/../lib/gcc/arm-none-eabi/12.2.1/thumb/v7-m/nofp\libc_nano.a(libc_a-malloc.o)
                              build/bsp_comm_protocol.o (malloc)
c:/program files (x86)/arm gnu toolchain arm-none-eabi/12.2 mpacbti-rel1/bin/../lib/gcc/arm-none-eabi/12.2.1/thumb/v7-m/nofp\libc_nano.a(libc_a-mallocr.o)
                              c:/program files (x86)/arm gnu toolchain arm-none-eabi/12.2 mpacbti-rel1/bin/../lib/gcc/arm-none-eabi/12.2.1/thumb/v7-m/nofp\libc_nano.a(libc_a-malloc.o) (_malloc_r)
c:/program files (x86)/arm gnu toolchain arm-none-eabi/12.2 mpacbti-rel1/bin/../lib/gcc/arm-none-eabi/12.2.1/thumb/v7-m/nofp\libc_nano.a(libc_a-mlock.o)
                              c:/program files (x86)/arm gnu toolchain arm-none-eabi/12.2 mpacbti-rel1/bin/../lib/gcc/arm-none-eabi/12.2.1/thumb/v7-m/nofp\libc_nano.a(libc_a-mallocr.o) (__malloc_lock)
c:/program files (x86)/arm gnu toolchain arm-none-eabi/12.2 mpacbti-rel1/bin/../lib/gcc/arm-none-eabi/12.2.1/thumb/v7-m/nofp\libc_nano.a(libc_a-findfp.o)
                              c:/program files (x86)/arm gnu toolchain arm-none-eabi/12.2 mpacbti-rel1/bin/../lib/gcc/arm-none-eabi/12.2.1/thumb/v7-m/nofp\libc_nano.a(libc_a-exit.o) (__stdio_exit_handler)
c:/program files (x86)/arm gnu toolchain arm-none-eabi/12.2 mpacbti-rel1/bin/../lib/gcc/arm-none-eabi/12.2.1/thumb/v7-m/nofp\libc_nano.a(libc_a-fwalk.o)
                              c:/program files (x86)/arm gnu toolchain arm-none-eabi/12.2 mpacbti-rel1/bin/../lib/gcc/arm-none-eabi/12.2.1/thumb/v7-m/nofp\libc_nano.a(libc_a-findfp.o) (_fwalk_sglue)
c:/program files (x86)/arm gnu toolchain arm-none-eabi/12.2 mpacbti-rel1/bin/../lib/gcc/arm-none-eabi/12.2.1/thumb/v7-m/nofp\libc_nano.a(libc_a-printf.o)
                              build/event_groups.o (printf)
c:/program files (x86)/arm gnu toolchain arm-none-eabi/12.2 mpacbti-rel1/bin/../lib/gcc/arm-none-eabi/12.2.1/thumb/v7-m/nofp\libc_nano.a(libc_a-puts.o)
                              build/timer.o (puts)
c:/program files (x86)/arm gnu toolchain arm-none-eabi/12.2 mpacbti-rel1/bin/../lib/gcc/arm-none-eabi/12.2.1/thumb/v7-m/nofp\libc_nano.a(libc_a-sprintf.o)
                              build/tasks.o (sprintf)
c:/program files (x86)/arm gnu toolchain arm-none-eabi/12.2 mpacbti-rel1/bin/../lib/gcc/arm-none-eabi/12.2.1/thumb/v7-m/nofp\libc_nano.a(libc_a-stdio.o)
                              c:/program files (x86)/arm gnu toolchain arm-none-eabi/12.2 mpacbti-rel1/bin/../lib/gcc/arm-none-eabi/12.2.1/thumb/v7-m/nofp\libc_nano.a(libc_a-findfp.o) (__sread)
c:/program files (x86)/arm gnu toolchain arm-none-eabi/12.2 mpacbti-rel1/bin/../lib/gcc/arm-none-eabi/12.2.1/thumb/v7-m/nofp\libc_nano.a(libc_a-wbuf.o)
                              c:/program files (x86)/arm gnu toolchain arm-none-eabi/12.2 mpacbti-rel1/bin/../lib/gcc/arm-none-eabi/12.2.1/thumb/v7-m/nofp\libc_nano.a(libc_a-puts.o) (__swbuf_r)
c:/program files (x86)/arm gnu toolchain arm-none-eabi/12.2 mpacbti-rel1/bin/../lib/gcc/arm-none-eabi/12.2.1/thumb/v7-m/nofp\libc_nano.a(libc_a-wsetup.o)
                              c:/program files (x86)/arm gnu toolchain arm-none-eabi/12.2 mpacbti-rel1/bin/../lib/gcc/arm-none-eabi/12.2.1/thumb/v7-m/nofp\libc_nano.a(libc_a-puts.o) (__swsetup_r)
c:/program files (x86)/arm gnu toolchain arm-none-eabi/12.2 mpacbti-rel1/bin/../lib/gcc/arm-none-eabi/12.2.1/thumb/v7-m/nofp\libc_nano.a(libc_a-memset.o)
                              c:/program files (x86)/arm gnu toolchain arm-none-eabi/12.2 mpacbti-rel1/bin/../lib/gcc/arm-none-eabi/12.2.1/thumb/v7-m/nofp/crt0.o (memset)
c:/program files (x86)/arm gnu toolchain arm-none-eabi/12.2 mpacbti-rel1/bin/../lib/gcc/arm-none-eabi/12.2.1/thumb/v7-m/nofp\libc_nano.a(libc_a-closer.o)
                              c:/program files (x86)/arm gnu toolchain arm-none-eabi/12.2 mpacbti-rel1/bin/../lib/gcc/arm-none-eabi/12.2.1/thumb/v7-m/nofp\libc_nano.a(libc_a-stdio.o) (_close_r)
c:/program files (x86)/arm gnu toolchain arm-none-eabi/12.2 mpacbti-rel1/bin/../lib/gcc/arm-none-eabi/12.2.1/thumb/v7-m/nofp\libc_nano.a(libc_a-reent.o)
                              c:/program files (x86)/arm gnu toolchain arm-none-eabi/12.2 mpacbti-rel1/bin/../lib/gcc/arm-none-eabi/12.2.1/thumb/v7-m/nofp\libc_nano.a(libc_a-closer.o) (errno)
c:/program files (x86)/arm gnu toolchain arm-none-eabi/12.2 mpacbti-rel1/bin/../lib/gcc/arm-none-eabi/12.2.1/thumb/v7-m/nofp\libc_nano.a(libc_a-impure.o)
[...]
Memory Configuration

Name             Origin             Length             Attributes
RAM              0x20000000         0x0000c000         xrw
FLASH            0x08000000         0x00040000         xr
*default*        0x00000000         0xffffffff

Linker script and memory map

LOAD c:/program files (x86)/arm gnu toolchain arm-none-eabi/12.2 mpacbti-rel1/bin/../lib/gcc/arm-none-eabi/12.2.1/thumb/v7-m/nofp/crti.o
LOAD c:/program files (x86)/arm gnu toolchain arm-none-eabi/12.2 mpacbti-rel1/bin/../lib/gcc/arm-none-eabi/12.2.1/thumb/v7-m/nofp/crtbegin.o
LOAD c:/program files (x86)/arm gnu toolchain arm-none-eabi/12.2 mpacbti-rel1/bin/../lib/gcc/arm-none-eabi/12.2.1/thumb/v7-m/nofp/crt0.o
LOAD build/core_cm3.o
LOAD build/system_stm32f10x.o
LOAD build/misc.o
LOAD build/stm32f10x_adc.o
LOAD build/stm32f10x_bkp.o
LOAD build/stm32f10x_can.o
LOAD build/stm32f10x_cec.o
LOAD build/stm32f10x_crc.o
LOAD build/stm32f10x_dac.o
LOAD build/stm32f10x_dbgmcu.o
LOAD build/stm32f10x_dma.o
LOAD build/stm32f10x_exti.o
LOAD build/stm32f10x_flash.o
LOAD build/stm32f10x_fsmc.o
LOAD build/stm32f10x_gpio.o
LOAD build/stm32f10x_i2c.o
LOAD build/stm32f10x_iwdg.o
LOAD build/stm32f10x_pwr.o
LOAD build/stm32f10x_rcc.o
LOAD build/stm32f10x_rtc.o
LOAD build/stm32f10x_sdio.o
LOAD build/stm32f10x_spi.o
LOAD build/stm32f10x_tim.o
LOAD build/stm32f10x_usart.o
LOAD build/stm32f10x_wwdg.o
LOAD build/bsp_chip_flash.o
LOAD build/bsp_comm_protocol.o
LOAD build/bsp_usart.o
LOAD build/device_uart_screen.o
LOAD build/led.o
LOAD build/timer.o
LOAD build/main.o
LOAD build/stm32f10x_it.o
LOAD build/app_therapy.o
LOAD build/app_ui.o
LOAD build/croutine.o
LOAD build/event_groups.o
LOAD build/list.o
LOAD build/queue.o
LOAD build/tasks.o
LOAD build/timers.o
LOAD build/app_manager.o
LOAD build/app_task_define.o
LOAD build/common_def.o
LOAD build/device_manager.o
LOAD build/init.o
LOAD build/delay.o
LOAD build/sys.o
LOAD build/usart.o
LOAD build/port.o
LOAD build/heap_4.o
LOAD build/startup_stm32f10x_hd.o
LOAD c:/program files (x86)/arm gnu toolchain arm-none-eabi/12.2 mpacbti-rel1/bin/../lib/gcc/arm-none-eabi/12.2.1/thumb/v7-m/nofp\libc_nano.a
LOAD c:/program files (x86)/arm gnu toolchain arm-none-eabi/12.2 mpacbti-rel1/bin/../lib/gcc/arm-none-eabi/12.2.1/thumb/v7-m/nofp\libm.a
LOAD c:/program files (x86)/arm gnu toolchain arm-none-eabi/12.2 mpacbti-rel1/bin/../lib/gcc/arm-none-eabi/12.2.1/thumb/v7-m/nofp\libnosys.a
START GROUP
LOAD c:/program files (x86)/arm gnu toolchain arm-none-eabi/12.2 mpacbti-rel1/bin/../lib/gcc/arm-none-eabi/12.2.1/thumb/v7-m/nofp\libgcc.a
LOAD c:/program files (x86)/arm gnu toolchain arm-none-eabi/12.2 mpacbti-rel1/bin/../lib/gcc/arm-none-eabi/12.2.1/thumb/v7-m/nofp\libc_nano.a
END GROUP
START GROUP
LOAD c:/program files (x86)/arm gnu toolchain arm-none-eabi/12.2 mpacbti-rel1/bin/../lib/gcc/arm-none-eabi/12.2.1/thumb/v7-m/nofp\libgcc.a
LOAD c:/program files (x86)/arm gnu toolchain arm-none-eabi/12.2 mpacbti-rel1/bin/../lib/gcc/arm-none-eabi/12.2.1/thumb/v7-m/nofp\libc_nano.a
END GROUP
LOAD c:/program files (x86)/arm gnu toolchain arm-none-eabi/12.2 mpacbti-rel1/bin/../lib/gcc/arm-none-eabi/12.2.1/thumb/v7-m/nofp/crtend.o
LOAD c:/program files (x86)/arm gnu toolchain arm-none-eabi/12.2 mpacbti-rel1/bin/../lib/gcc/arm-none-eabi/12.2.1/thumb/v7-m/nofp/crtn.o
                0x2000c000                        _estack = (ORIGIN (RAM) + LENGTH (RAM))
                0x00000200                        _Min_Heap_Size = 0x200
                0x00000400                        _Min_Stack_Size = 0x400

.isr_vector     0x08000000      0x1e4
                0x08000000                        . = ALIGN (0x4)
 *(.isr_vector)
 .isr_vector    0x08000000      0x1e4 build/startup_stm32f10x_hd.o
                0x08000000                g_pfnVectors
                0x080001e4                        . = ALIGN (0x4)

.text           0x080001f0     0x6dfc
                0x080001f0                        . = ALIGN (0x4)
 *(.text)
 .text          0x080001f0       0x10 c:/program files (x86)/arm gnu toolchain arm-none-eabi/12.2 mpacbti-rel1/bin/../lib/gcc/arm-none-eabi/12.2.1/thumb/v7-m/nofp\libc_nano.a(libc_a-strlen.o)
                0x080001f0                strlen
 .text          0x08000200      0x378 c:/program files (x86)/arm gnu toolchain arm-none-eabi/12.2 mpacbti-rel1/bin/../lib/gcc/arm-none-eabi/12.2.1/thumb/v7-m/nofp\libgcc.a(_arm_addsubdf3.o)
                0x08000200                __aeabi_drsub
                0x08000208                __aeabi_dsub
                0x08000208                __subdf3
                0x0800020c                __aeabi_dadd
                0x0800020c                __adddf3
                0x08000484                __floatunsidf
                0x08000484                __aeabi_ui2d
                0x080004a4                __floatsidf
                0x080004a4                __aeabi_i2d
                0x080004c8                __aeabi_f2d
                0x080004c8                __extendsfdf2
                0x0800050c                __floatundidf
                0x0800050c                __aeabi_ul2d
                0x0800051c                __floatdidf
                0x0800051c                __aeabi_l2d
 .text          0x08000578      0x424 c:/program files (x86)/arm gnu toolchain arm-none-eabi/12.2 mpacbti-rel1/bin/../lib/gcc/arm-none-eabi/12.2.1/thumb/v7-m/nofp\libgcc.a(_arm_muldivdf3.o)
                0x08000578                __aeabi_dmul
                0x08000578                __muldf3
                0x080007cc                __divdf3
                0x080007cc                __aeabi_ddiv
 .text          0x0800099c      0x110 c:/program files (x86)/arm gnu toolchain arm-none-eabi/12.2 mpacbti-rel1/bin/../lib/gcc/arm-none-eabi/12.2.1/thumb/v7-m/nofp\libgcc.a(_arm_cmpdf2.o)
                0x0800099c                __gtdf2
                0x0800099c                __gedf2
                0x080009a4                __ltdf2
                0x080009a4                __ledf2
                0x080009ac                __nedf2
                0x080009ac                __eqdf2
                0x080009ac                __cmpdf2
                0x08000a28                __aeabi_cdrcmple
                0x08000a38                __aeabi_cdcmpeq
                0x08000a38                __aeabi_cdcmple
                0x08000a48                __aeabi_dcmpeq
                0x08000a5c                __aeabi_dcmplt
                0x08000a70                __aeabi_dcmple
                0x08000a84                __aeabi_dcmpge
                0x08000a98                __aeabi_dcmpgt
 .text          0x08000aac       0x2c c:/program files (x86)/arm gnu toolchain arm-none-eabi/12.2 mpacbti-rel1/bin/../lib/gcc/arm-none-eabi/12.2.1/thumb/v7-m/nofp\libgcc.a(_arm_unorddf2.o)
                0x08000aac                __unorddf2
                0x08000aac                __aeabi_dcmpun
 .text          0x08000ad8       0x50 c:/program files (x86)/arm gnu toolchain arm-none-eabi/12.2 mpacbti-rel1/bin/../lib/gcc/arm-none-eabi/12.2.1/thumb/v7-m/nofp\libgcc.a(_arm_fixdfsi.o)
                0x08000ad8                __aeabi_d2iz
                0x08000ad8                __fixdfsi
 *(.text*)
 .text.deregister_tm_clones
                0x08000b28       0x1c c:/program files (x86)/arm gnu toolchain arm-none-eabi/12.2 mpacbti-rel1/bin/../lib/gcc/arm-none-eabi/12.2.1/thumb/v7-m/nofp/crtbegin.o
 .text.register_tm_clones
                0x08000b44       0x24 c:/program files (x86)/arm gnu toolchain arm-none-eabi/12.2 mpacbti-rel1/bin/../lib/gcc/arm-none-eabi/12.2.1/thumb/v7-m/nofp/crtbegin.o
 .text.__do_global_dtors_aux
                0x08000b68       0x28 c:/program files (x86)/arm gnu toolchain arm-none-eabi/12.2 mpacbti-rel1/bin/../lib/gcc/arm-none-eabi/12.2.1/thumb/v7-m/nofp/crtbegin.o
 .text.frame_dummy
                0x08000b90       0x24 c:/program files (x86)/arm gnu toolchain arm-none-eabi/12.2 mpacbti-rel1/bin/../lib/gcc/arm-none-eabi/12.2.1/thumb/v7-m/nofp/crtbegin.o
 .text.SystemInit
                0x08000bb4       0x68 build/system_stm32f10x.o
                0x08000bb4                SystemInit
 .text.SetSysClock
                0x08000c1c        0xc build/system_stm32f10x.o
 .text.SetSysClockTo72
                0x08000c28      0x100 build/system_stm32f10x.o
 .text.NVIC_PriorityGroupConfig
                0x08000d28       0x24 build/misc.o
                0x08000d28                NVIC_PriorityGroupConfig
 .text.NVIC_Init
                0x08000d4c       0xc4 build/misc.o
                0x08000d4c                NVIC_Init
 .text.SysTick_CLKSourceConfig
                0x08000e10       0x38 build/misc.o
                0x08000e10                SysTick_CLKSourceConfig
 .text.GPIO_Init
                0x08000e48      0x178 build/stm32f10x_gpio.o
                0x08000e48                GPIO_Init
 .text.GPIO_SetBits
                0x08000fc0       0x1c build/stm32f10x_gpio.o
                0x08000fc0                GPIO_SetBits
 .text.RCC_GetClocksFreq
                0x08000fdc      0x16c build/stm32f10x_rcc.o
                0x08000fdc                RCC_GetClocksFreq
 .text.RCC_APB2PeriphClockCmd
                0x08001148       0x3c build/stm32f10x_rcc.o
                0x08001148                RCC_APB2PeriphClockCmd
 .text.RCC_APB1PeriphClockCmd
                0x08001184       0x3c build/stm32f10x_rcc.o
                0x08001184                RCC_APB1PeriphClockCmd
 .text.TIM_GetITStatus
                0x080011c0       0x52 build/stm32f10x_tim.o
                0x080011c0                TIM_GetITStatus
 .text.TIM_ClearITPendingBit
                0x08001212       0x20 build/stm32f10x_tim.o
                0x08001212                TIM_ClearITPendingBit
 *fill*         0x08001232        0x2 
 .text.USART_Init
                0x08001234      0x174 build/stm32f10x_usart.o
                0x08001234                USART_Init
 .text.USART_Cmd
                0x080013a8       0x3e build/stm32f10x_usart.o
                0x080013a8                USART_Cmd
 .text.USART_ITConfig
                0x080013e6       0x8e build/stm32f10x_usart.o
                0x080013e6                USART_ITConfig
 .text.USART_ReceiveData
                0x08001474       0x1e build/stm32f10x_usart.o
                0x08001474                USART_ReceiveData
 .text.USART_GetITStatus
                0x08001492       0xb4 build/stm32f10x_usart.o
                0x08001492                USART_GetITStatus
 *fill*         0x08001546        0x2 
 .text.DeviceUartInit
                0x08001548       0xa4 build/device_uart_screen.o
 .text.DeviceInit
                0x080015ec       0x34 build/device_uart_screen.o
 .text.DeviceRead
                0x08001620       0x20 build/device_uart_screen.o
 .text.DeviceWrite
                0x08001640       0x24 build/device_uart_screen.o
 .text.DeviceIoctl
                0x08001664       0x24 build/device_uart_screen.o
 .text.DeviceProbe
                0x08001688       0x18 build/device_uart_screen.o
 .text.DGUSIntervalCall
                0x080016a0       0x24 build/device_uart_screen.o
 .text.DeviceUartScreenInit
                0x080016c4       0x38 build/device_uart_screen.o
 .text.CheckSumCalculate
                0x080016fc       0x3e build/device_uart_screen.o
 *fill*         0x0800173a        0x2 
 .text.CommDgusIrqHandler
                0x0800173c       0xf0 build/device_uart_screen.o
 .text.CommCodeUpdateIrqHandler
                0x0800182c       0xe4 build/device_uart_screen.o
 .text.USART2_IRQHandler
                0x08001910       0x48 build/device_uart_screen.o
                0x08001910                USART2_IRQHandler
 .text.LED_Init
                0x08001958       0x54 build/led.o
                0x08001958                LED_Init
 .text.TIM3_IRQHandler
                0x080019ac       0x2c build/timer.o
                0x080019ac                TIM3_IRQHandler
 .text.TIM5_IRQHandler
                0x080019d8       0x2c build/timer.o
                0x080019d8                TIM5_IRQHandler
 .text.main     0x08001a04       0x4c build/main.o
                0x08001a04                main
 .text.start_task
                0x08001a50       0x30 build/main.o
                0x08001a50                start_task
 .text.__DSB    0x08001a80       0x10 build/stm32f10x_it.o
 .text.NVIC_SystemReset
                0x08001a90       0x24 build/stm32f10x_it.o
 .text.NMI_Handler
                0x08001ab4        0xc build/stm32f10x_it.o
                0x08001ab4                NMI_Handler
 .text.HardFault_Handler
                0x08001ac0        0xa build/stm32f10x_it.o
                0x08001ac0                HardFault_Handler
 .text.MemManage_Handler
                0x08001aca        0x8 build/stm32f10x_it.o
                0x08001aca                MemManage_Handler
 .text.BusFault_Handler
                0x08001ad2        0x8 build/stm32f10x_it.o
                0x08001ad2                BusFault_Handler
 .text.UsageFault_Handler
                0x08001ada        0x8 build/stm32f10x_it.o
                0x08001ada                UsageFault_Handler
 .text.DebugMon_Handler
                0x08001ae2        0xc build/stm32f10x_it.o
                0x08001ae2                DebugMon_Handler
 *fill*         0x08001aee        0x2 
 .text.TherapyAppProcessUi
                0x08001af0       0x30 build/app_therapy.o
 .text.TherapyAppProcess
                0x08001b20       0x26 build/app_therapy.o
 .text.TherapyDeviceProcess
                0x08001b46       0x12 build/app_therapy.o
 .text.TherapyTask
                0x08001b58       0x64 build/app_therapy.o
 .text.TherapyInit
                0x08001bbc       0x20 build/app_therapy.o
 .text.AppTherapyInit
                0x08001bdc       0x2c build/app_therapy.o
 .text.UiAppProcessUi
                0x08001c08       0x30 build/app_ui.o
 .text.UiAppProcess
                0x08001c38       0x22 build/app_ui.o
 *fill*         0x08001c5a        0x2 
 .text.UiDeviceProcessUartScreen
                0x08001c5c       0x30 build/app_ui.o
 .text.UiDeviceProcess
                0x08001c8c       0x26 build/app_ui.o
 *fill*         0x08001cb2        0x2 
 .text.UiTask   0x08001cb4       0x64 build/app_ui.o
                0x08001cb4                UiTask
 .text.UiInit   0x08001d18       0x20 build/app_ui.o
 .text.AppUiInit
                0x08001d38       0x2c build/app_ui.o
 .text.vListInitialise
                0x08001d64       0x3e build/list.o
                0x08001d64                vListInitialise
 .text.vListInitialiseItem
                0x08001da2       0x18 build/list.o
                0x08001da2                vListInitialiseItem
 .text.vListInsertEnd
                0x08001dba       0x46 build/list.o
                0x08001dba                vListInsertEnd
 .text.vListInsert
                0x08001e00       0x70 build/list.o
                0x08001e00                vListInsert
 .text.uxListRemove
                0x08001e70       0x52 build/list.o
                0x08001e70                uxListRemove
 *fill*         0x08001ec2        0x2 
 .text.xQueueGenericReset
                0x08001ec4       0xd0 build/queue.o
                0x08001ec4                xQueueGenericReset
 .text.xQueueGenericCreate
                0x08001f94       0x74 build/queue.o
                0x08001f94                xQueueGenericCreate
 .text.prvInitialiseNewQueue
                0x08002008       0x4c build/queue.o
 .text.xQueueGenericSend
                0x08002054      0x204 build/queue.o
                0x08002054                xQueueGenericSend
 .text.xQueueGenericSendFromISR
                0x08002258      0x140 build/queue.o
                0x08002258                xQueueGenericSendFromISR
 .text.xQueueGenericReceive
                0x08002398      0x214 build/queue.o
                0x08002398                xQueueGenericReceive
 .text.uxQueueSpacesAvailable
                0x080025ac       0x44 build/queue.o
                0x080025ac                uxQueueSpacesAvailable
 .text.prvCopyDataToQueue
                0x080025f0       0xd4 build/queue.o
 .text.prvCopyDataFromQueue
                0x080026c4       0x4c build/queue.o
 .text.prvUnlockQueue
                0x08002710       0xc0 build/queue.o
 .text.prvIsQueueEmpty
                0x080027d0       0x2c build/queue.o
 .text.prvIsQueueFull
                0x080027fc       0x30 build/queue.o
 .text.vQueueAddToRegistry
                0x0800282c       0x50 build/queue.o
                0x0800282c                vQueueAddToRegistry
 .text.vQueueWaitForMessageRestricted
                0x0800287c       0x68 build/queue.o
                0x0800287c                vQueueWaitForMessageRestricted
 .text.prvNotifyQueueSetContainer
                0x080028e4       0xa8 build/queue.o
 .text.xTaskCreate
                0x0800298c       0x82 build/tasks.o
                0x0800298c                xTaskCreate
 *fill*         0x08002a0e        0x2 
 .text.prvInitialiseNewTask
                0x08002a10      0x10c build/tasks.o
 .text.prvAddNewTaskToReadyList
                0x08002b1c       0xdc build/tasks.o
 .text.vTaskDelete
                0x08002bf8      0x11c build/tasks.o
                0x08002bf8                vTaskDelete
 .text.vTaskStartScheduler
                0x08002d14       0x98 build/tasks.o
                0x08002d14                vTaskStartScheduler
 .text.vTaskSuspendAll
                0x08002dac       0x1c build/tasks.o
                0x08002dac                vTaskSuspendAll
 .text.xTaskResumeAll
                0x08002dc8      0x138 build/tasks.o
                0x08002dc8                xTaskResumeAll
 .text.xTaskGetTickCount
                0x08002f00       0x1c build/tasks.o
                0x08002f00                xTaskGetTickCount
 .text.xTaskIncrementTick
                0x08002f1c      0x178 build/tasks.o
                0x08002f1c                xTaskIncrementTick
 .text.vTaskSwitchContext
                0x08003094       0xb0 build/tasks.o
                0x08003094                vTaskSwitchContext
 .text.vTaskPlaceOnEventList
                0x08003144       0x48 build/tasks.o
                0x08003144                vTaskPlaceOnEventList
 .text.vTaskPlaceOnEventListRestricted
                0x0800318c       0x54 build/tasks.o
                0x0800318c                vTaskPlaceOnEventListRestricted
 .text.xTaskRemoveFromEventList
                0x080031e0       0xc4 build/tasks.o
                0x080031e0                xTaskRemoveFromEventList
 .text.vTaskSetTimeOutState
                0x080032a4       0x44 build/tasks.o
                0x080032a4                vTaskSetTimeOutState
 .text.xTaskCheckForTimeOut
                0x080032e8       0xb4 build/tasks.o
                0x080032e8                xTaskCheckForTimeOut
 .text.vTaskMissedYield
                0x0800339c       0x18 build/tasks.o
                0x0800339c                vTaskMissedYield
 .text.prvIdleTask
                0x080033b4       0x30 build/tasks.o
 .text.prvInitialiseTaskLists
                0x080033e4       0x80 build/tasks.o
 .text.prvCheckTasksWaitingTermination
                0x08003464       0x78 build/tasks.o
 .text.prvDeleteTCB
                0x080034dc       0x20 build/tasks.o
 .text.prvResetNextTaskUnblockTime
                0x080034fc       0x48 build/tasks.o
 .text.xTaskGetSchedulerState
                0x08003544       0x3c build/tasks.o
                0x08003544                xTaskGetSchedulerState
 .text.vTaskPriorityInherit
                0x08003580       0xec build/tasks.o
                0x08003580                vTaskPriorityInherit
 .text.xTaskPriorityDisinherit
                0x0800366c      0x100 build/tasks.o
                0x0800366c                xTaskPriorityDisinherit
 .text.pvTaskIncrementMutexHeldCount
                0x0800376c       0x28 build/tasks.o
                0x0800376c                pvTaskIncrementMutexHeldCount
 .text.prvAddCurrentTaskToDelayedList
                0x08003794       0xcc build/tasks.o
 .text.xTimerCreateTimerTask
                0x08003860       0x64 build/timers.o
                0x08003860                xTimerCreateTimerTask
 .text.xTimerCreate
                0x080038c4       0x3a build/timers.o
                0x080038c4                xTimerCreate
 *fill*         0x080038fe        0x2 
 .text.prvInitialiseNewTimer
                0x08003900       0x64 build/timers.o
 .text.xTimerGenericCommand
                0x08003964       0x98 build/timers.o
                0x08003964                xTimerGenericCommand
 .text.prvProcessExpiredTimer
                0x080039fc       0x80 build/timers.o
 .text.prvTimerTask
                0x08003a7c       0x26 build/timers.o
 *fill*         0x08003aa2        0x2 
 .text.prvProcessTimerOrBlockTask
                0x08003aa4       0x9c build/timers.o
 .text.prvGetNextExpireTime
                0x08003b40       0x48 build/timers.o
 .text.prvSampleTimeNow
                0x08003b88       0x40 build/timers.o
 .text.prvInsertTimerInActiveList
                0x08003bc8       0x84 build/timers.o
 .text.prvProcessReceivedCommands
                0x08003c4c      0x154 build/timers.o
 .text.prvSwitchTimerLists
                0x08003da0       0xc0 build/timers.o
 .text.prvCheckForValidListAndQueue
                0x08003e60       0x6c build/timers.o
 .text.RegisterApp
                0x08003ecc       0x2c build/app_manager.o
                0x08003ecc                RegisterApp
 .text.AppManagerInit
                0x08003ef8       0x40 build/app_manager.o
                0x08003ef8                AppManagerInit
 .text.TaskQueueCreate
                0x08003f38       0x74 build/app_task_define.o
 .text.TaskInit
                0x08003fac       0x54 build/app_task_define.o
                0x08003fac                TaskInit
 .text.TaskCreate
                0x08004000       0xc4 build/app_task_define.o
                0x08004000                TaskCreate
 .text.SendDataToApp
                0x080040c4       0x74 build/app_task_define.o
                0x080040c4                SendDataToApp
 .text.FillSendBuff
                0x08004138      0x180 build/common_def.o
 .text.PrintfLogInfo
                0x080042b8       0xd4 build/common_def.o
                0x080042b8                PrintfLogInfo
 .text._isatty  0x0800438c       0x2c build/common_def.o
                0x0800438c                _isatty
 .text._close   0x080043b8       0x2e build/common_def.o
                0x080043b8                _close
 .text._lseek   0x080043e6       0x22 build/common_def.o
                0x080043e6                _lseek
 .text._fstat   0x08004408       0x36 build/common_def.o
                0x08004408                _fstat
 .text._read    0x0800443e       0x2c build/common_def.o
                0x0800443e                _read
 .text._write   0x0800446a       0x2c build/common_def.o
                0x0800446a                _write
 *fill*         0x08004496        0x2 
 .text.DeviceManagerSetInterval
                0x08004498       0x60 build/device_manager.o
 .text.SetIntervalTimerCall
                0x080044f8       0xd0 build/device_manager.o
 .text.CreateSetIntervalTimer
                0x080045c8       0x58 build/device_manager.o
 .text.RegisterDevice
                0x08004620       0x88 build/device_manager.o
                0x08004620                RegisterDevice
 .text.DeviceManagerInit
                0x080046a8       0x40 build/device_manager.o
                0x080046a8                DeviceManagerInit
 .text.DeviceSampleData
                0x080046e8       0x26 build/device_manager.o
                0x080046e8                DeviceSampleData
 .text.DoInit   0x0800470e       0x22 build/init.o
 .text.Init     0x08004730       0x44 build/init.o
                0x08004730                Init
 .text.SysTick_Handler
                0x08004774       0x16 build/delay.o
                0x08004774                SysTick_Handler
 *fill*         0x0800478a        0x2 
 .text.delay_init
                0x0800478c       0x78 build/delay.o
                0x0800478c                delay_init
 .text.uart_init
                0x08004804       0xa4 build/usart.o
                0x08004804                uart_init
 .text.USART1_IRQHandler
                0x080048a8       0xac build/usart.o
                0x080048a8                USART1_IRQHandler
 .text.pxPortInitialiseStack
                0x08004954       0x58 build/port.o
                0x08004954                pxPortInitialiseStack
 .text.prvTaskExitError
                0x080049ac       0x50 build/port.o
 *fill*         0x080049fc        0x4 
 .text.SVC_Handler
                0x08004a00       0x28 build/port.o
                0x08004a00                SVC_Handler
 .text.prvPortStartFirstTask
                0x08004a28       0x24 build/port.o
 .text.xPortStartScheduler
                0x08004a4c       0xf8 build/port.o
                0x08004a4c                xPortStartScheduler
 .text.vPortEnterCritical
                0x08004b44       0x5c build/port.o
                0x08004b44                vPortEnterCritical
 .text.vPortExitCritical
                0x08004ba0       0x4c build/port.o
                0x08004ba0                vPortExitCritical
 *fill*         0x08004bec        0x4 
 .text.PendSV_Handler
                0x08004bf0       0x48 build/port.o
                0x08004bf0                PendSV_Handler
 .text.xPortSysTickHandler
                0x08004c38       0x44 build/port.o
                0x08004c38                xPortSysTickHandler
 .text.vPortSetupTimerInterrupt
                0x08004c7c       0x44 build/port.o
                0x08004c7c                vPortSetupTimerInterrupt
 .text.vPortValidateInterruptPriority
                0x08004cc0       0x70 build/port.o
                0x08004cc0                vPortValidateInterruptPriority
 .text.pvPortMalloc
                0x08004d30      0x170 build/heap_4.o
                0x08004d30                pvPortMalloc
 .text.vPortFree
                0x08004ea0       0xa8 build/heap_4.o
                0x08004ea0                vPortFree
 .text.prvHeapInit
                0x08004f48       0xc4 build/heap_4.o
 .text.prvInsertBlockIntoFreeList
                0x0800500c       0xb0 build/heap_4.o
 .text.Reset_Handler
                0x080050bc       0x44 build/startup_stm32f10x_hd.o
                0x080050bc                Reset_Handler
 .text.Default_Handler
                0x08005100        0x2 build/startup_stm32f10x_hd.o
                0x08005100                EXTI2_IRQHandler
                0x08005100                TIM8_TRG_COM_IRQHandler
                0x08005100                TIM8_CC_IRQHandler
                0x08005100                TIM1_CC_IRQHandler
                0x08005100                TIM6_IRQHandler
                0x08005100                PVD_IRQHandler
                0x08005100                SDIO_IRQHandler
                0x08005100                EXTI3_IRQHandler
                0x08005100                EXTI0_IRQHandler
                0x08005100                I2C2_EV_IRQHandler
                0x08005100                ADC1_2_IRQHandler
                0x08005100                SPI1_IRQHandler
                0x08005100                TAMPER_IRQHandler
                0x08005100                TIM8_UP_IRQHandler
                0x08005100                DMA2_Channel2_IRQHandler
                0x08005100                DMA1_Channel4_IRQHandler
                0x08005100                USART3_IRQHandler
                0x08005100                RTC_IRQHandler
                0x08005100                DMA1_Channel7_IRQHandler
                0x08005100                CAN1_RX1_IRQHandler
                0x08005100                UART5_IRQHandler
                0x08005100                ADC3_IRQHandler
                0x08005100                TIM4_IRQHandler
                0x08005100                DMA2_Channel1_IRQHandler
                0x08005100                I2C1_EV_IRQHandler
                0x08005100                DMA1_Channel6_IRQHandler
                0x08005100                UART4_IRQHandler
                0x08005100                RCC_IRQHandler
                0x08005100                TIM1_TRG_COM_IRQHandler
                0x08005100                DMA1_Channel1_IRQHandler
                0x08005100                Default_Handler
                0x08005100                EXTI15_10_IRQHandler
                0x08005100                TIM7_IRQHandler
                0x08005100                EXTI9_5_IRQHandler
                0x08005100                SPI2_IRQHandler
                0x08005100                DMA1_Channel5_IRQHandler
                0x08005100                EXTI4_IRQHandler
                0x08005100                USB_LP_CAN1_RX0_IRQHandler
                0x08005100                USB_HP_CAN1_TX_IRQHandler
                0x08005100                DMA1_Channel3_IRQHandler
                0x08005100                FSMC_IRQHandler
                0x08005100                TIM1_UP_IRQHandler
                0x08005100                WWDG_IRQHandler
                0x08005100                TIM2_IRQHandler
                0x08005100                TIM1_BRK_IRQHandler
                0x08005100                EXTI1_IRQHandler
                0x08005100                RTCAlarm_IRQHandler
                0x08005100                DMA2_Channel4_5_IRQHandler
                0x08005100                I2C2_ER_IRQHandler
                0x08005100                DMA1_Channel2_IRQHandler
                0x08005100                TIM8_BRK_IRQHandler
                0x08005100                CAN1_SCE_IRQHandler
                0x08005100                FLASH_IRQHandler
                0x08005100                SPI3_IRQHandler
                0x08005100                I2C1_ER_IRQHandler
                0x08005100                USBWakeUp_IRQHandler
                0x08005100                DMA2_Channel3_IRQHandler
 *fill*         0x08005102        0x2 
 .text.malloc   0x08005104       0x10 c:/program files (x86)/arm gnu toolchain arm-none-eabi/12.2 mpacbti-rel1/bin/../lib/gcc/arm-none-eabi/12.2.1/thumb/v7-m/nofp\libc_nano.a(libc_a-malloc.o)
                0x08005104                malloc
 .text.free     0x08005114       0x10 c:/program files (x86)/arm gnu toolchain arm-none-eabi/12.2 mpacbti-rel1/bin/../lib/gcc/arm-none-eabi/12.2.1/thumb/v7-m/nofp\libc_nano.a(libc_a-malloc.o)
                0x08005114                free
 .text.sbrk_aligned
                0x08005124       0x44 c:/program files (x86)/arm gnu toolchain arm-none-eabi/12.2 mpacbti-rel1/bin/../lib/gcc/arm-none-eabi/12.2.1/thumb/v7-m/nofp\libc_nano.a(libc_a-mallocr.o)
 .text._malloc_r
                0x08005168      0x100 c:/program files (x86)/arm gnu toolchain arm-none-eabi/12.2 mpacbti-rel1/bin/../lib/gcc/arm-none-eabi/12.2.1/thumb/v7-m/nofp\libc_nano.a(libc_a-mallocr.o)
                0x08005168                _malloc_r
 .text.__malloc_lock
                0x08005268        0xc c:/program files (x86)/arm gnu toolchain arm-none-eabi/12.2 mpacbti-rel1/bin/../lib/gcc/arm-none-eabi/12.2.1/thumb/v7-m/nofp\libc_nano.a(libc_a-mlock.o)
                0x08005268                __malloc_lock
 .text.__malloc_unlock
                0x08005274        0xc c:/program files (x86)/arm gnu toolchain arm-none-eabi/12.2 mpacbti-rel1/bin/../lib/gcc/arm-none-eabi/12.2.1/thumb/v7-m/nofp\libc_nano.a(libc_a-mlock.o)
                0x08005274                __malloc_unlock
 .text.std      0x08005280       0x6c c:/program files (x86)/arm gnu toolchain arm-none-eabi/12.2 mpacbti-rel1/bin/../lib/gcc/arm-none-eabi/12.2.1/thumb/v7-m/nofp\libc_nano.a(libc_a-findfp.o)
 .text.stdio_exit_handler
                0x080052ec       0x18 c:/program files (x86)/arm gnu toolchain arm-none-eabi/12.2 mpacbti-rel1/bin/../lib/gcc/arm-none-eabi/12.2.1/thumb/v7-m/nofp\libc_nano.a(libc_a-findfp.o)
 .text.cleanup_stdio
                0x08005304       0x40 c:/program files (x86)/arm gnu toolchain arm-none-eabi/12.2 mpacbti-rel1/bin/../lib/gcc/arm-none-eabi/12.2.1/thumb/v7-m/nofp\libc_nano.a(libc_a-findfp.o)
 .text.global_stdio_init.part.0
                0x08005344       0x3c c:/program files (x86)/arm gnu toolchain arm-none-eabi/12.2 mpacbti-rel1/bin/../lib/gcc/arm-none-eabi/12.2.1/thumb/v7-m/nofp\libc_nano.a(libc_a-findfp.o)
 .text.__sfp_lock_acquire
                0x08005380        0xc c:/program files (x86)/arm gnu toolchain arm-none-eabi/12.2 mpacbti-rel1/bin/../lib/gcc/arm-none-eabi/12.2.1/thumb/v7-m/nofp\libc_nano.a(libc_a-findfp.o)
                0x08005380                __sfp_lock_acquire
 .text.__sfp_lock_release
                0x0800538c        0xc c:/program files (x86)/arm gnu toolchain arm-none-eabi/12.2 mpacbti-rel1/bin/../lib/gcc/arm-none-eabi/12.2.1/thumb/v7-m/nofp\libc_nano.a(libc_a-findfp.o)
                0x0800538c                __sfp_lock_release
 .text.__sinit  0x08005398       0x30 c:/program files (x86)/arm gnu toolchain arm-none-eabi/12.2 mpacbti-rel1/bin/../lib/gcc/arm-none-eabi/12.2.1/thumb/v7-m/nofp\libc_nano.a(libc_a-findfp.o)
                0x08005398                __sinit
 .text._fwalk_sglue
                0x080053c8       0x3c c:/program files (x86)/arm gnu toolchain arm-none-eabi/12.2 mpacbti-rel1/bin/../lib/gcc/arm-none-eabi/12.2.1/thumb/v7-m/nofp\libc_nano.a(libc_a-fwalk.o)
                0x080053c8                _fwalk_sglue
 .text.printf   0x08005404       0x24 c:/program files (x86)/arm gnu toolchain arm-none-eabi/12.2 mpacbti-rel1/bin/../lib/gcc/arm-none-eabi/12.2.1/thumb/v7-m/nofp\libc_nano.a(libc_a-printf.o)
                0x08005404                iprintf
                0x08005404                printf
 .text._puts_r  0x08005428       0xaa c:/program files (x86)/arm gnu toolchain arm-none-eabi/12.2 mpacbti-rel1/bin/../lib/gcc/arm-none-eabi/12.2.1/thumb/v7-m/nofp\libc_nano.a(libc_a-puts.o)
                0x08005428                _puts_r
 *fill*         0x080054d2        0x2 
 .text.puts     0x080054d4       0x10 c:/program files (x86)/arm gnu toolchain arm-none-eabi/12.2 mpacbti-rel1/bin/../lib/gcc/arm-none-eabi/12.2.1/thumb/v7-m/nofp\libc_nano.a(libc_a-puts.o)
                0x080054d4                puts
 .text.__sread  0x080054e4       0x22 c:/program files (x86)/arm gnu toolchain arm-none-eabi/12.2 mpacbti-rel1/bin/../lib/gcc/arm-none-eabi/12.2.1/thumb/v7-m/nofp\libc_nano.a(libc_a-stdio.o)
                0x080054e4                __sread
 .text.__swrite
                0x08005506       0x38 c:/program files (x86)/arm gnu toolchain arm-none-eabi/12.2 mpacbti-rel1/bin/../lib/gcc/arm-none-eabi/12.2.1/thumb/v7-m/nofp\libc_nano.a(libc_a-stdio.o)
                0x08005506                __swrite
 .text.__sseek  0x0800553e       0x24 c:/program files (x86)/arm gnu toolchain arm-none-eabi/12.2 mpacbti-rel1/bin/../lib/gcc/arm-none-eabi/12.2.1/thumb/v7-m/nofp\libc_nano.a(libc_a-stdio.o)
                0x0800553e                __sseek
 .text.__sclose
                0x08005562        0x8 c:/program files (x86)/arm gnu toolchain arm-none-eabi/12.2 mpacbti-rel1/bin/../lib/gcc/arm-none-eabi/12.2.1/thumb/v7-m/nofp\libc_nano.a(libc_a-stdio.o)
                0x08005562                __sclose
 .text.__swbuf_r
                0x0800556a       0x7c c:/program files (x86)/arm gnu toolchain arm-none-eabi/12.2 mpacbti-rel1/bin/../lib/gcc/arm-none-eabi/12.2.1/thumb/v7-m/nofp\libc_nano.a(libc_a-wbuf.o)
                0x0800556a                __swbuf_r
 *fill*         0x080055e6        0x2 
 .text.__swsetup_r
                0x080055e8       0xac c:/program files (x86)/arm gnu toolchain arm-none-eabi/12.2 mpacbti-rel1/bin/../lib/gcc/arm-none-eabi/12.2.1/thumb/v7-m/nofp\libc_nano.a(libc_a-wsetup.o)
                0x080055e8                __swsetup_r
 .text.memset   0x08005694       0x10 c:/program files (x86)/arm gnu toolchain arm-none-eabi/12.2 mpacbti-rel1/bin/../lib/gcc/arm-none-eabi/12.2.1/thumb/v7-m/nofp\libc_nano.a(libc_a-memset.o)
                0x08005694                memset
 .text._close_r
                0x080056a4       0x20 c:/program files (x86)/arm gnu toolchain arm-none-eabi/12.2 mpacbti-rel1/bin/../lib/gcc/arm-none-eabi/12.2.1/thumb/v7-m/nofp\libc_nano.a(libc_a-closer.o)
                0x080056a4                _close_r
 .text._lseek_r
                0x080056c4       0x24 c:/program files (x86)/arm gnu toolchain arm-none-eabi/12.2 mpacbti-rel1/bin/../lib/gcc/arm-none-eabi/12.2.1/thumb/v7-m/nofp\libc_nano.a(libc_a-lseekr.o)
                0x080056c4                _lseek_r
 .text._read_r  0x080056e8       0x24 c:/program files (x86)/arm gnu toolchain arm-none-eabi/12.2 mpacbti-rel1/bin/../lib/gcc/arm-none-eabi/12.2.1/thumb/v7-m/nofp\libc_nano.a(libc_a-readr.o)
                0x080056e8                _read_r
 .text._sbrk_r  0x0800570c       0x20 c:/program files (x86)/arm gnu toolchain arm-none-eabi/12.2 mpacbti-rel1/bin/../lib/gcc/arm-none-eabi/12.2.1/thumb/v7-m/nofp\libc_nano.a(libc_a-sbrkr.o)
                0x0800570c                _sbrk_r
 .text._write_r
                0x0800572c       0x24 c:/program files (x86)/arm gnu toolchain arm-none-eabi/12.2 mpacbti-rel1/bin/../lib/gcc/arm-none-eabi/12.2.1/thumb/v7-m/nofp\libc_nano.a(libc_a-writer.o)
                0x0800572c                _write_r
 .text.__errno  0x08005750        0xc c:/program files (x86)/arm gnu toolchain arm-none-eabi/12.2 mpacbti-rel1/bin/../lib/gcc/arm-none-eabi/12.2.1/thumb/v7-m/nofp\libc_nano.a(libc_a-errno.o)
                0x08005750                __errno
 .text.__retarget_lock_init_recursive
                0x0800575c        0x2 c:/program files (x86)/arm gnu toolchain arm-none-eabi/12.2 mpacbti-rel1/bin/../lib/gcc/arm-none-eabi/12.2.1/thumb/v7-m/nofp\libc_nano.a(libc_a-lock.o)
                0x0800575c                __retarget_lock_init_recursive
 .text.__retarget_lock_acquire_recursive
                0x0800575e        0x2 c:/program files (x86)/arm gnu toolchain arm-none-eabi/12.2 mpacbti-rel1/bin/../lib/gcc/arm-none-eabi/12.2.1/thumb/v7-m/nofp\libc_nano.a(libc_a-lock.o)
                0x0800575e                __retarget_lock_acquire_recursive
 .text.__retarget_lock_release_recursive
                0x08005760        0x2 c:/program files (x86)/arm gnu toolchain arm-none-eabi/12.2 mpacbti-rel1/bin/../lib/gcc/arm-none-eabi/12.2.1/thumb/v7-m/nofp\libc_nano.a(libc_a-lock.o)
                0x08005760                __retarget_lock_release_recursive
 .text.memcpy   0x08005762       0x1c c:/program files (x86)/arm gnu toolchain arm-none-eabi/12.2 mpacbti-rel1/bin/../lib/gcc/arm-none-eabi/12.2.1/thumb/v7-m/nofp\libc_nano.a(libc_a-memcpy-stub.o)
                0x08005762                memcpy
 *fill*         0x0800577e        0x2 
 .text._free_r  0x08005780       0x90 c:/program files (x86)/arm gnu toolchain arm-none-eabi/12.2 mpacbti-rel1/bin/../lib/gcc/arm-none-eabi/12.2.1/thumb/v7-m/nofp\libc_nano.a(libc_a-freer.o)
                0x08005780                _free_r
 .text.__sfputc_r
                0x08005810       0x2a c:/program files (x86)/arm gnu toolchain arm-none-eabi/12.2 mpacbti-rel1/bin/../lib/gcc/arm-none-eabi/12.2.1/thumb/v7-m/nofp\libc_nano.a(libc_a-nano-vfprintf.o)
 .text.__sfputs_r
                0x0800583a       0x24 c:/program files (x86)/arm gnu toolchain arm-none-eabi/12.2 mpacbti-rel1/bin/../lib/gcc/arm-none-eabi/12.2.1/thumb/v7-m/nofp\libc_nano.a(libc_a-nano-vfprintf.o)
                0x0800583a                __sfputs_r
 *fill*         0x0800585e        0x2 
 .text._vfprintf_r
                0x08005860      0x230 c:/program files (x86)/arm gnu toolchain arm-none-eabi/12.2 mpacbti-rel1/bin/../lib/gcc/arm-none-eabi/12.2.1/thumb/v7-m/nofp\libc_nano.a(libc_a-nano-vfprintf.o)
                0x08005860                _vfprintf_r
                0x08005860                _vfiprintf_r
 .text._printf_common
                0x08005a90       0xe4 c:/program files (x86)/arm gnu toolchain arm-none-eabi/12.2 mpacbti-rel1/bin/../lib/gcc/arm-none-eabi/12.2.1/thumb/v7-m/nofp\libc_nano.a(libc_a-nano-vfprintf_i.o)
                0x08005a90                _printf_common
 .text._printf_i
                0x08005b74      0x258 c:/program files (x86)/arm gnu toolchain arm-none-eabi/12.2 mpacbti-rel1/bin/../lib/gcc/arm-none-eabi/12.2.1/thumb/v7-m/nofp\libc_nano.a(libc_a-nano-vfprintf_i.o)
                0x08005b74                _printf_i
 .text.__sflush_r
                0x08005dcc      0x100 c:/program files (x86)/arm gnu toolchain arm-none-eabi/12.2 mpacbti-rel1/bin/../lib/gcc/arm-none-eabi/12.2.1/thumb/v7-m/nofp\libc_nano.a(libc_a-fflush.o)
                0x08005dcc                __sflush_r
 .text._fflush_r
                0x08005ecc       0x50 c:/program files (x86)/arm gnu toolchain arm-none-eabi/12.2 mpacbti-rel1/bin/../lib/gcc/arm-none-eabi/12.2.1/thumb/v7-m/nofp\libc_nano.a(libc_a-fflush.o)
                0x08005ecc                _fflush_r
 .text.__swhatbuf_r
                0x08005f1c       0x4a c:/program files (x86)/arm gnu toolchain arm-none-eabi/12.2 mpacbti-rel1/bin/../lib/gcc/arm-none-eabi/12.2.1/thumb/v7-m/nofp\libc_nano.a(libc_a-makebuf.o)
                0x08005f1c                __swhatbuf_r
 .text.__smakebuf_r
                0x08005f66       0x78 c:/program files (x86)/arm gnu toolchain arm-none-eabi/12.2 mpacbti-rel1/bin/../lib/gcc/arm-none-eabi/12.2.1/thumb/v7-m/nofp\libc_nano.a(libc_a-makebuf.o)
                0x08005f66                __smakebuf_r
 *fill*         0x08005fde        0x2 
 .text._fstat_r
                0x08005fe0       0x24 c:/program files (x86)/arm gnu toolchain arm-none-eabi/12.2 mpacbti-rel1/bin/../lib/gcc/arm-none-eabi/12.2.1/thumb/v7-m/nofp\libc_nano.a(libc_a-fstatr.o)
                0x08005fe0                _fstat_r
 .text._isatty_r
                0x08006004       0x20 c:/program files (x86)/arm gnu toolchain arm-none-eabi/12.2 mpacbti-rel1/bin/../lib/gcc/arm-none-eabi/12.2.1/thumb/v7-m/nofp\libc_nano.a(libc_a-isattyr.o)
                0x08006004                _isatty_r
 .text.memchr   0x08006024       0x1c c:/program files (x86)/arm gnu toolchain arm-none-eabi/12.2 mpacbti-rel1/bin/../lib/gcc/arm-none-eabi/12.2.1/thumb/v7-m/nofp\libc_nano.a(libc_a-memchr-stub.o)
                0x08006024                memchr
 .text.pow      0x08006040       0xdc c:/program files (x86)/arm gnu toolchain arm-none-eabi/12.2 mpacbti-rel1/bin/../lib/gcc/arm-none-eabi/12.2.1/thumb/v7-m/nofp\libm.a(libm_a-w_pow.o)
                0x08006040                pow
 .text.finite   0x0800611c        0xc c:/program files (x86)/arm gnu toolchain arm-none-eabi/12.2 mpacbti-rel1/bin/../lib/gcc/arm-none-eabi/12.2.1/thumb/v7-m/nofp\libm.a(libm_a-s_finite.o)
                0x0800611c                finite
 .text.__ieee754_pow
                0x08006128      0xb4c c:/program files (x86)/arm gnu toolchain arm-none-eabi/12.2 mpacbti-rel1/bin/../lib/gcc/arm-none-eabi/12.2.1/thumb/v7-m/nofp\libm.a(libm_a-e_pow.o)
                0x08006128                __ieee754_pow
 .text.fabs     0x08006c74        0x8 c:/program files (x86)/arm gnu toolchain arm-none-eabi/12.2 mpacbti-rel1/bin/../lib/gcc/arm-none-eabi/12.2.1/thumb/v7-m/nofp\libm.a(libm_a-s_fabs.o)
                0x08006c74                fabs
 *fill*         0x08006c7c        0x4 
 .text.scalbn   0x08006c80      0x104 c:/program files (x86)/arm gnu toolchain arm-none-eabi/12.2 mpacbti-rel1/bin/../lib/gcc/arm-none-eabi/12.2.1/thumb/v7-m/nofp\libm.a(libm_a-s_scalbn.o)
                0x08006c80                scalbn
 .text.with_errno
                0x08006d84       0x18 c:/program files (x86)/arm gnu toolchain arm-none-eabi/12.2 mpacbti-rel1/bin/../lib/gcc/arm-none-eabi/12.2.1/thumb/v7-m/nofp\libm.a(libm_a-math_err.o)
 .text.xflow    0x08006d9c       0x28 c:/program files (x86)/arm gnu toolchain arm-none-eabi/12.2 mpacbti-rel1/bin/../lib/gcc/arm-none-eabi/12.2.1/thumb/v7-m/nofp\libm.a(libm_a-math_err.o)
 .text.__math_uflow
                0x08006dc4        0xc c:/program files (x86)/arm gnu toolchain arm-none-eabi/12.2 mpacbti-rel1/bin/../lib/gcc/arm-none-eabi/12.2.1/thumb/v7-m/nofp\libm.a(libm_a-math_err.o)
                0x08006dc4                __math_uflow
 .text.__math_oflow
                0x08006dd0        0xc c:/program files (x86)/arm gnu toolchain arm-none-eabi/12.2 mpacbti-rel1/bin/../lib/gcc/arm-none-eabi/12.2.1/thumb/v7-m/nofp\libm.a(libm_a-math_err.o)
                0x08006dd0                __math_oflow
 .text.__ieee754_sqrt
                0x08006ddc      0x1dc c:/program files (x86)/arm gnu toolchain arm-none-eabi/12.2 mpacbti-rel1/bin/../lib/gcc/arm-none-eabi/12.2.1/thumb/v7-m/nofp\libm.a(libm_a-e_sqrt.o)
                0x08006ddc                __ieee754_sqrt
 .text._sbrk    0x08006fb8       0x1c c:/program files (x86)/arm gnu toolchain arm-none-eabi/12.2 mpacbti-rel1/bin/../lib/gcc/arm-none-eabi/12.2.1/thumb/v7-m/nofp\libnosys.a(sbrk.o)
                0x08006fb8                _sbrk
 *(.glue_7)
 .glue_7        0x08006fd4        0x0 linker stubs
 *(.glue_7t)
 .glue_7t       0x08006fd4        0x0 linker stubs
 *(.eh_frame)
 .eh_frame      0x08006fd4        0x0 c:/program files (x86)/arm gnu toolchain arm-none-eabi/12.2 mpacbti-rel1/bin/../lib/gcc/arm-none-eabi/12.2.1/thumb/v7-m/nofp/crtbegin.o
 *(.init)
 .init          0x08006fd4        0x4 c:/program files (x86)/arm gnu toolchain arm-none-eabi/12.2 mpacbti-rel1/bin/../lib/gcc/arm-none-eabi/12.2.1/thumb/v7-m/nofp/crti.o
                0x08006fd4                _init
 .init          0x08006fd8        0x8 c:/program files (x86)/arm gnu toolchain arm-none-eabi/12.2 mpacbti-rel1/bin/../lib/gcc/arm-none-eabi/12.2.1/thumb/v7-m/nofp/crtn.o
 *(.fini)
 .fini          0x08006fe0        0x4 c:/program files (x86)/arm gnu toolchain arm-none-eabi/12.2 mpacbti-rel1/bin/../lib/gcc/arm-none-eabi/12.2.1/thumb/v7-m/nofp/crti.o
                0x08006fe0                _fini
 .fini          0x08006fe4        0x8 c:/program files (x86)/arm gnu toolchain arm-none-eabi/12.2 mpacbti-rel1/bin/../lib/gcc/arm-none-eabi/12.2.1/thumb/v7-m/nofp/crtn.o
                0x08006fec                        . = ALIGN (0x4)
                0x08006fec                        _etext = .

.vfp11_veneer   0x08006fec        0x0
 .vfp11_veneer  0x08006fec        0x0 linker stubs

.v4_bx          0x08006fec        0x0
 .v4_bx         0x08006fec        0x0 linker stubs

.iplt           0x08006fec        0x0
 .iplt          0x08006fec        0x0 c:/program files (x86)/arm gnu toolchain arm-none-eabi/12.2 mpacbti-rel1/bin/../lib/gcc/arm-none-eabi/12.2.1/thumb/v7-m/nofp/crtbegin.o

.rodata         0x08006fec      0x4d8
                0x08006fec                        . = ALIGN (0x4)
 *(.rodata)
 .rodata        0x08006fec      0x101 build/device_uart_screen.o
 *fill*         0x080070ed        0x3 
 .rodata        0x080070f0       0x25 build/timer.o
 *fill*         0x08007115        0x3 
 .rodata        0x08007118        0xb build/main.o
 *fill*         0x08007123        0x1 
 .rodata        0x08007124       0xab build/app_therapy.o
 *fill*         0x080071cf        0x1 
 .rodata        0x080071d0       0x91 build/app_ui.o
 *fill*         0x08007261        0x3 
 .rodata        0x08007264       0x22 build/queue.o
 *fill*         0x08007286        0x2 
 .rodata        0x08007288       0x3b build/tasks.o
 *fill*         0x080072c3        0x1 
 .rodata        0x080072c4       0x31 build/timers.o
 *fill*         0x080072f5        0x3 
 .rodata        0x080072f8       0x40 build/app_task_define.o
 .rodata        0x08007338       0x4c build/common_def.o
 .rodata        0x08007384       0xa0 build/device_manager.o
 .rodata        0x08007424       0x36 build/port.o
 *fill*         0x0800745a        0x2 
 .rodata        0x0800745c       0x32 build/heap_4.o
 *(.rodata*)
 .rodata._vfprintf_r.str1.1
                0x0800748e       0x11 c:/program files (x86)/arm gnu toolchain arm-none-eabi/12.2 mpacbti-rel1/bin/../lib/gcc/arm-none-eabi/12.2.1/thumb/v7-m/nofp\libc_nano.a(libc_a-nano-vfprintf.o)
 .rodata._printf_i.str1.1
                0x0800749f       0x22 c:/program files (x86)/arm gnu toolchain arm-none-eabi/12.2 mpacbti-rel1/bin/../lib/gcc/arm-none-eabi/12.2.1/thumb/v7-m/nofp\libc_nano.a(libc_a-nano-vfprintf_i.o)
                0x080074c4                        . = ALIGN (0x4)
 *fill*         0x080074c1        0x3 

.ARM.extab
 *(.ARM.extab* .gnu.linkonce.armextab.*)

.ARM            0x080074c4        0x8
                0x080074c4                        __exidx_start = .
 *(.ARM.exidx*)
 .ARM.exidx     0x080074c4        0x8 c:/program files (x86)/arm gnu toolchain arm-none-eabi/12.2 mpacbti-rel1/bin/../lib/gcc/arm-none-eabi/12.2.1/thumb/v7-m/nofp\libc_nano.a(libc_a-strlen.o)
                0x080074cc                        __exidx_end = .

.rel.dyn        0x080074cc        0x0
 .rel.iplt      0x080074cc        0x0 c:/program files (x86)/arm gnu toolchain arm-none-eabi/12.2 mpacbti-rel1/bin/../lib/gcc/arm-none-eabi/12.2.1/thumb/v7-m/nofp/crtbegin.o

.preinit_array  0x080074cc        0x0
                0x080074cc                        PROVIDE (__preinit_array_start = .)
 *(.preinit_array*)
                0x080074cc                        PROVIDE (__preinit_array_end = .)

.init_array     0x080074cc        0x4
                0x080074cc                        PROVIDE (__init_array_start = .)
 *(SORT_BY_NAME(.init_array.*))
 *(.init_array*)
 .init_array    0x080074cc        0x4 c:/program files (x86)/arm gnu toolchain arm-none-eabi/12.2 mpacbti-rel1/bin/../lib/gcc/arm-none-eabi/12.2.1/thumb/v7-m/nofp/crtbegin.o
                0x080074d0                        PROVIDE (__init_array_end = .)

.fini_array     0x080074d0        0x4
                [!provide]                        PROVIDE (__fini_array_start = .)
 *(SORT_BY_NAME(.fini_array.*))
 *(.fini_array*)
 .fini_array    0x080074d0        0x4 c:/program files (x86)/arm gnu toolchain arm-none-eabi/12.2 mpacbti-rel1/bin/../lib/gcc/arm-none-eabi/12.2.1/thumb/v7-m/nofp/crtbegin.o
                [!provide]                        PROVIDE (__fini_array_end = .)
                0x080074d4                        _sidata = LOADADDR (.data)

.data           0x20000000      0x164 load address 0x080074d4
                0x20000000                        . = ALIGN (0x4)
                0x20000000                        _sdata = .
 *(.data)
 *(.data*)
 .data.SystemCoreClock
                0x20000000        0x4 build/system_stm32f10x.o
                0x20000000                SystemCoreClock
 .data.APBAHBPrescTable
                0x20000004       0x10 build/stm32f10x_rcc.o
 .data.ADCPrescTable
                0x20000014        0x4 build/stm32f10x_rcc.o
 .data.g_dgusData
                0x20000018        0x8 build/device_uart_screen.o
 .data.g_codeUpdateData
                0x20000020        0x8 build/device_uart_screen.o
 .data.g_fops   0x20000028       0x10 build/device_uart_screen.o
 .data.g_deviceDGUS
                0x20000038       0x18 build/device_uart_screen.o
 .data.g_TherapyFops
                0x20000050       0x10 build/app_therapy.o
 .data.g_appTherapy
                0x20000060       0x18 build/app_therapy.o
 .data.g_uiFops
                0x20000078       0x10 build/app_ui.o
 .data.g_appUi  0x20000088       0x18 build/app_ui.o
 .data.g_appDefine
                0x200000a0       0x48 build/app_task_define.o
                0x200000a0                g_appDefine
 .data.uxCriticalNesting
                0x200000e8        0x4 build/port.o
 .data.__sglue  0x200000ec        0xc c:/program files (x86)/arm gnu toolchain arm-none-eabi/12.2 mpacbti-rel1/bin/../lib/gcc/arm-none-eabi/12.2.1/thumb/v7-m/nofp\libc_nano.a(libc_a-findfp.o)
                0x200000ec                __sglue
 .data._impure_ptr
                0x200000f8        0x4 c:/program files (x86)/arm gnu toolchain arm-none-eabi/12.2 mpacbti-rel1/bin/../lib/gcc/arm-none-eabi/12.2.1/thumb/v7-m/nofp\libc_nano.a(libc_a-impure.o)
                0x200000f8                _impure_ptr
 .data._impure_data
                0x200000fc       0x4c c:/program files (x86)/arm gnu toolchain arm-none-eabi/12.2 mpacbti-rel1/bin/../lib/gcc/arm-none-eabi/12.2.1/thumb/v7-m/nofp\libc_nano.a(libc_a-impure.o)
                0x200000fc                _impure_data
 .data.tiny     0x20000148        0x8 c:/program files (x86)/arm gnu toolchain arm-none-eabi/12.2 mpacbti-rel1/bin/../lib/gcc/arm-none-eabi/12.2.1/thumb/v7-m/nofp\libm.a(libm_a-e_sqrt.o)
 .data.one      0x20000150        0x8 c:/program files (x86)/arm gnu toolchain arm-none-eabi/12.2 mpacbti-rel1/bin/../lib/gcc/arm-none-eabi/12.2.1/thumb/v7-m/nofp\libm.a(libm_a-e_sqrt.o)
                0x20000158                        . = ALIGN (0x4)
                0x20000158                        __initcall_start = .
 *(SORT_BY_NAME(.initcall))
 .initcall      0x20000158        0x4 build/device_uart_screen.o
 .initcall      0x2000015c        0x4 build/app_therapy.o
 .initcall      0x20000160        0x4 build/app_ui.o
                0x20000164                        __initcall_end = .
                0x20000164                        . = ALIGN (0x4)
                0x20000164                        _edata = .

.tm_clone_table
                0x20000164        0x0 load address 0x08007638
 .tm_clone_table
                0x20000164        0x0 c:/program files (x86)/arm gnu toolchain arm-none-eabi/12.2 mpacbti-rel1/bin/../lib/gcc/arm-none-eabi/12.2.1/thumb/v7-m/nofp/crtbegin.o
 .tm_clone_table
                0x20000164        0x0 c:/program files (x86)/arm gnu toolchain arm-none-eabi/12.2 mpacbti-rel1/bin/../lib/gcc/arm-none-eabi/12.2.1/thumb/v7-m/nofp/crtend.o

.igot.plt       0x20000164        0x0 load address 0x08007638
 .igot.plt      0x20000164        0x0 c:/program files (x86)/arm gnu toolchain arm-none-eabi/12.2 mpacbti-rel1/bin/../lib/gcc/arm-none-eabi/12.2.1/thumb/v7-m/nofp/crtbegin.o
                0x20000164                        . = ALIGN (0x4)

.bss            0x20000164     0x5688 load address 0x08007638
                0x20000164                        _sbss = .
                0x20000164                        __bss_start__ = _sbss
 *(.bss)
 *(.bss*)
 .bss.completed.1
                0x20000164        0x1 c:/program files (x86)/arm gnu toolchain arm-none-eabi/12.2 mpacbti-rel1/bin/../lib/gcc/arm-none-eabi/12.2.1/thumb/v7-m/nofp/crtbegin.o
 *fill*         0x20000165        0x3 
 .bss.object.0  0x20000168       0x18 c:/program files (x86)/arm gnu toolchain arm-none-eabi/12.2 mpacbti-rel1/bin/../lib/gcc/arm-none-eabi/12.2.1/thumb/v7-m/nofp/crtbegin.o
 .bss.g_uartScreenData
                0x20000180       0x44 build/device_uart_screen.o
 .bss.g_codeUpdate
                0x200001c4       0x10 build/device_uart_screen.o
 .bss.StartTask_Handler
                0x200001d4        0x4 build/main.o
                0x200001d4                StartTask_Handler
 .bss.g_therapyData
                0x200001d8        0xa build/app_therapy.o
 *fill*         0x200001e2        0x2 
 .bss.pTherapyTCB.0
                0x200001e4        0x4 build/app_therapy.o
 .bss.g_uiData  0x200001e8        0xa build/app_ui.o
 *fill*         0x200001f2        0x2 
 .bss.pUiTCB.0  0x200001f4        0x4 build/app_ui.o
 .bss.xQueueRegistry
                0x200001f8       0x40 build/queue.o
                0x200001f8                xQueueRegistry
 .bss.pxCurrentTCB
                0x20000238        0x4 build/tasks.o
                0x20000238                pxCurrentTCB
 .bss.pxReadyTasksLists
                0x2000023c      0x280 build/tasks.o
 .bss.xDelayedTaskList1
                0x200004bc       0x14 build/tasks.o
 .bss.xDelayedTaskList2
                0x200004d0       0x14 build/tasks.o
 .bss.pxDelayedTaskList
                0x200004e4        0x4 build/tasks.o
 .bss.pxOverflowDelayedTaskList
                0x200004e8        0x4 build/tasks.o
 .bss.xPendingReadyList
                0x200004ec       0x14 build/tasks.o
 .bss.xTasksWaitingTermination
                0x20000500       0x14 build/tasks.o
 .bss.uxDeletedTasksWaitingCleanUp
                0x20000514        0x4 build/tasks.o
 .bss.xSuspendedTaskList
                0x20000518       0x14 build/tasks.o
 .bss.uxCurrentNumberOfTasks
                0x2000052c        0x4 build/tasks.o
 .bss.xTickCount
                0x20000530        0x4 build/tasks.o
 .bss.uxTopReadyPriority
                0x20000534        0x4 build/tasks.o
 .bss.xSchedulerRunning
                0x20000538        0x4 build/tasks.o
 .bss.uxPendedTicks
                0x2000053c        0x4 build/tasks.o
 .bss.xYieldPending
                0x20000540        0x4 build/tasks.o
 .bss.xNumOfOverflows
                0x20000544        0x4 build/tasks.o
 .bss.uxTaskNumber
                0x20000548        0x4 build/tasks.o
 .bss.xNextTaskUnblockTime
                0x2000054c        0x4 build/tasks.o
 .bss.xIdleTaskHandle
                0x20000550        0x4 build/tasks.o
 .bss.uxSchedulerSuspended
                0x20000554        0x4 build/tasks.o
 .bss.xActiveTimerList1
                0x20000558       0x14 build/timers.o
 .bss.xActiveTimerList2
                0x2000056c       0x14 build/timers.o
 .bss.pxCurrentTimerList
                0x20000580        0x4 build/timers.o
 .bss.pxOverflowTimerList
                0x20000584        0x4 build/timers.o
 .bss.xTimerQueue
                0x20000588        0x4 build/timers.o
 .bss.xTimerTaskHandle
                0x2000058c        0x4 build/timers.o
 .bss.xLastTime.0
                0x20000590        0x4 build/timers.o
 .bss.g_appInfo
                0x20000594        0x8 build/app_manager.o
 .bss.g_deviceInfo
                0x2000059c        0x4 build/device_manager.o
 .bss.g_devSetInterval
                0x200005a0        0xc build/device_manager.o
                0x200005a0                g_devSetInterval
 .bss.g_setIntervalTimerHandle
                0x200005ac        0x4 build/device_manager.o
 .bss.fac_us    0x200005b0        0x1 build/delay.o
 *fill*         0x200005b1        0x1 
 .bss.fac_ms    0x200005b2        0x2 build/delay.o
 .bss.USART_RX_BUF
                0x200005b4       0xc8 build/usart.o
                0x200005b4                USART_RX_BUF
 .bss.USART_RX_STA
                0x2000067c        0x2 build/usart.o
                0x2000067c                USART_RX_STA
 .bss.ucMaxSysCallPriority
                0x2000067e        0x1 build/port.o
 *fill*         0x2000067f        0x1 
 .bss.ulMaxPRIGROUPValue
                0x20000680        0x4 build/port.o
 .bss.ucHeap    0x20000684     0x5000 build/heap_4.o
 .bss.xStart    0x20005684        0x8 build/heap_4.o
 .bss.pxEnd     0x2000568c        0x4 build/heap_4.o
 .bss.xFreeBytesRemaining
                0x20005690        0x4 build/heap_4.o
 .bss.xMinimumEverFreeBytesRemaining
                0x20005694        0x4 build/heap_4.o
 .bss.xBlockAllocatedBit
                0x20005698        0x4 build/heap_4.o
 .bss.__malloc_sbrk_start
                0x2000569c        0x4 c:/program files (x86)/arm gnu toolchain arm-none-eabi/12.2 mpacbti-rel1/bin/../lib/gcc/arm-none-eabi/12.2.1/thumb/v7-m/nofp\libc_nano.a(libc_a-mallocr.o)
                0x2000569c                __malloc_sbrk_start
 .bss.__malloc_free_list
                0x200056a0        0x4 c:/program files (x86)/arm gnu toolchain arm-none-eabi/12.2 mpacbti-rel1/bin/../lib/gcc/arm-none-eabi/12.2.1/thumb/v7-m/nofp\libc_nano.a(libc_a-mallocr.o)
                0x200056a0                __malloc_free_list
 .bss.__sf      0x200056a4      0x138 c:/program files (x86)/arm gnu toolchain arm-none-eabi/12.2 mpacbti-rel1/bin/../lib/gcc/arm-none-eabi/12.2.1/thumb/v7-m/nofp\libc_nano.a(libc_a-findfp.o)
                0x200056a4                __sf
 .bss.__stdio_exit_handler
                0x200057dc        0x4 c:/program files (x86)/arm gnu toolchain arm-none-eabi/12.2 mpacbti-rel1/bin/../lib/gcc/arm-none-eabi/12.2.1/thumb/v7-m/nofp\libc_nano.a(libc_a-findfp.o)
                0x200057dc                __stdio_exit_handler
 .bss.errno     0x200057e0        0x4 c:/program files (x86)/arm gnu toolchain arm-none-eabi/12.2 mpacbti-rel1/bin/../lib/gcc/arm-none-eabi/12.2.1/thumb/v7-m/nofp\libc_nano.a(libc_a-reent.o)
                0x200057e0                errno
 .bss.__lock___malloc_recursive_mutex
                0x200057e4        0x1 c:/program files (x86)/arm gnu toolchain arm-none-eabi/12.2 mpacbti-rel1/bin/../lib/gcc/arm-none-eabi/12.2.1/thumb/v7-m/nofp\libc_nano.a(libc_a-lock.o)
                0x200057e4                __lock___malloc_recursive_mutex
 .bss.__lock___sfp_recursive_mutex
                0x200057e5        0x1 c:/program files (x86)/arm gnu toolchain arm-none-eabi/12.2 mpacbti-rel1/bin/../lib/gcc/arm-none-eabi/12.2.1/thumb/v7-m/nofp\libc_nano.a(libc_a-lock.o)
                0x200057e5                __lock___sfp_recursive_mutex
 *fill*         0x200057e6        0x2 
 .bss.heap_end.0
                0x200057e8        0x4 c:/program files (x86)/arm gnu toolchain arm-none-eabi/12.2 mpacbti-rel1/bin/../lib/gcc/arm-none-eabi/12.2.1/thumb/v7-m/nofp\libnosys.a(sbrk.o)
 *(COMMON)
                0x200057ec                        . = ALIGN (0x4)
                0x200057ec                        _ebss = .
                0x200057ec                        __bss_end__ = _ebss

._user_heap_stack
                0x200057ec      0x604 load address 0x08007638
                0x200057f0                        . = ALIGN (0x8)
 *fill*         0x200057ec        0x4 
                0x200057f0                        PROVIDE (end = .)
                [!provide]                        PROVIDE (_end = .)
                0x200059f0                        . = (. + _Min_Heap_Size)
 *fill*         0x200057f0      0x200 
                0x20005df0                        . = (. + _Min_Stack_Size)
 *fill*         0x200059f0      0x400 
                0x20005df0                        . = ALIGN (0x8)

/DISCARD/
 libc.a(*)
 libm.a(*)
 libgcc.a(*)
 libnosys.a(*)

.ARM.attributes
                0x00000000       0x29
 *(.ARM.attributes)
 .ARM.attributes
                0x00000000       0x1d c:/program files (x86)/arm gnu toolchain arm-none-eabi/12.2 mpacbti-rel1/bin/../lib/gcc/arm-none-eabi/12.2.1/thumb/v7-m/nofp/crti.o
 .ARM.attributes
                0x0000001d       0x2d c:/program files (x86)/arm gnu toolchain arm-none-eabi/12.2 mpacbti-rel1/bin/../lib/gcc/arm-none-eabi/12.2.1/thumb/v7-m/nofp/crtbegin.o
 .ARM.attributes
                0x0000004a       0x2d build/system_stm32f10x.o
 .ARM.attributes
                0x00000077       0x2d build/misc.o
 .ARM.attributes
                0x000000a4       0x2d build/stm32f10x_gpio.o
 .ARM.attributes
                0x000000d1       0x2d build/stm32f10x_rcc.o
 .ARM.attributes
                0x000000fe       0x2d build/stm32f10x_tim.o
 .ARM.attributes
                0x0000012b       0x2d build/stm32f10x_usart.o
 .ARM.attributes
                0x00000158       0x2d build/device_uart_screen.o
 .ARM.attributes
                0x00000185       0x2d build/led.o
 .ARM.attributes
                0x000001b2       0x2d build/timer.o
 .ARM.attributes
                0x000001df       0x2d build/main.o
 .ARM.attributes
                0x0000020c       0x2d build/stm32f10x_it.o
 .ARM.attributes
                0x00000239       0x2d build/app_therapy.o
 .ARM.attributes
                0x00000266       0x2d build/app_ui.o
 .ARM.attributes
                0x00000293       0x2d build/list.o
 .ARM.attributes
                0x000002c0       0x2d build/queue.o
 .ARM.attributes
                0x000002ed       0x2d build/tasks.o
 .ARM.attributes
                0x0000031a       0x2d build/timers.o
 .ARM.attributes
                0x00000347       0x2d build/app_manager.o
 .ARM.attributes
                0x00000374       0x2d build/app_task_define.o
 .ARM.attributes
                0x000003a1       0x2d build/common_def.o
 .ARM.attributes
                0x000003ce       0x2d build/device_manager.o
 .ARM.attributes
                0x000003fb       0x2d build/init.o
 .ARM.attributes
                0x00000428       0x2d build/delay.o
 .ARM.attributes
                0x00000455       0x2d build/usart.o
 .ARM.attributes
                0x00000482       0x2d build/port.o
 .ARM.attributes
                0x000004af       0x2d build/heap_4.o
 .ARM.attributes
                0x000004dc       0x21 build/startup_stm32f10x_hd.o
 .ARM.attributes
                0x000004fd       0x2d c:/program files (x86)/arm gnu toolchain arm-none-eabi/12.2 mpacbti-rel1/bin/../lib/gcc/arm-none-eabi/12.2.1/thumb/v7-m/nofp\libc_nano.a(libc_a-malloc.o)
 .ARM.attributes
                0x0000052a       0x2d c:/program files (x86)/arm gnu toolchain arm-none-eabi/12.2 mpacbti-rel1/bin/../lib/gcc/arm-none-eabi/12.2.1/thumb/v7-m/nofp\libc_nano.a(libc_a-mallocr.o)
 .ARM.attributes
                0x00000557       0x2d c:/program files (x86)/arm gnu toolchain arm-none-eabi/12.2 mpacbti-rel1/bin/../lib/gcc/arm-none-eabi/12.2.1/thumb/v7-m/nofp\libc_nano.a(libc_a-mlock.o)
 .ARM.attributes
                0x00000584       0x2d c:/program files (x86)/arm gnu toolchain arm-none-eabi/12.2 mpacbti-rel1/bin/../lib/gcc/arm-none-eabi/12.2.1/thumb/v7-m/nofp\libc_nano.a(libc_a-findfp.o)
 .ARM.attributes
                0x000005b1       0x2d c:/program files (x86)/arm gnu toolchain arm-none-eabi/12.2 mpacbti-rel1/bin/../lib/gcc/arm-none-eabi/12.2.1/thumb/v7-m/nofp\libc_nano.a(libc_a-fwalk.o)
 .ARM.attributes
                0x000005de       0x2d c:/program files (x86)/arm gnu toolchain arm-none-eabi/12.2 mpacbti-rel1/bin/../lib/gcc/arm-none-eabi/12.2.1/thumb/v7-m/nofp\libc_nano.a(libc_a-printf.o)
 .ARM.attributes
                0x0000060b       0x2d c:/program files (x86)/arm gnu toolchain arm-none-eabi/12.2 mpacbti-rel1/bin/../lib/gcc/arm-none-eabi/12.2.1/thumb/v7-m/nofp\libc_nano.a(libc_a-puts.o)
 .ARM.attributes
                0x00000638       0x2d c:/program files (x86)/arm gnu toolchain arm-none-eabi/12.2 mpacbti-rel1/bin/../lib/gcc/arm-none-eabi/12.2.1/thumb/v7-m/nofp\libc_nano.a(libc_a-stdio.o)
 .ARM.attributes
                0x00000665       0x2d c:/program files (x86)/arm gnu toolchain arm-none-eabi/12.2 mpacbti-rel1/bin/../lib/gcc/arm-none-eabi/12.2.1/thumb/v7-m/nofp\libc_nano.a(libc_a-wbuf.o)
 .ARM.attributes
                0x00000692       0x2d c:/program files (x86)/arm gnu toolchain arm-none-eabi/12.2 mpacbti-rel1/bin/../lib/gcc/arm-none-eabi/12.2.1/thumb/v7-m/nofp\libc_nano.a(libc_a-wsetup.o)
 .ARM.attributes
                0x000006bf       0x2d c:/program files (x86)/arm gnu toolchain arm-none-eabi/12.2 mpacbti-rel1/bin/../lib/gcc/arm-none-eabi/12.2.1/thumb/v7-m/nofp\libc_nano.a(libc_a-memset.o)
 .ARM.attributes
                0x000006ec       0x2d c:/program files (x86)/arm gnu toolchain arm-none-eabi/12.2 mpacbti-rel1/bin/../lib/gcc/arm-none-eabi/12.2.1/thumb/v7-m/nofp\libc_nano.a(libc_a-closer.o)
 .ARM.attributes
                0x00000719       0x2d c:/program files (x86)/arm gnu toolchain arm-none-eabi/12.2 mpacbti-rel1/bin/../lib/gcc/arm-none-eabi/12.2.1/thumb/v7-m/nofp\libc_nano.a(libc_a-reent.o)
 .ARM.attributes
                0x00000746       0x2d c:/program files (x86)/arm gnu toolchain arm-none-eabi/12.2 mpacbti-rel1/bin/../lib/gcc/arm-none-eabi/12.2.1/thumb/v7-m/nofp\libc_nano.a(libc_a-impure.o)
 .ARM.attributes
                0x00000773       0x2d c:/program files (x86)/arm gnu toolchain arm-none-eabi/12.2 mpacbti-rel1/bin/../lib/gcc/arm-none-eabi/12.2.1/thumb/v7-m/nofp\libc_nano.a(libc_a-lseekr.o)
 .ARM.attributes
                0x000007a0       0x2d c:/program files (x86)/arm gnu toolchain arm-none-eabi/12.2 mpacbti-rel1/bin/../lib/gcc/arm-none-eabi/12.2.1/thumb/v7-m/nofp\libc_nano.a(libc_a-readr.o)
 .ARM.attributes
                0x000007cd       0x2d c:/program files (x86)/arm gnu toolchain arm-none-eabi/12.2 mpacbti-rel1/bin/../lib/gcc/arm-none-eabi/12.2.1/thumb/v7-m/nofp\libc_nano.a(libc_a-sbrkr.o)
 .ARM.attributes
                0x000007fa       0x2d c:/program files (x86)/arm gnu toolchain arm-none-eabi/12.2 mpacbti-rel1/bin/../lib/gcc/arm-none-eabi/12.2.1/thumb/v7-m/nofp\libc_nano.a(libc_a-writer.o)
 .ARM.attributes
                0x00000827       0x2d c:/program files (x86)/arm gnu toolchain arm-none-eabi/12.2 mpacbti-rel1/bin/../lib/gcc/arm-none-eabi/12.2.1/thumb/v7-m/nofp\libc_nano.a(libc_a-errno.o)
 .ARM.attributes
                0x00000854       0x2d c:/program files (x86)/arm gnu toolchain arm-none-eabi/12.2 mpacbti-rel1/bin/../lib/gcc/arm-none-eabi/12.2.1/thumb/v7-m/nofp\libc_nano.a(libc_a-lock.o)
 .ARM.attributes
                0x00000881       0x2d c:/program files (x86)/arm gnu toolchain arm-none-eabi/12.2 mpacbti-rel1/bin/../lib/gcc/arm-none-eabi/12.2.1/thumb/v7-m/nofp\libc_nano.a(libc_a-memcpy-stub.o)
 .ARM.attributes
                0x000008ae       0x17 c:/program files (x86)/arm gnu toolchain arm-none-eabi/12.2 mpacbti-rel1/bin/../lib/gcc/arm-none-eabi/12.2.1/thumb/v7-m/nofp\libc_nano.a(libc_a-strlen.o)
 .ARM.attributes
                0x000008c5       0x2d c:/program files (x86)/arm gnu toolchain arm-none-eabi/12.2 mpacbti-rel1/bin/../lib/gcc/arm-none-eabi/12.2.1/thumb/v7-m/nofp\libc_nano.a(libc_a-freer.o)
 .ARM.attributes
                0x000008f2       0x2d c:/program files (x86)/arm gnu toolchain arm-none-eabi/12.2 mpacbti-rel1/bin/../lib/gcc/arm-none-eabi/12.2.1/thumb/v7-m/nofp\libc_nano.a(libc_a-nano-vfprintf.o)
 .ARM.attributes
                0x0000091f       0x2d c:/program files (x86)/arm gnu toolchain arm-none-eabi/12.2 mpacbti-rel1/bin/../lib/gcc/arm-none-eabi/12.2.1/thumb/v7-m/nofp\libc_nano.a(libc_a-nano-vfprintf_i.o)
 .ARM.attributes
                0x0000094c       0x2d c:/program files (x86)/arm gnu toolchain arm-none-eabi/12.2 mpacbti-rel1/bin/../lib/gcc/arm-none-eabi/12.2.1/thumb/v7-m/nofp\libc_nano.a(libc_a-fflush.o)
 .ARM.attributes
                0x00000979       0x2d c:/program files (x86)/arm gnu toolchain arm-none-eabi/12.2 mpacbti-rel1/bin/../lib/gcc/arm-none-eabi/12.2.1/thumb/v7-m/nofp\libc_nano.a(libc_a-makebuf.o)
 .ARM.attributes
                0x000009a6       0x2d c:/program files (x86)/arm gnu toolchain arm-none-eabi/12.2 mpacbti-rel1/bin/../lib/gcc/arm-none-eabi/12.2.1/thumb/v7-m/nofp\libc_nano.a(libc_a-fstatr.o)
 .ARM.attributes
                0x000009d3       0x2d c:/program files (x86)/arm gnu toolchain arm-none-eabi/12.2 mpacbti-rel1/bin/../lib/gcc/arm-none-eabi/12.2.1/thumb/v7-m/nofp\libc_nano.a(libc_a-isattyr.o)
 .ARM.attributes
                0x00000a00       0x2d c:/program files (x86)/arm gnu toolchain arm-none-eabi/12.2 mpacbti-rel1/bin/../lib/gcc/arm-none-eabi/12.2.1/thumb/v7-m/nofp\libc_nano.a(libc_a-memchr-stub.o)
 .ARM.attributes
                0x00000a2d       0x2d c:/program files (x86)/arm gnu toolchain arm-none-eabi/12.2 mpacbti-rel1/bin/../lib/gcc/arm-none-eabi/12.2.1/thumb/v7-m/nofp\libm.a(libm_a-w_pow.o)
 .ARM.attributes
                0x00000a5a       0x2d c:/program files (x86)/arm gnu toolchain arm-none-eabi/12.2 mpacbti-rel1/bin/../lib/gcc/arm-none-eabi/12.2.1/thumb/v7-m/nofp\libm.a(libm_a-s_finite.o)
 .ARM.attributes
                0x00000a87       0x2d c:/program files (x86)/arm gnu toolchain arm-none-eabi/12.2 mpacbti-rel1/bin/../lib/gcc/arm-none-eabi/12.2.1/thumb/v7-m/nofp\libm.a(libm_a-e_pow.o)
 .ARM.attributes
                0x00000ab4       0x2d c:/program files (x86)/arm gnu toolchain arm-none-eabi/12.2 mpacbti-rel1/bin/../lib/gcc/arm-none-eabi/12.2.1/thumb/v7-m/nofp\libm.a(libm_a-s_fabs.o)
 .ARM.attributes
                0x00000ae1       0x2d c:/program files (x86)/arm gnu toolchain arm-none-eabi/12.2 mpacbti-rel1/bin/../lib/gcc/arm-none-eabi/12.2.1/thumb/v7-m/nofp\libm.a(libm_a-s_scalbn.o)
 .ARM.attributes
                0x00000b0e       0x2d c:/program files (x86)/arm gnu toolchain arm-none-eabi/12.2 mpacbti-rel1/bin/../lib/gcc/arm-none-eabi/12.2.1/thumb/v7-m/nofp\libm.a(libm_a-math_err.o)
 .ARM.attributes
                0x00000b3b       0x2d c:/program files (x86)/arm gnu toolchain arm-none-eabi/12.2 mpacbti-rel1/bin/../lib/gcc/arm-none-eabi/12.2.1/thumb/v7-m/nofp\libm.a(libm_a-e_sqrt.o)
 .ARM.attributes
                0x00000b68       0x2d c:/program files (x86)/arm gnu toolchain arm-none-eabi/12.2 mpacbti-rel1/bin/../lib/gcc/arm-none-eabi/12.2.1/thumb/v7-m/nofp\libnosys.a(sbrk.o)
 .ARM.attributes
                0x00000b95       0x1d c:/program files (x86)/arm gnu toolchain arm-none-eabi/12.2 mpacbti-rel1/bin/../lib/gcc/arm-none-eabi/12.2.1/thumb/v7-m/nofp\libgcc.a(_arm_addsubdf3.o)
 .ARM.attributes
                0x00000bb2       0x1d c:/program files (x86)/arm gnu toolchain arm-none-eabi/12.2 mpacbti-rel1/bin/../lib/gcc/arm-none-eabi/12.2.1/thumb/v7-m/nofp\libgcc.a(_arm_muldivdf3.o)
 .ARM.attributes
                0x00000bcf       0x1d c:/program files (x86)/arm gnu toolchain arm-none-eabi/12.2 mpacbti-rel1/bin/../lib/gcc/arm-none-eabi/12.2.1/thumb/v7-m/nofp\libgcc.a(_arm_cmpdf2.o)
 .ARM.attributes
                0x00000bec       0x1d c:/program files (x86)/arm gnu toolchain arm-none-eabi/12.2 mpacbti-rel1/bin/../lib/gcc/arm-none-eabi/12.2.1/thumb/v7-m/nofp\libgcc.a(_arm_unorddf2.o)
 .ARM.attributes
                0x00000c09       0x1d c:/program files (x86)/arm gnu toolchain arm-none-eabi/12.2 mpacbti-rel1/bin/../lib/gcc/arm-none-eabi/12.2.1/thumb/v7-m/nofp\libgcc.a(_arm_fixdfsi.o)
 .ARM.attributes
                0x00000c26       0x2d c:/program files (x86)/arm gnu toolchain arm-none-eabi/12.2 mpacbti-rel1/bin/../lib/gcc/arm-none-eabi/12.2.1/thumb/v7-m/nofp/crtend.o
 .ARM.attributes
                0x00000c53       0x1d c:/program files (x86)/arm gnu toolchain arm-none-eabi/12.2 mpacbti-rel1/bin/../lib/gcc/arm-none-eabi/12.2.1/thumb/v7-m/nofp/crtn.o
OUTPUT(build/demo_FreeRTOS.elf elf32-littlearm)
LOAD linker stubs
LOAD c:/program files (x86)/arm gnu toolchain arm-none-eabi/12.2 mpacbti-rel1/bin/../lib/gcc/arm-none-eabi/12.2.1/thumb/v7-m/nofp\libc.a
LOAD c:/program files (x86)/arm gnu toolchain arm-none-eabi/12.2 mpacbti-rel1/bin/../lib/gcc/arm-none-eabi/12.2.1/thumb/v7-m/nofp\libm.a
LOAD c:/program files (x86)/arm gnu toolchain arm-none-eabi/12.2 mpacbti-rel1/bin/../lib/gcc/arm-none-eabi/12.2.1/thumb/v7-m/nofp\libgcc.a
LOAD c:/program files (x86)/arm gnu toolchain arm-none-eabi/12.2 mpacbti-rel1/bin/../lib/gcc/arm-none-eabi/12.2.1/thumb/v7-m/nofp\libnosys.a

.debug_info     0x00000000     0xe9a4
 .debug_info    0x00000000      0x4da build/system_stm32f10x.o
 .debug_info    0x000004da      0x57b build/misc.o
 .debug_info    0x00000a55      0x7c5 build/stm32f10x_gpio.o
 .debug_info    0x0000121a      0x9b5 build/stm32f10x_rcc.o
 .debug_info    0x00001bcf     0x2067 build/stm32f10x_tim.o
 .debug_info    0x00003c36      0xb7c build/stm32f10x_usart.o
 .debug_info    0x000047b2      0xdaf build/device_uart_screen.o
 .debug_info    0x00005561      0x295 build/led.o
 .debug_info    0x000057f6      0x7cb build/timer.o
 .debug_info    0x00005fc1      0x25e build/main.o
 .debug_info    0x0000621f      0x2fc build/stm32f10x_it.o
 .debug_info    0x0000651b      0x59c build/app_therapy.o
 .debug_info    0x00006ab7      0x5b6 build/app_ui.o
 .debug_info    0x0000706d      0x2f5 build/list.o
 .debug_info    0x00007362     0x1537 build/queue.o
 .debug_info    0x00008899     0x1d76 build/tasks.o
 .debug_info    0x0000a60f      0xe7f build/timers.o
 .debug_info    0x0000b48e      0x3d9 build/app_manager.o
 .debug_info    0x0000b867      0x5d4 build/app_task_define.o
 .debug_info    0x0000be3b      0x9aa build/common_def.o
 .debug_info    0x0000c7e5      0x596 build/device_manager.o
 .debug_info    0x0000cd7b      0x170 build/init.o
 .debug_info    0x0000ceeb      0x2fe build/delay.o
 .debug_info    0x0000d1e9      0xfce build/usart.o
 .debug_info    0x0000e1b7      0x443 build/port.o
 .debug_info    0x0000e5fa      0x37a build/heap_4.o
 .debug_info    0x0000e974       0x30 build/startup_stm32f10x_hd.o

.debug_abbrev   0x00000000     0x3150
 .debug_abbrev  0x00000000      0x1b0 build/system_stm32f10x.o
 .debug_abbrev  0x000001b0      0x161 build/misc.o
 .debug_abbrev  0x00000311      0x207 build/stm32f10x_gpio.o
 .debug_abbrev  0x00000518      0x1d5 build/stm32f10x_rcc.o
 .debug_abbrev  0x000006ed      0x1e7 build/stm32f10x_tim.o
 .debug_abbrev  0x000008d4      0x1af build/stm32f10x_usart.o
 .debug_abbrev  0x00000a83      0x2c0 build/device_uart_screen.o
 .debug_abbrev  0x00000d43      0x121 build/led.o
 .debug_abbrev  0x00000e64      0x1b7 build/timer.o
 .debug_abbrev  0x0000101b      0x149 build/main.o
 .debug_abbrev  0x00001164       0xee build/stm32f10x_it.o
 .debug_abbrev  0x00001252      0x206 build/app_therapy.o
 .debug_abbrev  0x00001458      0x1e1 build/app_ui.o
 .debug_abbrev  0x00001639       0xea build/list.o
 .debug_abbrev  0x00001723      0x2de build/queue.o
 .debug_abbrev  0x00001a01      0x383 build/tasks.o
 .debug_abbrev  0x00001d84      0x268 build/timers.o
 .debug_abbrev  0x00001fec      0x1bc build/app_manager.o
 .debug_abbrev  0x000021a8      0x1c3 build/app_task_define.o
 .debug_abbrev  0x0000236b      0x22c build/common_def.o
 .debug_abbrev  0x00002597      0x238 build/device_manager.o
 .debug_abbrev  0x000027cf       0xd4 build/init.o
 .debug_abbrev  0x000028a3      0x189 build/delay.o
 .debug_abbrev  0x00002a2c      0x2d1 build/usart.o
 .debug_abbrev  0x00002cfd      0x277 build/port.o
 .debug_abbrev  0x00002f74      0x1bf build/heap_4.o
 .debug_abbrev  0x00003133       0x1d build/startup_stm32f10x_hd.o

.debug_loc      0x00000000     0x8244
 .debug_loc     0x00000000      0x110 build/system_stm32f10x.o
 .debug_loc     0x00000110      0x1cc build/misc.o
 .debug_loc     0x000002dc      0x63c build/stm32f10x_gpio.o
 .debug_loc     0x00000918      0xb2c build/stm32f10x_rcc.o
 .debug_loc     0x00001444     0x2060 build/stm32f10x_tim.o
 .debug_loc     0x000034a4      0xa54 build/stm32f10x_usart.o
 .debug_loc     0x00003ef8      0x360 build/device_uart_screen.o
 .debug_loc     0x00004258       0x50 build/led.o
 .debug_loc     0x000042a8       0xf8 build/timer.o
 .debug_loc     0x000043a0       0x94 build/main.o
 .debug_loc     0x00004434      0x1a8 build/stm32f10x_it.o
 .debug_loc     0x000045dc      0x25c build/app_therapy.o
 .debug_loc     0x00004838      0x250 build/app_ui.o
 .debug_loc     0x00004a88      0x1cc build/list.o
 .debug_loc     0x00004c54      0xc28 build/queue.o
 .debug_loc     0x0000587c     0x1238 build/tasks.o
 .debug_loc     0x00006ab4      0x68c build/timers.o
 .debug_loc     0x00007140      0x158 build/app_manager.o
 .debug_loc     0x00007298      0x14c build/app_task_define.o
 .debug_loc     0x000073e4      0x3fc build/common_def.o
 .debug_loc     0x000077e0      0x248 build/device_manager.o
 .debug_loc     0x00007a28       0xa0 build/init.o
 .debug_loc     0x00007ac8      0x178 build/delay.o
 .debug_loc     0x00007c40      0x134 build/usart.o
 .debug_loc     0x00007d74      0x2ac build/port.o
 .debug_loc     0x00008020      0x224 build/heap_4.o

.debug_aranges  0x00000000      0xf28
 .debug_aranges
                0x00000000       0x38 build/system_stm32f10x.o
 .debug_aranges
                0x00000038       0x40 build/misc.o
 .debug_aranges
                0x00000078       0xa8 build/stm32f10x_gpio.o
 .debug_aranges
                0x00000120      0x118 build/stm32f10x_rcc.o
 .debug_aranges
                0x00000238      0x2f0 build/stm32f10x_tim.o
 .debug_aranges
                0x00000528      0x100 build/stm32f10x_usart.o
 .debug_aranges
                0x00000628       0x78 build/device_uart_screen.o
 .debug_aranges
                0x000006a0       0x20 build/led.o
 .debug_aranges
                0x000006c0       0x38 build/timer.o
 .debug_aranges
                0x000006f8       0x28 build/main.o
 .debug_aranges
                0x00000720       0x58 build/stm32f10x_it.o
 .debug_aranges
                0x00000778       0x58 build/app_therapy.o
 .debug_aranges
                0x000007d0       0x58 build/app_ui.o
 .debug_aranges
                0x00000828       0x40 build/list.o
 .debug_aranges
                0x00000868      0x148 build/queue.o
 .debug_aranges
                0x000009b0      0x1e8 build/tasks.o
 .debug_aranges
                0x00000b98       0xc8 build/timers.o
 .debug_aranges
                0x00000c60       0x38 build/app_manager.o
 .debug_aranges
                0x00000c98       0x38 build/app_task_define.o
 .debug_aranges
                0x00000cd0       0x78 build/common_def.o
 .debug_aranges
                0x00000d48       0x50 build/device_manager.o
 .debug_aranges
                0x00000d98       0x28 build/init.o
 .debug_aranges
                0x00000dc0       0x40 build/delay.o
 .debug_aranges
                0x00000e00       0x38 build/usart.o
 .debug_aranges
                0x00000e38       0x78 build/port.o
 .debug_aranges
                0x00000eb0       0x50 build/heap_4.o
 .debug_aranges
                0x00000f00       0x28 build/startup_stm32f10x_hd.o

.debug_ranges   0x00000000      0xd80
 .debug_ranges  0x00000000       0x28 build/system_stm32f10x.o
 .debug_ranges  0x00000028       0x30 build/misc.o
 .debug_ranges  0x00000058       0x98 build/stm32f10x_gpio.o
 .debug_ranges  0x000000f0      0x108 build/stm32f10x_rcc.o
 .debug_ranges  0x000001f8      0x2e0 build/stm32f10x_tim.o
 .debug_ranges  0x000004d8       0xf0 build/stm32f10x_usart.o
 .debug_ranges  0x000005c8       0x68 build/device_uart_screen.o
 .debug_ranges  0x00000630       0x10 build/led.o
 .debug_ranges  0x00000640       0x28 build/timer.o
 .debug_ranges  0x00000668       0x18 build/main.o
 .debug_ranges  0x00000680       0x48 build/stm32f10x_it.o
 .debug_ranges  0x000006c8       0x48 build/app_therapy.o
 .debug_ranges  0x00000710       0x48 build/app_ui.o
 .debug_ranges  0x00000758       0x30 build/list.o
 .debug_ranges  0x00000788      0x138 build/queue.o
 .debug_ranges  0x000008c0      0x1d8 build/tasks.o
 .debug_ranges  0x00000a98       0xb8 build/timers.o
 .debug_ranges  0x00000b50       0x28 build/app_manager.o
 .debug_ranges  0x00000b78       0x28 build/app_task_define.o
 .debug_ranges  0x00000ba0       0x68 build/common_def.o
 .debug_ranges  0x00000c08       0x40 build/device_manager.o
 .debug_ranges  0x00000c48       0x18 build/init.o
 .debug_ranges  0x00000c60       0x30 build/delay.o
 .debug_ranges  0x00000c90       0x28 build/usart.o
 .debug_ranges  0x00000cb8       0x68 build/port.o
 .debug_ranges  0x00000d20       0x40 build/heap_4.o
 .debug_ranges  0x00000d60       0x20 build/startup_stm32f10x_hd.o

.debug_line     0x00000000     0x8ca8
 .debug_line    0x00000000      0x328 build/system_stm32f10x.o
 .debug_line    0x00000328      0x272 build/misc.o
 .debug_line    0x0000059a      0x567 build/stm32f10x_gpio.o
 .debug_line    0x00000b01      0x723 build/stm32f10x_rcc.o
 .debug_line    0x00001224     0x1217 build/stm32f10x_tim.o
 .debug_line    0x0000243b      0x6f5 build/stm32f10x_usart.o
 .debug_line    0x00002b30      0x482 build/device_uart_screen.o
 .debug_line    0x00002fb2      0x188 build/led.o
 .debug_line    0x0000313a      0x21a build/timer.o
 .debug_line    0x00003354      0x233 build/main.o
 .debug_line    0x00003587      0x1fe build/stm32f10x_it.o
 .debug_line    0x00003785      0x2ce build/app_therapy.o
 .debug_line    0x00003a53      0x2d8 build/app_ui.o
 .debug_line    0x00003d2b      0x27c build/list.o
 .debug_line    0x00003fa7      0xe91 build/queue.o
 .debug_line    0x00004e38     0x15e4 build/tasks.o
 .debug_line    0x0000641c      0x78b build/timers.o
 .debug_line    0x00006ba7      0x329 build/app_manager.o
 .debug_line    0x00006ed0      0x287 build/app_task_define.o
 .debug_line    0x00007157      0x62e build/common_def.o
 .debug_line    0x00007785      0x346 build/device_manager.o
 .debug_line    0x00007acb      0x1a3 build/init.o
 .debug_line    0x00007c6e      0x2bf build/delay.o
 .debug_line    0x00007f2d      0x3bd build/usart.o
 .debug_line    0x000082ea      0x46c build/port.o
 .debug_line    0x00008756      0x4d3 build/heap_4.o
 .debug_line    0x00008c29       0x7f build/startup_stm32f10x_hd.o

.debug_str      0x00000000     0x4a5a
 .debug_str     0x00000000      0x25f build/system_stm32f10x.o
                                0x2c6 (size before relaxing)
 .debug_str     0x0000025f      0x1fd build/misc.o
                                0x3a3 (size before relaxing)
 .debug_str     0x0000045c      0x37d build/stm32f10x_gpio.o
                                0x51b (size before relaxing)
 .debug_str     0x000007d9      0x3aa build/stm32f10x_rcc.o
                                0x605 (size before relaxing)
 .debug_str     0x00000b83      0xb86 build/stm32f10x_tim.o
                                0xdf6 (size before relaxing)
 .debug_str     0x00001709      0x408 build/stm32f10x_usart.o
                                0x6bb (size before relaxing)
 .debug_str     0x00001b11      0x762 build/device_uart_screen.o
                                0xc53 (size before relaxing)
 .debug_str     0x00002273       0x18 build/led.o
                                0x2ef (size before relaxing)
 .debug_str     0x0000228b       0x63 build/timer.o
                                0x82d (size before relaxing)
 .debug_str     0x000022ee       0xc9 build/main.o
                                0x283 (size before relaxing)
 .debug_str     0x000023b7       0x90 build/stm32f10x_it.o
                                0x236 (size before relaxing)
 .debug_str     0x00002447      0x164 build/app_therapy.o
                                0x47f (size before relaxing)
 .debug_str     0x000025ab       0xa3 build/app_ui.o
                                0x43e (size before relaxing)
 .debug_str     0x0000264e      0x12d build/list.o
                                0x2a6 (size before relaxing)
 .debug_str     0x0000277b      0x7cd build/queue.o
                                0xacd (size before relaxing)
 .debug_str     0x00002f48      0xb00 build/tasks.o
                               0x1098 (size before relaxing)
 .debug_str     0x00003a48      0x4cd build/timers.o
                                0x912 (size before relaxing)
 .debug_str     0x00003f15       0x5c build/app_manager.o
                                0x330 (size before relaxing)
 .debug_str     0x00003f71       0x76 build/app_task_define.o
                                0x43f (size before relaxing)
 .debug_str     0x00003fe7      0x257 build/common_def.o
                                0x5a7 (size before relaxing)
 .debug_str     0x0000423e      0x105 build/device_manager.o
                                0x46b (size before relaxing)
 .debug_str     0x00004343       0x44 build/init.o
                                0x1de (size before relaxing)
 .debug_str     0x00004387       0x78 build/delay.o
                                0x284 (size before relaxing)
 .debug_str     0x000043ff      0x317 build/usart.o
                                0xbf7 (size before relaxing)
 .debug_str     0x00004716      0x14e build/port.o
                                0x412 (size before relaxing)
 .debug_str     0x00004864      0x1b6 build/heap_4.o
                                0x36e (size before relaxing)
 .debug_str     0x00004a1a       0x40 build/startup_stm32f10x_hd.o
                                 0x69 (size before relaxing)

.comment        0x00000000       0x55
 .comment       0x00000000       0x55 build/system_stm32f10x.o
                                 0x56 (size before relaxing)
 .comment       0x00000055       0x56 build/misc.o
 .comment       0x00000055       0x56 build/stm32f10x_gpio.o
 .comment       0x00000055       0x56 build/stm32f10x_rcc.o
 .comment       0x00000055       0x56 build/stm32f10x_tim.o
 .comment       0x00000055       0x56 build/stm32f10x_usart.o
 .comment       0x00000055       0x56 build/device_uart_screen.o
 .comment       0x00000055       0x56 build/led.o
 .comment       0x00000055       0x56 build/timer.o
 .comment       0x00000055       0x56 build/main.o
 .comment       0x00000055       0x56 build/stm32f10x_it.o
 .comment       0x00000055       0x56 build/app_therapy.o
 .comment       0x00000055       0x56 build/app_ui.o
 .comment       0x00000055       0x56 build/list.o
 .comment       0x00000055       0x56 build/queue.o
 .comment       0x00000055       0x56 build/tasks.o
 .comment       0x00000055       0x56 build/timers.o
 .comment       0x00000055       0x56 build/app_manager.o
 .comment       0x00000055       0x56 build/app_task_define.o
 .comment       0x00000055       0x56 build/common_def.o
 .comment       0x00000055       0x56 build/device_manager.o
 .comment       0x00000055       0x56 build/init.o
 .comment       0x00000055       0x56 build/delay.o
 .comment       0x00000055       0x56 build/usart.o
 .comment       0x00000055       0x56 build/port.o
 .comment       0x00000055       0x56 build/heap_4.o

.debug_frame    0x00000000     0x4944
 .debug_frame   0x00000000       0x98 build/system_stm32f10x.o
 .debug_frame   0x00000098       0xd8 build/misc.o
 .debug_frame   0x00000170      0x2d0 build/stm32f10x_gpio.o
 .debug_frame   0x00000440      0x4f4 build/stm32f10x_rcc.o
 .debug_frame   0x00000934      0xe2c build/stm32f10x_tim.o
 .debug_frame   0x00001760      0x490 build/stm32f10x_usart.o
 .debug_frame   0x00001bf0      0x1ac build/device_uart_screen.o
 .debug_frame   0x00001d9c       0x34 build/led.o
 .debug_frame   0x00001dd0       0x90 build/timer.o
 .debug_frame   0x00001e60       0x58 build/main.o
 .debug_frame   0x00001eb8       0xf0 build/stm32f10x_it.o
 .debug_frame   0x00001fa8      0x12c build/app_therapy.o
 .debug_frame   0x000020d4      0x128 build/app_ui.o
 .debug_frame   0x000021fc       0xd8 build/list.o
 .debug_frame   0x000022d4      0x588 build/queue.o
 .debug_frame   0x0000285c      0x848 build/tasks.o
 .debug_frame   0x000030a4      0x320 build/timers.o
 .debug_frame   0x000033c4       0xa8 build/app_manager.o
 .debug_frame   0x0000346c       0xac build/app_task_define.o
 .debug_frame   0x00003518      0x1e0 build/common_def.o
 .debug_frame   0x000036f8      0x118 build/device_manager.o
 .debug_frame   0x00003810       0x58 build/init.o
 .debug_frame   0x00003868       0xc0 build/delay.o
 .debug_frame   0x00003928       0x9c build/usart.o
 .debug_frame   0x000039c4      0x17c build/port.o
 .debug_frame   0x00003b40      0x108 build/heap_4.o
 .debug_frame   0x00003c48       0x30 c:/program files (x86)/arm gnu toolchain arm-none-eabi/12.2 mpacbti-rel1/bin/../lib/gcc/arm-none-eabi/12.2.1/thumb/v7-m/nofp\libc_nano.a(libc_a-malloc.o)
 .debug_frame   0x00003c78       0x50 c:/program files (x86)/arm gnu toolchain arm-none-eabi/12.2 mpacbti-rel1/bin/../lib/gcc/arm-none-eabi/12.2.1/thumb/v7-m/nofp\libc_nano.a(libc_a-mallocr.o)
 .debug_frame   0x00003cc8       0x30 c:/program files (x86)/arm gnu toolchain arm-none-eabi/12.2 mpacbti-rel1/bin/../lib/gcc/arm-none-eabi/12.2.1/thumb/v7-m/nofp\libc_nano.a(libc_a-mlock.o)
 .debug_frame   0x00003cf8      0x144 c:/program files (x86)/arm gnu toolchain arm-none-eabi/12.2 mpacbti-rel1/bin/../lib/gcc/arm-none-eabi/12.2.1/thumb/v7-m/nofp\libc_nano.a(libc_a-findfp.o)
 .debug_frame   0x00003e3c       0x34 c:/program files (x86)/arm gnu toolchain arm-none-eabi/12.2 mpacbti-rel1/bin/../lib/gcc/arm-none-eabi/12.2.1/thumb/v7-m/nofp\libc_nano.a(libc_a-fwalk.o)
 .debug_frame   0x00003e70       0x6c c:/program files (x86)/arm gnu toolchain arm-none-eabi/12.2 mpacbti-rel1/bin/../lib/gcc/arm-none-eabi/12.2.1/thumb/v7-m/nofp\libc_nano.a(libc_a-printf.o)
 .debug_frame   0x00003edc       0x3c c:/program files (x86)/arm gnu toolchain arm-none-eabi/12.2 mpacbti-rel1/bin/../lib/gcc/arm-none-eabi/12.2.1/thumb/v7-m/nofp\libc_nano.a(libc_a-puts.o)
 .debug_frame   0x00003f18       0x88 c:/program files (x86)/arm gnu toolchain arm-none-eabi/12.2 mpacbti-rel1/bin/../lib/gcc/arm-none-eabi/12.2.1/thumb/v7-m/nofp\libc_nano.a(libc_a-stdio.o)
 .debug_frame   0x00003fa0       0x40 c:/program files (x86)/arm gnu toolchain arm-none-eabi/12.2 mpacbti-rel1/bin/../lib/gcc/arm-none-eabi/12.2.1/thumb/v7-m/nofp\libc_nano.a(libc_a-wbuf.o)
 .debug_frame   0x00003fe0       0x2c c:/program files (x86)/arm gnu toolchain arm-none-eabi/12.2 mpacbti-rel1/bin/../lib/gcc/arm-none-eabi/12.2.1/thumb/v7-m/nofp\libc_nano.a(libc_a-wsetup.o)
 .debug_frame   0x0000400c       0x20 c:/program files (x86)/arm gnu toolchain arm-none-eabi/12.2 mpacbti-rel1/bin/../lib/gcc/arm-none-eabi/12.2.1/thumb/v7-m/nofp\libc_nano.a(libc_a-memset.o)
 .debug_frame   0x0000402c       0x2c c:/program files (x86)/arm gnu toolchain arm-none-eabi/12.2 mpacbti-rel1/bin/../lib/gcc/arm-none-eabi/12.2.1/thumb/v7-m/nofp\libc_nano.a(libc_a-closer.o)
 .debug_frame   0x00004058       0x38 c:/program files (x86)/arm gnu toolchain arm-none-eabi/12.2 mpacbti-rel1/bin/../lib/gcc/arm-none-eabi/12.2.1/thumb/v7-m/nofp\libc_nano.a(libc_a-reent.o)
 .debug_frame   0x00004090       0x2c c:/program files (x86)/arm gnu toolchain arm-none-eabi/12.2 mpacbti-rel1/bin/../lib/gcc/arm-none-eabi/12.2.1/thumb/v7-m/nofp\libc_nano.a(libc_a-lseekr.o)
 .debug_frame   0x000040bc       0x2c c:/program files (x86)/arm gnu toolchain arm-none-eabi/12.2 mpacbti-rel1/bin/../lib/gcc/arm-none-eabi/12.2.1/thumb/v7-m/nofp\libc_nano.a(libc_a-readr.o)
 .debug_frame   0x000040e8       0x2c c:/program files (x86)/arm gnu toolchain arm-none-eabi/12.2 mpacbti-rel1/bin/../lib/gcc/arm-none-eabi/12.2.1/thumb/v7-m/nofp\libc_nano.a(libc_a-sbrkr.o)