Archive member included to satisfy reference by file (symbol)

c:/program files (x86)/arm gnu toolchain arm-none-eabi/12.2 mpacbti-rel1/bin/../lib/gcc/arm-none-eabi/12.2.1/thumb/v7e-m+fp/hard\libc_nano.a(libc_a-atoi.o)
                              build/app_data_storage.o (atoi)
c:/program files (x86)/arm gnu toolchain arm-none-eabi/12.2 mpacbti-rel1/bin/../lib/gcc/arm-none-eabi/12.2.1/thumb/v7e-m+fp/hard\libc_nano.a(libc_a-exit.o)
                              c:/program files (x86)/arm gnu toolchain arm-none-eabi/12.2 mpacbti-rel1/bin/../lib/gcc/arm-none-eabi/12.2.1/thumb/v7e-m+fp/hard/crt0.o (exit)
c:/program files (x86)/arm gnu toolchain arm-none-eabi/12.2 mpacbti-rel1/bin/../lib/gcc/arm-none-eabi/12.2.1/thumb/v7e-m+fp/hard\libc_nano.a(libc_a-malloc.o)
                              build/app_data_storage.o (malloc)
c:/program files (x86)/arm gnu toolchain arm-none-eabi/12.2 mpacbti-rel1/bin/../lib/gcc/arm-none-eabi/12.2.1/thumb/v7e-m+fp/hard\libc_nano.a(libc_a-mallocr.o)
                              c:/program files (x86)/arm gnu toolchain arm-none-eabi/12.2 mpacbti-rel1/bin/../lib/gcc/arm-none-eabi/12.2.1/thumb/v7e-m+fp/hard\libc_nano.a(libc_a-malloc.o) (_malloc_r)
c:/program files (x86)/arm gnu toolchain arm-none-eabi/12.2 mpacbti-rel1/bin/../lib/gcc/arm-none-eabi/12.2.1/thumb/v7e-m+fp/hard\libc_nano.a(libc_a-mlock.o)
                              c:/program files (x86)/arm gnu toolchain arm-none-eabi/12.2 mpacbti-rel1/bin/../lib/gcc/arm-none-eabi/12.2.1/thumb/v7e-m+fp/hard\libc_nano.a(libc_a-mallocr.o) (__malloc_lock)
c:/program files (x86)/arm gnu toolchain arm-none-eabi/12.2 mpacbti-rel1/bin/../lib/gcc/arm-none-eabi/12.2.1/thumb/v7e-m+fp/hard\libc_nano.a(libc_a-strtol.o)
                              c:/program files (x86)/arm gnu toolchain arm-none-eabi/12.2 mpacbti-rel1/bin/../lib/gcc/arm-none-eabi/12.2.1/thumb/v7e-m+fp/hard\libc_nano.a(libc_a-atoi.o) (_strtol_r)
c:/program files (x86)/arm gnu toolchain arm-none-eabi/12.2 mpacbti-rel1/bin/../lib/gcc/arm-none-eabi/12.2.1/thumb/v7e-m+fp/hard\libc_nano.a(libc_a-ctype_.o)
                              c:/program files (x86)/arm gnu toolchain arm-none-eabi/12.2 mpacbti-rel1/bin/../lib/gcc/arm-none-eabi/12.2.1/thumb/v7e-m+fp/hard\libc_nano.a(libc_a-strtol.o) (_ctype_)
c:/program files (x86)/arm gnu toolchain arm-none-eabi/12.2 mpacbti-rel1/bin/../lib/gcc/arm-none-eabi/12.2.1/thumb/v7e-m+fp/hard\libc_nano.a(libc_a-findfp.o)
                              c:/program files (x86)/arm gnu toolchain arm-none-eabi/12.2 mpacbti-rel1/bin/../lib/gcc/arm-none-eabi/12.2.1/thumb/v7e-m+fp/hard\libc_nano.a(libc_a-exit.o) (__stdio_exit_handler)
c:/program files (x86)/arm gnu toolchain arm-none-eabi/12.2 mpacbti-rel1/bin/../lib/gcc/arm-none-eabi/12.2.1/thumb/v7e-m+fp/hard\libc_nano.a(libc_a-fwalk.o)
                              c:/program files (x86)/arm gnu toolchain arm-none-eabi/12.2 mpacbti-rel1/bin/../lib/gcc/arm-none-eabi/12.2.1/thumb/v7e-m+fp/hard\libc_nano.a(libc_a-findfp.o) (_fwalk_sglue)
c:/program files (x86)/arm gnu toolchain arm-none-eabi/12.2 mpacbti-rel1/bin/../lib/gcc/arm-none-eabi/12.2.1/thumb/v7e-m+fp/hard\libc_nano.a(libc_a-printf.o)
                              build/event_groups.o (printf)
c:/program files (x86)/arm gnu toolchain arm-none-eabi/12.2 mpacbti-rel1/bin/../lib/gcc/arm-none-eabi/12.2.1/thumb/v7e-m+fp/hard\libc_nano.a(libc_a-puts.o)
                              build/common_def.o (puts)
c:/program files (x86)/arm gnu toolchain arm-none-eabi/12.2 mpacbti-rel1/bin/../lib/gcc/arm-none-eabi/12.2.1/thumb/v7e-m+fp/hard\libc_nano.a(libc_a-sprintf.o)
                              build/app_data_storage.o (sprintf)
c:/program files (x86)/arm gnu toolchain arm-none-eabi/12.2 mpacbti-rel1/bin/../lib/gcc/arm-none-eabi/12.2.1/thumb/v7e-m+fp/hard\libc_nano.a(libc_a-stdio.o)
                              c:/program files (x86)/arm gnu toolchain arm-none-eabi/12.2 mpacbti-rel1/bin/../lib/gcc/arm-none-eabi/12.2.1/thumb/v7e-m+fp/hard\libc_nano.a(libc_a-findfp.o) (__sread)
c:/program files (x86)/arm gnu toolchain arm-none-eabi/12.2 mpacbti-rel1/bin/../lib/gcc/arm-none-eabi/12.2.1/thumb/v7e-m+fp/hard\libc_nano.a(libc_a-vsprintf.o)
                              build/common_def.o (vsprintf)
c:/program files (x86)/arm gnu toolchain arm-none-eabi/12.2 mpacbti-rel1/bin/../lib/gcc/arm-none-eabi/12.2.1/thumb/v7e-m+fp/hard\libc_nano.a(libc_a-wbuf.o)
                              c:/program files (x86)/arm gnu toolchain arm-none-eabi/12.2 mpacbti-rel1/bin/../lib/gcc/arm-none-eabi/12.2.1/thumb/v7e-m+fp/hard\libc_nano.a(libc_a-puts.o) (__swbuf_r)
c:/program files (x86)/arm gnu toolchain arm-none-eabi/12.2 mpacbti-rel1/bin/../lib/gcc/arm-none-eabi/12.2.1/thumb/v7e-m+fp/hard\libc_nano.a(libc_a-wsetup.o)
                              c:/program files (x86)/arm gnu toolchain arm-none-eabi/12.2 mpacbti-rel1/bin/../lib/gcc/arm-none-eabi/12.2.1/thumb/v7e-m+fp/hard\libc_nano.a(libc_a-puts.o) (__swsetup_r)
[...]
Memory Configuration

Name             Origin             Length             Attributes
RAM              0x20000000         0x00020000         xrw
CCMRAM           0x10000000         0x00010000         xrw
FLASH            0x0800c000         0x000f4000         xr
BOOT_CHECK       0x08008000         0x00004000         xr
*default*        0x00000000         0xffffffff

Linker script and memory map

LOAD c:/program files (x86)/arm gnu toolchain arm-none-eabi/12.2 mpacbti-rel1/bin/../lib/gcc/arm-none-eabi/12.2.1/thumb/v7e-m+fp/hard/crti.o
LOAD c:/program files (x86)/arm gnu toolchain arm-none-eabi/12.2 mpacbti-rel1/bin/../lib/gcc/arm-none-eabi/12.2.1/thumb/v7e-m+fp/hard/crtbegin.o
LOAD c:/program files (x86)/arm gnu toolchain arm-none-eabi/12.2 mpacbti-rel1/bin/../lib/gcc/arm-none-eabi/12.2.1/thumb/v7e-m+fp/hard/crt0.o
LOAD build/system_stm32f4xx.o
LOAD build/misc.o
LOAD build/stm32f4xx_adc.o
LOAD build/stm32f4xx_can.o
LOAD build/stm32f4xx_crc.o
LOAD build/stm32f4xx_cryp.o
LOAD build/stm32f4xx_cryp_aes.o
LOAD build/stm32f4xx_cryp_des.o
LOAD build/stm32f4xx_cryp_tdes.o
LOAD build/stm32f4xx_dac.o
LOAD build/stm32f4xx_dbgmcu.o
LOAD build/stm32f4xx_dcmi.o
LOAD build/stm32f4xx_dma.o
LOAD build/stm32f4xx_exti.o
LOAD build/stm32f4xx_flash.o
LOAD build/stm32f4xx_flash_ramfunc.o
LOAD build/stm32f4xx_fsmc.o
LOAD build/stm32f4xx_gpio.o
LOAD build/stm32f4xx_hash.o
LOAD build/stm32f4xx_hash_md5.o
LOAD build/stm32f4xx_hash_sha1.o
LOAD build/stm32f4xx_i2c.o
LOAD build/stm32f4xx_iwdg.o
LOAD build/stm32f4xx_pwr.o
LOAD build/stm32f4xx_rcc.o
LOAD build/stm32f4xx_rng.o
LOAD build/stm32f4xx_rtc.o
LOAD build/stm32f4xx_sai.o
LOAD build/stm32f4xx_sdio.o
LOAD build/stm32f4xx_spi.o
LOAD build/stm32f4xx_syscfg.o
LOAD build/stm32f4xx_tim.o
LOAD build/stm32f4xx_usart.o
LOAD build/stm32f4xx_wwdg.o
LOAD build/led.o
LOAD build/pwm_capture.o
LOAD build/pwm_out.o
LOAD build/taseometer.o
LOAD build/tf_card.o
LOAD build/usart_screen.o
LOAD build/usart_upper_computer.o
LOAD build/main.o
LOAD build/stm32f4xx_it.o
LOAD build/app_computer.o
LOAD build/app_data_storage.o
LOAD build/app_force.o
LOAD build/app_rotate_speed.o
LOAD build/app_ui.o
LOAD build/app_wheel.o
LOAD build/app_wink.o
LOAD build/chip_flash.o
LOAD build/alg.o
LOAD build/croutine.o
LOAD build/event_groups.o
LOAD build/list.o
LOAD build/queue.o
LOAD build/tasks.o
LOAD build/timers.o
LOAD build/app_manager.o
LOAD build/app_task_define.o
LOAD build/common_def.o
LOAD build/device_manager.o
LOAD build/init.o
LOAD build/delay.o
LOAD build/sys.o
LOAD build/usart.o
LOAD build/port.o
LOAD build/heap_4.o
LOAD build/diskio.o
LOAD build/ff.o
LOAD build/cc936.o
LOAD build/startup_stm32f40_41xxx.o
LOAD c:/program files (x86)/arm gnu toolchain arm-none-eabi/12.2 mpacbti-rel1/bin/../lib/gcc/arm-none-eabi/12.2.1/thumb/v7e-m+fp/hard\libc_nano.a
LOAD c:/program files (x86)/arm gnu toolchain arm-none-eabi/12.2 mpacbti-rel1/bin/../lib/gcc/arm-none-eabi/12.2.1/thumb/v7e-m+fp/hard\libm.a
LOAD c:/program files (x86)/arm gnu toolchain arm-none-eabi/12.2 mpacbti-rel1/bin/../lib/gcc/arm-none-eabi/12.2.1/thumb/v7e-m+fp/hard\libnosys.a
START GROUP
LOAD c:/program files (x86)/arm gnu toolchain arm-none-eabi/12.2 mpacbti-rel1/bin/../lib/gcc/arm-none-eabi/12.2.1/thumb/v7e-m+fp/hard\libgcc.a
LOAD c:/program files (x86)/arm gnu toolchain arm-none-eabi/12.2 mpacbti-rel1/bin/../lib/gcc/arm-none-eabi/12.2.1/thumb/v7e-m+fp/hard\libc_nano.a
END GROUP
START GROUP
LOAD c:/program files (x86)/arm gnu toolchain arm-none-eabi/12.2 mpacbti-rel1/bin/../lib/gcc/arm-none-eabi/12.2.1/thumb/v7e-m+fp/hard\libgcc.a
LOAD c:/program files (x86)/arm gnu toolchain arm-none-eabi/12.2 mpacbti-rel1/bin/../lib/gcc/arm-none-eabi/12.2.1/thumb/v7e-m+fp/hard\libc_nano.a
END GROUP
LOAD c:/program files (x86)/arm gnu toolchain arm-none-eabi/12.2 mpacbti-rel1/bin/../lib/gcc/arm-none-eabi/12.2.1/thumb/v7e-m+fp/hard/crtend.o
LOAD c:/program files (x86)/arm gnu toolchain arm-none-eabi/12.2 mpacbti-rel1/bin/../lib/gcc/arm-none-eabi/12.2.1/thumb/v7e-m+fp/hard/crtn.o
                0x20020000                        _estack = (ORIGIN (RAM) + LENGTH (RAM))
                0x00001000                        _Min_Heap_Size = 0x1000
                0x00001000                        _Min_Stack_Size = 0x1000

.isr_vector     0x0800c000      0x188
                0x0800c000                        . = ALIGN (0x4)
 *(.isr_vector)
 .isr_vector    0x0800c000      0x188 build/startup_stm32f40_41xxx.o
                0x0800c000                g_pfnVectors
                0x0800c188                        . = ALIGN (0x4)

.text           0x0800c190     0xf5a8
                0x0800c190                        . = ALIGN (0x4)
 *(.text)
 .text          0x0800c190       0x10 c:/program files (x86)/arm gnu toolchain arm-none-eabi/12.2 mpacbti-rel1/bin/../lib/gcc/arm-none-eabi/12.2.1/thumb/v7e-m+fp/hard\libc_nano.a(libc_a-strlen.o)
                0x0800c190                strlen
 .text          0x0800c1a0       0xa0 c:/program files (x86)/arm gnu toolchain arm-none-eabi/12.2 mpacbti-rel1/bin/../lib/gcc/arm-none-eabi/12.2.1/thumb/v7e-m+fp/hard\libc_nano.a(libc_a-memchr.o)
                0x0800c1a0                memchr
 .text          0x0800c240      0x378 c:/program files (x86)/arm gnu toolchain arm-none-eabi/12.2 mpacbti-rel1/bin/../lib/gcc/arm-none-eabi/12.2.1/thumb/v7e-m+fp/hard\libgcc.a(_arm_addsubdf3.o)
                0x0800c240                __aeabi_drsub
                0x0800c248                __aeabi_dsub
                0x0800c248                __subdf3
                0x0800c24c                __aeabi_dadd
                0x0800c24c                __adddf3
                0x0800c4c4                __floatunsidf
                0x0800c4c4                __aeabi_ui2d
                0x0800c4e4                __floatsidf
                0x0800c4e4                __aeabi_i2d
                0x0800c508                __aeabi_f2d
                0x0800c508                __extendsfdf2
                0x0800c54c                __floatundidf
                0x0800c54c                __aeabi_ul2d
                0x0800c55c                __floatdidf
                0x0800c55c                __aeabi_l2d
 .text          0x0800c5b8      0x424 c:/program files (x86)/arm gnu toolchain arm-none-eabi/12.2 mpacbti-rel1/bin/../lib/gcc/arm-none-eabi/12.2.1/thumb/v7e-m+fp/hard\libgcc.a(_arm_muldivdf3.o)
                0x0800c5b8                __aeabi_dmul
                0x0800c5b8                __muldf3
                0x0800c80c                __divdf3
                0x0800c80c                __aeabi_ddiv
 .text          0x0800c9dc       0x40 c:/program files (x86)/arm gnu toolchain arm-none-eabi/12.2 mpacbti-rel1/bin/../lib/gcc/arm-none-eabi/12.2.1/thumb/v7e-m+fp/hard\libgcc.a(_arm_fixunsdfsi.o)
                0x0800c9dc                __aeabi_d2uiz
                0x0800c9dc                __fixunsdfsi
 .text          0x0800ca1c       0xa0 c:/program files (x86)/arm gnu toolchain arm-none-eabi/12.2 mpacbti-rel1/bin/../lib/gcc/arm-none-eabi/12.2.1/thumb/v7e-m+fp/hard\libgcc.a(_arm_truncdfsf2.o)
                0x0800ca1c                __truncdfsf2
                0x0800ca1c                __aeabi_d2f
 .text          0x0800cabc       0x30 c:/program files (x86)/arm gnu toolchain arm-none-eabi/12.2 mpacbti-rel1/bin/../lib/gcc/arm-none-eabi/12.2.1/thumb/v7e-m+fp/hard\libgcc.a(_aeabi_uldivmod.o)
                0x0800cabc                __aeabi_uldivmod
 .text          0x0800caec        0x4 c:/program files (x86)/arm gnu toolchain arm-none-eabi/12.2 mpacbti-rel1/bin/../lib/gcc/arm-none-eabi/12.2.1/thumb/v7e-m+fp/hard\libgcc.a(_dvmd_tls.o)
                0x0800caec                __aeabi_idiv0
                0x0800caec                __aeabi_ldiv0
 *(.text*)
 .text.deregister_tm_clones
                0x0800caf0       0x1c c:/program files (x86)/arm gnu toolchain arm-none-eabi/12.2 mpacbti-rel1/bin/../lib/gcc/arm-none-eabi/12.2.1/thumb/v7e-m+fp/hard/crtbegin.o
 .text.register_tm_clones
                0x0800cb0c       0x24 c:/program files (x86)/arm gnu toolchain arm-none-eabi/12.2 mpacbti-rel1/bin/../lib/gcc/arm-none-eabi/12.2.1/thumb/v7e-m+fp/hard/crtbegin.o
 .text.__do_global_dtors_aux
                0x0800cb30       0x28 c:/program files (x86)/arm gnu toolchain arm-none-eabi/12.2 mpacbti-rel1/bin/../lib/gcc/arm-none-eabi/12.2.1/thumb/v7e-m+fp/hard/crtbegin.o
 .text.frame_dummy
                0x0800cb58       0x24 c:/program files (x86)/arm gnu toolchain arm-none-eabi/12.2 mpacbti-rel1/bin/../lib/gcc/arm-none-eabi/12.2.1/thumb/v7e-m+fp/hard/crtbegin.o
 .text.SystemInit
                0x0800cb7c       0x6c build/system_stm32f4xx.o
                0x0800cb7c                SystemInit
 .text.SetSysClock
                0x0800cbe8       0xf8 build/system_stm32f4xx.o
 .text.NVIC_PriorityGroupConfig
                0x0800cce0       0x28 build/misc.o
                0x0800cce0                NVIC_PriorityGroupConfig
 .text.NVIC_Init
                0x0800cd08       0xc4 build/misc.o
                0x0800cd08                NVIC_Init
 .text.NVIC_SetVectorTable
                0x0800cdcc       0x2c build/misc.o
                0x0800cdcc                NVIC_SetVectorTable
 .text.SysTick_CLKSourceConfig
                0x0800cdf8       0x38 build/misc.o
                0x0800cdf8                SysTick_CLKSourceConfig
 .text.ADC_Init
                0x0800ce30       0xac build/stm32f4xx_adc.o
                0x0800ce30                ADC_Init
 .text.ADC_StructInit
                0x0800cedc       0x3e build/stm32f4xx_adc.o
                0x0800cedc                ADC_StructInit
 *fill*         0x0800cf1a        0x2 
 .text.ADC_CommonInit
                0x0800cf1c       0x50 build/stm32f4xx_adc.o
                0x0800cf1c                ADC_CommonInit
 .text.ADC_Cmd  0x0800cf6c       0x38 build/stm32f4xx_adc.o
                0x0800cf6c                ADC_Cmd
 .text.ADC_RegularChannelConfig
                0x0800cfa4      0x194 build/stm32f4xx_adc.o
                0x0800cfa4                ADC_RegularChannelConfig
 .text.ADC_SoftwareStartConv
                0x0800d138       0x20 build/stm32f4xx_adc.o
                0x0800d138                ADC_SoftwareStartConv
 .text.ADC_DMACmd
                0x0800d158       0x38 build/stm32f4xx_adc.o
                0x0800d158                ADC_DMACmd
 .text.ADC_DMARequestAfterLastTransferCmd
                0x0800d190       0x38 build/stm32f4xx_adc.o
                0x0800d190                ADC_DMARequestAfterLastTransferCmd
 .text.DMA_DeInit
                0x0800d1c8      0x1a8 build/stm32f4xx_dma.o
                0x0800d1c8                DMA_DeInit
 .text.DMA_Init
                0x0800d370       0xb0 build/stm32f4xx_dma.o
                0x0800d370                DMA_Init
 .text.DMA_Cmd  0x0800d420       0x38 build/stm32f4xx_dma.o
                0x0800d420                DMA_Cmd
 .text.DMA_FlowControllerConfig
                0x0800d458       0x36 build/stm32f4xx_dma.o
                0x0800d458                DMA_FlowControllerConfig
 .text.DMA_SetCurrDataCounter
                0x0800d48e       0x1e build/stm32f4xx_dma.o
                0x0800d48e                DMA_SetCurrDataCounter
 .text.DMA_GetCmdStatus
                0x0800d4ac       0x30 build/stm32f4xx_dma.o
                0x0800d4ac                DMA_GetCmdStatus
 .text.DMA_GetFlagStatus
                0x0800d4dc       0x78 build/stm32f4xx_dma.o
                0x0800d4dc                DMA_GetFlagStatus
 .text.DMA_ClearFlag
                0x0800d554       0x5c build/stm32f4xx_dma.o
                0x0800d554                DMA_ClearFlag
 .text.DMA_ITConfig
                0x0800d5b0       0x74 build/stm32f4xx_dma.o
                0x0800d5b0                DMA_ITConfig
 .text.DMA_GetITStatus
                0x0800d624       0xb0 build/stm32f4xx_dma.o
                0x0800d624                DMA_GetITStatus
 .text.DMA_ClearITPendingBit
                0x0800d6d4       0x5c build/stm32f4xx_dma.o
                0x0800d6d4                DMA_ClearITPendingBit
 .text.EXTI_Init
                0x0800d730       0xe4 build/stm32f4xx_exti.o
                0x0800d730                EXTI_Init
 .text.EXTI_GetITStatus
                0x0800d814       0x34 build/stm32f4xx_exti.o
                0x0800d814                EXTI_GetITStatus
 .text.EXTI_ClearITPendingBit
                0x0800d848       0x20 build/stm32f4xx_exti.o
                0x0800d848                EXTI_ClearITPendingBit
 .text.FLASH_SetLatency
                0x0800d868       0x20 build/stm32f4xx_flash.o
                0x0800d868                FLASH_SetLatency
 .text.FLASH_PrefetchBufferCmd
                0x0800d888       0x3c build/stm32f4xx_flash.o
                0x0800d888                FLASH_PrefetchBufferCmd
 .text.FLASH_Unlock
                0x0800d8c4       0x30 build/stm32f4xx_flash.o
                0x0800d8c4                FLASH_Unlock
 .text.FLASH_Lock
                0x0800d8f4       0x20 build/stm32f4xx_flash.o
                0x0800d8f4                FLASH_Lock
 .text.FLASH_EraseSector
                0x0800d914       0xc0 build/stm32f4xx_flash.o
                0x0800d914                FLASH_EraseSector
 .text.FLASH_ProgramWord
                0x0800d9d4       0x68 build/stm32f4xx_flash.o
                0x0800d9d4                FLASH_ProgramWord
 .text.FLASH_ClearFlag
                0x0800da3c       0x20 build/stm32f4xx_flash.o
                0x0800da3c                FLASH_ClearFlag
 .text.FLASH_GetStatus
                0x0800da5c       0x7c build/stm32f4xx_flash.o
                0x0800da5c                FLASH_GetStatus
 .text.FLASH_WaitForLastOperation
                0x0800dad8       0x30 build/stm32f4xx_flash.o
                0x0800dad8                FLASH_WaitForLastOperation
 .text.GPIO_Init
                0x0800db08      0x11e build/stm32f4xx_gpio.o
                0x0800db08                GPIO_Init
 .text.GPIO_ReadInputDataBit
                0x0800dc26       0x34 build/stm32f4xx_gpio.o
                0x0800dc26                GPIO_ReadInputDataBit
 .text.GPIO_SetBits
                0x0800dc5a       0x1e build/stm32f4xx_gpio.o
                0x0800dc5a                GPIO_SetBits
 .text.GPIO_WriteBit
                0x0800dc78       0x30 build/stm32f4xx_gpio.o
                0x0800dc78                GPIO_WriteBit
 .text.GPIO_PinAFConfig
                0x0800dca8       0x92 build/stm32f4xx_gpio.o
                0x0800dca8                GPIO_PinAFConfig
 *fill*         0x0800dd3a        0x2 
 .text.RCC_GetClocksFreq
                0x0800dd3c      0x15c build/stm32f4xx_rcc.o
                0x0800dd3c                RCC_GetClocksFreq
 .text.RCC_AHB1PeriphClockCmd
                0x0800de98       0x40 build/stm32f4xx_rcc.o
                0x0800de98                RCC_AHB1PeriphClockCmd
 .text.RCC_APB1PeriphClockCmd
                0x0800ded8       0x40 build/stm32f4xx_rcc.o
                0x0800ded8                RCC_APB1PeriphClockCmd
 .text.RCC_APB2PeriphClockCmd
                0x0800df18       0x40 build/stm32f4xx_rcc.o
                0x0800df18                RCC_APB2PeriphClockCmd
 .text.RCC_APB2PeriphResetCmd
                0x0800df58       0x40 build/stm32f4xx_rcc.o
                0x0800df58                RCC_APB2PeriphResetCmd
 .text.SDIO_DeInit
                0x0800df98       0x1c build/stm32f4xx_sdio.o
                0x0800df98                SDIO_DeInit
 .text.SDIO_Init
                0x0800dfb4       0x60 build/stm32f4xx_sdio.o
                0x0800dfb4                SDIO_Init
 .text.SDIO_ClockCmd
                0x0800e014       0x20 build/stm32f4xx_sdio.o
                0x0800e014                SDIO_ClockCmd
 .text.SDIO_SetPowerState
                0x0800e034       0x20 build/stm32f4xx_sdio.o
                0x0800e034                SDIO_SetPowerState
 .text.SDIO_GetPowerState
                0x0800e054       0x1c build/stm32f4xx_sdio.o
                0x0800e054                SDIO_GetPowerState
 .text.SDIO_SendCommand
                0x0800e070       0x58 build/stm32f4xx_sdio.o
                0x0800e070                SDIO_SendCommand
 .text.SDIO_GetCommandResponse
                0x0800e0c8       0x18 build/stm32f4xx_sdio.o
                0x0800e0c8                SDIO_GetCommandResponse
 .text.SDIO_GetResponse
                0x0800e0e0       0x28 build/stm32f4xx_sdio.o
                0x0800e0e0                SDIO_GetResponse
 .text.SDIO_DataConfig
                0x0800e108       0x5c build/stm32f4xx_sdio.o
                0x0800e108                SDIO_DataConfig
 .text.SDIO_ReadData
                0x0800e164       0x18 build/stm32f4xx_sdio.o
                0x0800e164                SDIO_ReadData
 .text.SDIO_DMACmd
                0x0800e17c       0x20 build/stm32f4xx_sdio.o
                0x0800e17c                SDIO_DMACmd
 .text.SDIO_ITConfig
                0x0800e19c       0x40 build/stm32f4xx_sdio.o
                0x0800e19c                SDIO_ITConfig
 .text.SDIO_GetFlagStatus
                0x0800e1dc       0x34 build/stm32f4xx_sdio.o
                0x0800e1dc                SDIO_GetFlagStatus
 .text.SDIO_ClearFlag
                0x0800e210       0x20 build/stm32f4xx_sdio.o
                0x0800e210                SDIO_ClearFlag
 .text.SDIO_GetITStatus
                0x0800e230       0x34 build/stm32f4xx_sdio.o
                0x0800e230                SDIO_GetITStatus
 .text.SDIO_ClearITPendingBit
                0x0800e264       0x20 build/stm32f4xx_sdio.o
                0x0800e264                SDIO_ClearITPendingBit
 .text.SYSCFG_EXTILineConfig
                0x0800e284       0x84 build/stm32f4xx_syscfg.o
                0x0800e284                SYSCFG_EXTILineConfig
 .text.TIM_TimeBaseInit
                0x0800e308       0xd8 build/stm32f4xx_tim.o
                0x0800e308                TIM_TimeBaseInit
 .text.TIM_SetCounter
                0x0800e3e0       0x1c build/stm32f4xx_tim.o
                0x0800e3e0                TIM_SetCounter
 .text.TIM_GetCounter
                0x0800e3fc       0x18 build/stm32f4xx_tim.o
                0x0800e3fc                TIM_GetCounter
 .text.TIM_ARRPreloadConfig
                0x0800e414       0x40 build/stm32f4xx_tim.o
                0x0800e414                TIM_ARRPreloadConfig
 .text.TIM_Cmd  0x0800e454       0x40 build/stm32f4xx_tim.o
                0x0800e454                TIM_Cmd
 .text.TIM_OC1Init
                0x0800e494       0xf4 build/stm32f4xx_tim.o
                0x0800e494                TIM_OC1Init
 .text.TIM_OC2Init
                0x0800e588      0x110 build/stm32f4xx_tim.o
                0x0800e588                TIM_OC2Init
 .text.TIM_SetCompare1
                0x0800e698       0x1c build/stm32f4xx_tim.o
                0x0800e698                TIM_SetCompare1
 .text.TIM_SetCompare2
                0x0800e6b4       0x1c build/stm32f4xx_tim.o
                0x0800e6b4                TIM_SetCompare2
 .text.TIM_OC1PreloadConfig
                0x0800e6d0       0x38 build/stm32f4xx_tim.o
                0x0800e6d0                TIM_OC1PreloadConfig
 .text.TIM_OC2PreloadConfig
                0x0800e708       0x3c build/stm32f4xx_tim.o
                0x0800e708                TIM_OC2PreloadConfig
 .text.TIM_ITConfig
                0x0800e744       0x48 build/stm32f4xx_tim.o
                0x0800e744                TIM_ITConfig
 .text.TIM_ClearFlag
                0x0800e78c       0x22 build/stm32f4xx_tim.o
                0x0800e78c                TIM_ClearFlag
 .text.TIM_GetITStatus
                0x0800e7ae       0x54 build/stm32f4xx_tim.o
                0x0800e7ae                TIM_GetITStatus
 .text.TIM_ClearITPendingBit
                0x0800e802       0x22 build/stm32f4xx_tim.o
                0x0800e802                TIM_ClearITPendingBit
 .text.USART_Init
                0x0800e824      0x174 build/stm32f4xx_usart.o
                0x0800e824                USART_Init
 .text.USART_Cmd
                0x0800e998       0x40 build/stm32f4xx_usart.o
                0x0800e998                USART_Cmd
 .text.USART_ReceiveData
                0x0800e9d8       0x20 build/stm32f4xx_usart.o
                0x0800e9d8                USART_ReceiveData
 .text.USART_DMACmd
                0x0800e9f8       0x48 build/stm32f4xx_usart.o
                0x0800e9f8                USART_DMACmd
 .text.USART_ITConfig
                0x0800ea40       0x90 build/stm32f4xx_usart.o
                0x0800ea40                USART_ITConfig
 .text.USART_GetITStatus
                0x0800ead0       0xb6 build/stm32f4xx_usart.o
                0x0800ead0                USART_GetITStatus
 *fill*         0x0800eb86        0x2 
 .text.DeviceInit
                0x0800eb88       0x54 build/led.o
 .text.DeviceRead
                0x0800ebdc       0x20 build/led.o
 .text.DeviceWrite
                0x0800ebfc       0x3c build/led.o
 .text.LedIntervalCall
                0x0800ec38       0x1a build/led.o
 *fill*         0x0800ec52        0x2 
 .text.DeviceLedInit
                0x0800ec54       0x28 build/led.o
 .text.FrequencyDetect
                0x0800ec7c       0xd8 build/pwm_capture.o
 .text.EXTI15_10_IRQHandler
                0x0800ed54       0x44 build/pwm_capture.o
                0x0800ed54                EXTI15_10_IRQHandler
 .text.GpioConfig
                0x0800ed98       0x7c build/pwm_capture.o
 .text.TIM2_IRQHandler
                0x0800ee14       0x34 build/pwm_capture.o
                0x0800ee14                TIM2_IRQHandler
 .text.CaptureTimerConfig
                0x0800ee48       0x70 build/pwm_capture.o
 .text.DeviceInit
                0x0800eeb8       0x2c build/pwm_capture.o
 *fill*         0x0800eee4        0x4 
 .text.DeviceRead
                0x0800eee8       0xc4 build/pwm_capture.o
 .text.DeviceWrite
                0x0800efac       0x1a build/pwm_capture.o
 .text.DeviceIntervalCall
                0x0800efc6       0x24 build/pwm_capture.o
 *fill*         0x0800efea        0x2 
 .text.DevicePwmCaptureInit
                0x0800efec       0x28 build/pwm_capture.o
 .text.GpioConfig
                0x0800f014       0x50 build/pwm_out.o
 .text.PwmModeConfig
                0x0800f064       0x7c build/pwm_out.o
 .text.DeviceInit
                0x0800f0e0       0x2c build/pwm_out.o
 .text.DeviceRead
                0x0800f10c       0x20 build/pwm_out.o
 .text.DeviceWrite
                0x0800f12c       0x50 build/pwm_out.o
 .text.DevicePwmOutInit
                0x0800f17c       0x28 build/pwm_out.o
 .text.GpioConfig
                0x0800f1a4       0x30 build/taseometer.o
 .text.ADCModeConfig
                0x0800f1d4      0x104 build/taseometer.o
 .text.DeviceInit
                0x0800f2d8       0x2c build/taseometer.o
 *fill*         0x0800f304        0x4 
 .text.DeviceRead
                0x0800f308       0x8c build/taseometer.o
 .text.DeviceWrite
                0x0800f394       0x1a build/taseometer.o
 .text.DeviceIntervalCall
                0x0800f3ae       0x1a build/taseometer.o
 .text.DeviceTaseometerInit
                0x0800f3c8       0x28 build/taseometer.o
 .text.SD_LowLevel_Init
                0x0800f3f0       0xb0 build/tf_card.o
                0x0800f3f0                SD_LowLevel_Init
 .text.SD_LowLevel_DMA_TxConfig
                0x0800f4a0       0xa4 build/tf_card.o
                0x0800f4a0                SD_LowLevel_DMA_TxConfig
 .text.SD_LowLevel_DMA_RxConfig
                0x0800f544       0xa4 build/tf_card.o
                0x0800f544                SD_LowLevel_DMA_RxConfig
 .text.SD_Init  0x0800f5e8       0xe4 build/tf_card.o
                0x0800f5e8                SD_Init
 .text.SD_GetStatus
                0x0800f6cc       0x30 build/tf_card.o
                0x0800f6cc                SD_GetStatus
 .text.SD_GetState
                0x0800f6fc       0x3e build/tf_card.o
                0x0800f6fc                SD_GetState
 .text.SD_Detect
                0x0800f73a       0x1a build/tf_card.o
                0x0800f73a                SD_Detect
 .text.SD_PowerON
                0x0800f754      0x22c build/tf_card.o
                0x0800f754                SD_PowerON
 .text.SD_InitializeCards
                0x0800f980      0x18c build/tf_card.o
                0x0800f980                SD_InitializeCards
 .text.SD_GetCardInfo
                0x0800fb0c      0x678 build/tf_card.o
                0x0800fb0c                SD_GetCardInfo
 .text.SD_EnableWideBusOperation
                0x08010184       0xd8 build/tf_card.o
                0x08010184                SD_EnableWideBusOperation
 .text.SD_SelectDeselect
                0x0801025c       0x4c build/tf_card.o
                0x0801025c                SD_SelectDeselect
 .text.SD_ReadMultiBlocks
                0x080102a8      0x13c build/tf_card.o
                0x080102a8                SD_ReadMultiBlocks
 .text.SD_WaitReadOperation
                0x080103e4       0xbc build/tf_card.o
                0x080103e4                SD_WaitReadOperation
 .text.SD_WriteMultiBlocks
                0x080104a0      0x1b8 build/tf_card.o
                0x080104a0                SD_WriteMultiBlocks
 .text.SD_WaitWriteOperation
                0x08010658       0xbc build/tf_card.o
                0x08010658                SD_WaitWriteOperation
 .text.SD_StopTransfer
                0x08010714       0x48 build/tf_card.o
                0x08010714                SD_StopTransfer
 .text.SD_SendStatus
                0x0801075c       0x78 build/tf_card.o
                0x0801075c                SD_SendStatus
 .text.SD_ProcessIRQSrc
                0x080107d4       0xc8 build/tf_card.o
                0x080107d4                SD_ProcessIRQSrc
 .text.SD_ProcessDMAIRQ
                0x0801089c       0x30 build/tf_card.o
                0x0801089c                SD_ProcessDMAIRQ
 .text.CmdError
                0x080108cc       0x4a build/tf_card.o
 *fill*         0x08010916        0x2 
 .text.CmdResp7Error
                0x08010918       0x78 build/tf_card.o
 .text.CmdResp1Error
                0x08010990      0x1a4 build/tf_card.o
 .text.CmdResp3Error
                0x08010b34       0x50 build/tf_card.o
 .text.CmdResp2Error
                0x08010b84       0x68 build/tf_card.o
 .text.CmdResp6Error
                0x08010bec       0xd0 build/tf_card.o
 .text.SDEnWideBus
                0x08010cbc      0x180 build/tf_card.o
 .text.FindSCR  0x08010e3c      0x204 build/tf_card.o
 .text.SDIO_IRQHandler
                0x08011040        0xc build/tf_card.o
                0x08011040                SDIO_IRQHandler
 .text.DMA2_Stream3_IRQHandler
                0x0801104c        0xc build/tf_card.o
                0x0801104c                DMA2_Stream3_IRQHandler
 .text.DeviceUartInit
                0x08011058       0xa8 build/usart_screen.o
 .text.DeviceInit
                0x08011100       0x34 build/usart_screen.o
 .text.DeviceRead
                0x08011134       0x20 build/usart_screen.o
 .text.DeviceWrite
                0x08011154       0x24 build/usart_screen.o
 .text.DeviceIoctl
                0x08011178       0x24 build/usart_screen.o
 .text.DeviceProbe
                0x0801119c       0x18 build/usart_screen.o
 .text.DGUSIntervalCall
                0x080111b4       0x28 build/usart_screen.o
 .text.DeviceUartScreenInit
                0x080111dc       0x38 build/usart_screen.o
 .text.CommDgusIrqHandler
                0x08011214       0xf4 build/usart_screen.o
 .text.USART2_IRQHandler
                0x08011308       0x3c build/usart_screen.o
                0x08011308                USART2_IRQHandler
 .text.DeviceUartInit
                0x08011344       0xc4 build/usart_upper_computer.o
 .text.UartUpperComputerDMAConfig
                0x08011408       0xb8 build/usart_upper_computer.o
 .text.UsarUpperComputertSend
                0x080114c0       0x48 build/usart_upper_computer.o
 .text.DeviceInit
                0x08011508       0x38 build/usart_upper_computer.o
 .text.DeviceRead
                0x08011540       0x16 build/usart_upper_computer.o
 .text.DeviceWrite
                0x08011556       0x22 build/usart_upper_computer.o
 .text.DeviceProbe
                0x08011578       0x18 build/usart_upper_computer.o
 .text.UpperComputerIntervalCall
                0x08011590       0x1a build/usart_upper_computer.o
 *fill*         0x080115aa        0x2 
 .text.DeviceUpperComputerInit
                0x080115ac       0x38 build/usart_upper_computer.o
 .text.CheckSumCalculate
                0x080115e4       0x40 build/usart_upper_computer.o
 .text.CommOtaIrqHandler
                0x08011624      0x130 build/usart_upper_computer.o
 .text.USART1_IRQHandler
                0x08011754       0x3c build/usart_upper_computer.o
                0x08011754                USART1_IRQHandler
 .text.DMA2_Stream7_IRQHandler
                0x08011790       0x40 build/usart_upper_computer.o
                0x08011790                DMA2_Stream7_IRQHandler
 .text.GetSystemClockConfig
                0x080117d0       0x2c build/main.o
 .text.main     0x080117fc       0x5c build/main.o
                0x080117fc                main
 .text.start_task
                0x08011858       0x2c build/main.o
                0x08011858                start_task
 .text.NMI_Handler
                0x08011884        0xe build/stm32f4xx_it.o
                0x08011884                NMI_Handler
 .text.HardFault_Handler
                0x08011892        0xc build/stm32f4xx_it.o
                0x08011892                HardFault_Handler
 .text.MemManage_Handler
                0x0801189e        0x8 build/stm32f4xx_it.o
                0x0801189e                MemManage_Handler
 .text.BusFault_Handler
                0x080118a6        0x8 build/stm32f4xx_it.o
                0x080118a6                BusFault_Handler
 .text.UsageFault_Handler
                0x080118ae        0x8 build/stm32f4xx_it.o
                0x080118ae                UsageFault_Handler
 .text.DebugMon_Handler
                0x080118b6        0xe build/stm32f4xx_it.o
                0x080118b6                DebugMon_Handler
 .text.NVIC_SystemReset
                0x080118c4       0x2c build/app_computer.o
 .text.ComputerAppProcessUi
                0x080118f0       0x30 build/app_computer.o
 .text.ComputerAppProcess
                0x08011920       0x26 build/app_computer.o
 .text.RD800Process
                0x08011946       0x14 build/app_computer.o
 *fill*         0x0801195a        0x2 
 .text.OtaReplyProcess
                0x0801195c       0x6c build/app_computer.o
 .text.OtaRunBootloader
                0x080119c8       0x50 build/app_computer.o
 .text.OtaProcess
                0x08011a18       0x42 build/app_computer.o
 .text.UpperComputerDeviceProcess
                0x08011a5a       0x34 build/app_computer.o
 .text.ComputerDeviceProcess
                0x08011a8e       0x22 build/app_computer.o
 .text.ComputerTask
                0x08011ab0       0x64 build/app_computer.o
 .text.AppComputerInit
                0x08011b14       0x2c build/app_computer.o
 .text.MoutFs   0x08011b40       0x94 build/app_data_storage.o
 .text.FsWriteLogData
                0x08011bd4      0x1dc build/app_data_storage.o
 .text.FsLogSave
                0x08011db0       0xbc build/app_data_storage.o
 .text.FsPowerSpeedSave
                0x08011e6c       0x88 build/app_data_storage.o
 .text.DataStorageProcess
                0x08011ef4       0x74 build/app_data_storage.o
 .text.DataStorageTask
                0x08011f68       0x2a build/app_data_storage.o
                0x08011f68                DataStorageTask
 *fill*         0x08011f92        0x2 
 .text.AppDataStorageInit
                0x08011f94       0x2c build/app_data_storage.o
 .text.ForceSendData
                0x08011fc0       0x26 build/app_force.o
 *fill*         0x08011fe6        0x2 
 .text.ForceDeviceProcess
                0x08011fe8       0x48 build/app_force.o
 .text.ForceTask
                0x08012030       0x2a build/app_force.o
                0x08012030                ForceTask
 *fill*         0x0801205a        0x2 
 .text.AppForceInit
                0x0801205c       0x2c build/app_force.o
 .text.RotateSpeedSendData
                0x08012088       0x26 build/app_rotate_speed.o
 *fill*         0x080120ae        0x2 
 .text.RotateSpeedDataFilter
                0x080120b0       0x50 build/app_rotate_speed.o
 .text.RotateSpeedDeviceProcess
                0x08012100       0x2e build/app_rotate_speed.o
 .text.RotateSpeedTask
                0x0801212e       0x2a build/app_rotate_speed.o
                0x0801212e                RotateSpeedTask
 .text.AppRotateSpeedInit
                0x08012158       0x2c build/app_rotate_speed.o
 .text.UiAppProcessUi
                0x08012184       0x30 build/app_ui.o
 .text.UiAppProcess
                0x080121b4       0x22 build/app_ui.o
 *fill*         0x080121d6        0x2 
 .text.UiDeviceProcessUartScreen
                0x080121d8       0x30 build/app_ui.o
 .text.UiDeviceProcess
                0x08012208       0x26 build/app_ui.o
 *fill*         0x0801222e        0x2 
 .text.UiTask   0x08012230       0x64 build/app_ui.o
                0x08012230                UiTask
 .text.AppUiInit
                0x08012294       0x2c build/app_ui.o
 .text.WheelAppForceProcess
                0x080122c0       0xe0 build/app_wheel.o
 .text.WheelAppRotateSpeedProcess
                0x080123a0       0x34 build/app_wheel.o
 .text.WheelProcess
                0x080123d4       0x44 build/app_wheel.o
 .text.WheelTask
                0x08012418       0x2a build/app_wheel.o
                0x08012418                WheelTask
 *fill*         0x08012442        0x2 
 .text.AppWheelInit
                0x08012444       0x2c build/app_wheel.o
 .text.WinkDeviceProcess
                0x08012470       0x40 build/app_wink.o
 .text.WinkTask
                0x080124b0       0x2a build/app_wink.o
                0x080124b0                WinkTask
 *fill*         0x080124da        0x2 
 .text.AppWinkInit
                0x080124dc       0x2c build/app_wink.o
 .text.ChipFlashPageWrite
                0x08012508       0x76 build/chip_flash.o
                0x08012508                ChipFlashPageWrite
 .text.ChipFlashPagRead
                0x0801257e       0x4e build/chip_flash.o
                0x0801257e                ChipFlashPagRead
 .text.ReadSysConfigFromFlash
                0x080125cc       0x24 build/chip_flash.o
 .text.WriteSysConfigToFlash
                0x080125f0       0x30 build/chip_flash.o
 .text.SysConfigInit
                0x08012620        0xe build/chip_flash.o
 *fill*         0x0801262e        0x2 
 .text.GetSysConfigOpt
                0x08012630       0x14 build/chip_flash.o
                0x08012630                GetSysConfigOpt
 .text.WeightMovingAverageFilter
                0x08012644      0x11c build/alg.o
                0x08012644                WeightMovingAverageFilter
 .text.IncPID   0x08012760       0xee build/alg.o
                0x08012760                IncPID
 *fill*         0x0801284e        0x2 
 .text.NeuralPID
                0x08012850      0x3c4 build/alg.o
                0x08012850                NeuralPID
 .text.vListInitialise
                0x08012c14       0x40 build/list.o
                0x08012c14                vListInitialise
 .text.vListInitialiseItem
                0x08012c54       0x1a build/list.o
                0x08012c54                vListInitialiseItem
 .text.vListInsertEnd
                0x08012c6e       0x48 build/list.o
                0x08012c6e                vListInsertEnd
 .text.vListInsert
                0x08012cb6       0x72 build/list.o
                0x08012cb6                vListInsert
 .text.uxListRemove
                0x08012d28       0x54 build/list.o
                0x08012d28                uxListRemove
 .text.xQueueGenericReset
                0x08012d7c       0xd0 build/queue.o
                0x08012d7c                xQueueGenericReset
 .text.xQueueGenericCreate
                0x08012e4c       0x74 build/queue.o
                0x08012e4c                xQueueGenericCreate
 .text.prvInitialiseNewQueue
                0x08012ec0       0x4c build/queue.o
 .text.xQueueGenericSend
                0x08012f0c      0x204 build/queue.o
                0x08012f0c                xQueueGenericSend
 .text.xQueueGenericSendFromISR
                0x08013110      0x140 build/queue.o
                0x08013110                xQueueGenericSendFromISR
 .text.xQueueGenericReceive
                0x08013250      0x214 build/queue.o
                0x08013250                xQueueGenericReceive
 .text.uxQueueSpacesAvailable
                0x08013464       0x44 build/queue.o
                0x08013464                uxQueueSpacesAvailable
 .text.prvCopyDataToQueue
                0x080134a8       0xd4 build/queue.o
 .text.prvCopyDataFromQueue
                0x0801357c       0x4c build/queue.o
 .text.prvUnlockQueue
                0x080135c8       0xc0 build/queue.o
 .text.prvIsQueueEmpty
                0x08013688       0x2c build/queue.o
 .text.prvIsQueueFull
                0x080136b4       0x30 build/queue.o
 .text.vQueueAddToRegistry
                0x080136e4       0x54 build/queue.o
                0x080136e4                vQueueAddToRegistry
 .text.vQueueWaitForMessageRestricted
                0x08013738       0x68 build/queue.o
                0x08013738                vQueueWaitForMessageRestricted
 .text.prvNotifyQueueSetContainer
                0x080137a0       0xa8 build/queue.o
 .text.xTaskCreate
                0x08013848       0x82 build/tasks.o
                0x08013848                xTaskCreate
 *fill*         0x080138ca        0x2 
 .text.prvInitialiseNewTask
                0x080138cc      0x10c build/tasks.o
 .text.prvAddNewTaskToReadyList
                0x080139d8       0xdc build/tasks.o
 .text.vTaskDelete
                0x08013ab4      0x11c build/tasks.o
                0x08013ab4                vTaskDelete
 .text.vTaskStartScheduler
                0x08013bd0       0x98 build/tasks.o
                0x08013bd0                vTaskStartScheduler
 .text.vTaskSuspendAll
                0x08013c68       0x1c build/tasks.o
                0x08013c68                vTaskSuspendAll
 .text.xTaskResumeAll
                0x08013c84      0x138 build/tasks.o
                0x08013c84                xTaskResumeAll
 .text.xTaskGetTickCount
                0x08013dbc       0x20 build/tasks.o
                0x08013dbc                xTaskGetTickCount
 .text.xTaskIncrementTick
                0x08013ddc      0x178 build/tasks.o
                0x08013ddc                xTaskIncrementTick
 .text.vTaskSwitchContext
                0x08013f54       0xb0 build/tasks.o
                0x08013f54                vTaskSwitchContext
 .text.vTaskPlaceOnEventList
                0x08014004       0x48 build/tasks.o
                0x08014004                vTaskPlaceOnEventList
 .text.vTaskPlaceOnEventListRestricted
                0x0801404c       0x54 build/tasks.o
                0x0801404c                vTaskPlaceOnEventListRestricted
 .text.xTaskRemoveFromEventList
                0x080140a0       0xc4 build/tasks.o
                0x080140a0                xTaskRemoveFromEventList
 .text.vTaskSetTimeOutState
                0x08014164       0x44 build/tasks.o
                0x08014164                vTaskSetTimeOutState
 .text.xTaskCheckForTimeOut
                0x080141a8       0xb4 build/tasks.o
                0x080141a8                xTaskCheckForTimeOut
 .text.vTaskMissedYield
                0x0801425c       0x18 build/tasks.o
                0x0801425c                vTaskMissedYield
 .text.prvIdleTask
                0x08014274       0x30 build/tasks.o
 .text.prvInitialiseTaskLists
                0x080142a4       0x80 build/tasks.o
 .text.prvCheckTasksWaitingTermination
                0x08014324       0x78 build/tasks.o
 .text.prvTaskCheckFreeStackSpace
                0x0801439c       0x38 build/tasks.o
 .text.uxTaskGetStackHighWaterMark
                0x080143d4       0x38 build/tasks.o
                0x080143d4                uxTaskGetStackHighWaterMark
 .text.prvDeleteTCB
                0x0801440c       0x20 build/tasks.o
 .text.prvResetNextTaskUnblockTime
                0x0801442c       0x4c build/tasks.o
 .text.xTaskGetSchedulerState
                0x08014478       0x3c build/tasks.o
                0x08014478                xTaskGetSchedulerState
 .text.vTaskPriorityInherit
                0x080144b4       0xec build/tasks.o
                0x080144b4                vTaskPriorityInherit
 .text.xTaskPriorityDisinherit
                0x080145a0      0x100 build/tasks.o
                0x080145a0                xTaskPriorityDisinherit
 .text.pvTaskIncrementMutexHeldCount
                0x080146a0       0x28 build/tasks.o
                0x080146a0                pvTaskIncrementMutexHeldCount
 .text.prvAddCurrentTaskToDelayedList
                0x080146c8       0xcc build/tasks.o
 .text.xTimerCreateTimerTask
                0x08014794       0x64 build/timers.o
                0x08014794                xTimerCreateTimerTask
 .text.xTimerCreate
                0x080147f8       0x3a build/timers.o
                0x080147f8                xTimerCreate
 *fill*         0x08014832        0x2 
 .text.prvInitialiseNewTimer
                0x08014834       0x64 build/timers.o
 .text.xTimerGenericCommand
                0x08014898       0x98 build/timers.o
                0x08014898                xTimerGenericCommand
 .text.prvProcessExpiredTimer
                0x08014930       0x80 build/timers.o
 .text.prvTimerTask
                0x080149b0       0x26 build/timers.o
 *fill*         0x080149d6        0x2 
 .text.prvProcessTimerOrBlockTask
                0x080149d8       0x9c build/timers.o
 .text.prvGetNextExpireTime
                0x08014a74       0x48 build/timers.o
 .text.prvSampleTimeNow
                0x08014abc       0x40 build/timers.o
 .text.prvInsertTimerInActiveList
                0x08014afc       0x84 build/timers.o
 .text.prvProcessReceivedCommands
                0x08014b80      0x154 build/timers.o
 .text.prvSwitchTimerLists
                0x08014cd4       0xc0 build/timers.o
 .text.prvCheckForValidListAndQueue
                0x08014d94       0x6c build/timers.o
 .text.RegisterApp
                0x08014e00       0x30 build/app_manager.o
                0x08014e00                RegisterApp
 .text.GetAppInfo
                0x08014e30       0x44 build/app_manager.o
                0x08014e30                GetAppInfo
 .text.SendDataToQueue
                0x08014e74       0xb8 build/app_manager.o
                0x08014e74                SendDataToQueue
 .text.TaskQueueCreate
                0x08014f2c       0x74 build/app_task_define.o
 .text.TaskInit
                0x08014fa0       0x54 build/app_task_define.o
                0x08014fa0                TaskInit
 .text.TaskCreate
                0x08014ff4       0xc4 build/app_task_define.o
                0x08014ff4                TaskCreate
 .text.SendDataToApp
                0x080150b8       0x74 build/app_task_define.o
                0x080150b8                SendDataToApp
 .text.TaskRemainStack
                0x0801512c       0xa4 build/app_task_define.o
                0x0801512c                TaskRemainStack
 .text.CommonTime
                0x080151d0       0xf8 build/common_def.o
                0x080151d0                CommonTime
 .text.PrintfLogInfo
                0x080152c8      0x134 build/common_def.o
                0x080152c8                PrintfLogInfo
 .text._isatty  0x080153fc       0x2c build/common_def.o
                0x080153fc                _isatty
 .text._close   0x08015428       0x2e build/common_def.o
                0x08015428                _close
 .text._lseek   0x08015456       0x22 build/common_def.o
                0x08015456                _lseek
 .text._fstat   0x08015478       0x36 build/common_def.o
                0x08015478                _fstat
 .text._read    0x080154ae       0x2e build/common_def.o
                0x080154ae                _read
 .text._write   0x080154dc       0x2e build/common_def.o
                0x080154dc                _write
 *fill*         0x0801550a        0x2 
 .text.DeviceManagerSetInterval
                0x0801550c       0x64 build/device_manager.o
 .text.SetIntervalTimerCall
                0x08015570       0xdc build/device_manager.o
 .text.DeviceCreateSetIntervalTimer
                0x0801564c       0x58 build/device_manager.o
                0x0801564c                DeviceCreateSetIntervalTimer
 .text.RegisterDevice
                0x080156a4       0x88 build/device_manager.o
                0x080156a4                RegisterDevice
 .text.GetDeviceInfo
                0x0801572c       0x4c build/device_manager.o
                0x0801572c                GetDeviceInfo
 .text.DeviceSampleData
                0x08015778       0x26 build/device_manager.o
                0x08015778                DeviceSampleData
 .text.DoInit   0x0801579e       0x22 build/init.o
 .text.Init     0x080157c0       0x40 build/init.o
                0x080157c0                Init
 .text.SysTick_Handler
                0x08015800       0x16 build/delay.o
                0x08015800                SysTick_Handler
 *fill*         0x08015816        0x2 
 .text.delay_init
                0x08015818       0x54 build/delay.o
                0x08015818                delay_init
 .text.uart_init
                0x0801586c       0x12 build/usart.o
                0x0801586c                uart_init
 *fill*         0x0801587e        0x2 
 .text.USART3_IRQHandler
                0x08015880       0xcc build/usart.o
                0x08015880                USART3_IRQHandler
 .text.pxPortInitialiseStack
                0x0801594c       0x68 build/port.o
                0x0801594c                pxPortInitialiseStack
 .text.prvTaskExitError
                0x080159b4       0x50 build/port.o
 *fill*         0x08015a04        0xc 
 .text.SVC_Handler
                0x08015a10       0x28 build/port.o
                0x08015a10                SVC_Handler
 .text.prvPortStartFirstTask
                0x08015a38       0x2c build/port.o
 .text.xPortStartScheduler
                0x08015a64      0x144 build/port.o
                0x08015a64                xPortStartScheduler
 .text.vPortEnterCritical
                0x08015ba8       0x5c build/port.o
                0x08015ba8                vPortEnterCritical
 .text.vPortExitCritical
                0x08015c04       0x4c build/port.o
                0x08015c04                vPortExitCritical
 .text.PendSV_Handler
                0x08015c50       0x68 build/port.o
                0x08015c50                PendSV_Handler
 .text.xPortSysTickHandler
                0x08015cb8       0x44 build/port.o
                0x08015cb8                xPortSysTickHandler
 .text.vPortSetupTimerInterrupt
                0x08015cfc       0x48 build/port.o
                0x08015cfc                vPortSetupTimerInterrupt
 .text.vPortEnableVFP
                0x08015d44       0x18 build/port.o
 .text.vPortValidateInterruptPriority
                0x08015d5c       0x70 build/port.o
                0x08015d5c                vPortValidateInterruptPriority
 .text.pvPortMalloc
                0x08015dcc      0x170 build/heap_4.o
                0x08015dcc                pvPortMalloc
 .text.vPortFree
                0x08015f3c       0xa8 build/heap_4.o
                0x08015f3c                vPortFree
 .text.prvHeapInit
                0x08015fe4       0xc4 build/heap_4.o
 .text.prvInsertBlockIntoFreeList
                0x080160a8       0xb4 build/heap_4.o
 .text.disk_status
                0x0801615c       0x3a build/diskio.o
                0x0801615c                disk_status
 .text.disk_initialize
                0x08016196       0x46 build/diskio.o
                0x08016196                disk_initialize
 .text.disk_read
                0x080161dc      0x17c build/diskio.o
                0x080161dc                disk_read
 .text.disk_write
                0x08016358      0x18e build/diskio.o
                0x08016358                disk_write
 *fill*         0x080164e6        0x2 
 .text.disk_ioctl
                0x080164e8       0x8c build/diskio.o
                0x080164e8                disk_ioctl
 .text.get_fattime
                0x08016574       0x14 build/diskio.o
                0x08016574                get_fattime
 .text.mem_cpy  0x08016588       0x3e build/ff.o
 .text.mem_set  0x080165c6       0x36 build/ff.o
 .text.mem_cmp  0x080165fc       0x4e build/ff.o
 .text.chk_chr  0x0801664a       0x36 build/ff.o
 .text.sync_window
                0x08016680       0x88 build/ff.o
 .text.move_window
                0x08016708       0x5a build/ff.o
 .text.sync_fs  0x08016762      0x144 build/ff.o
 .text.clust2sect
                0x080168a6       0x3e build/ff.o
                0x080168a6                clust2sect
 .text.get_fat  0x080168e4      0x172 build/ff.o
                0x080168e4                get_fat
 .text.put_fat  0x08016a56      0x210 build/ff.o
                0x08016a56                put_fat
 .text.remove_chain
                0x08016c66       0xa6 build/ff.o
 .text.create_chain
                0x08016d0c      0x126 build/ff.o
 .text.dir_sdi  0x08016e32       0xfe build/ff.o
 .text.dir_next
                0x08016f30      0x1a6 build/ff.o
 .text.dir_alloc
                0x080170d6       0x8c build/ff.o
 .text.ld_clust
                0x08017162       0x5a build/ff.o
 .text.st_clust
                0x080171bc       0x4e build/ff.o
 *fill*         0x0801720a        0x2 
 .text.cmp_lfn  0x0801720c       0xfc build/ff.o
 .text.fit_lfn  0x08017308       0xec build/ff.o
 .text.gen_numname
                0x080173f4      0x148 build/ff.o
 .text.sum_sfn  0x0801753c       0x42 build/ff.o
 .text.dir_find
                0x0801757e      0x168 build/ff.o
 *fill*         0x080176e6        0x2 
 .text.dir_register
                0x080176e8      0x1f0 build/ff.o
 .text.create_name
                0x080178d8      0x3e8 build/ff.o
 .text.follow_path
                0x08017cc0       0xd0 build/ff.o
 .text.get_ldnumber
                0x08017d90       0x88 build/ff.o
 .text.check_fs
                0x08017e18       0xd0 build/ff.o
 .text.find_volume
                0x08017ee8      0x55c build/ff.o
 .text.validate
                0x08018444       0x56 build/ff.o
 *fill*         0x0801849a        0x2 
 .text.f_mount  0x0801849c       0x88 build/ff.o
                0x0801849c                f_mount
 .text.f_open   0x08018524      0x41c build/ff.o
                0x08018524                f_open
 .text.f_read   0x08018940      0x26e build/ff.o
                0x08018940                f_read
 .text.f_write  0x08018bae      0x2d8 build/ff.o
                0x08018bae                f_write
 .text.f_sync   0x08018e86      0x150 build/ff.o
                0x08018e86                f_sync
 .text.f_close  0x08018fd6       0x38 build/ff.o
                0x08018fd6                f_close
 .text.f_lseek  0x0801900e      0x266 build/ff.o
                0x0801900e                f_lseek
 .text.f_mkdir  0x08019274      0x2de build/ff.o
                0x08019274                f_mkdir
 *fill*         0x08019552        0x2 
 .text.f_mkfs   0x08019554      0x944 build/ff.o
                0x08019554                f_mkfs
 .text.ff_convert
                0x08019e98       0xbc build/cc936.o
                0x08019e98                ff_convert
 .text.ff_wtoupper
                0x08019f54       0x9c build/cc936.o
                0x08019f54                ff_wtoupper
 .text.Reset_Handler
                0x08019ff0       0x44 build/startup_stm32f40_41xxx.o
                0x08019ff0                Reset_Handler
 .text.Default_Handler
                0x0801a034        0x2 build/startup_stm32f40_41xxx.o
                0x0801a034                RTC_Alarm_IRQHandler
                0x0801a034                HASH_RNG_IRQHandler
                0x0801a034                EXTI2_IRQHandler
                0x0801a034                TIM8_CC_IRQHandler
                0x0801a034                TIM1_CC_IRQHandler
                0x0801a034                DMA2_Stream5_IRQHandler
                0x0801a034                DMA1_Stream5_IRQHandler
                0x0801a034                PVD_IRQHandler
                0x0801a034                TAMP_STAMP_IRQHandler
                0x0801a034                CAN2_RX1_IRQHandler
                0x0801a034                EXTI3_IRQHandler
                0x0801a034                TIM8_TRG_COM_TIM14_IRQHandler
                0x0801a034                TIM1_UP_TIM10_IRQHandler
                0x0801a034                TIM8_UP_TIM13_IRQHandler
                0x0801a034                I2C3_ER_IRQHandler
                0x0801a034                EXTI0_IRQHandler
                0x0801a034                I2C2_EV_IRQHandler
                0x0801a034                DMA1_Stream2_IRQHandler
                0x0801a034                CAN1_RX0_IRQHandler
                0x0801a034                FPU_IRQHandler
                0x0801a034                OTG_HS_WKUP_IRQHandler
                0x0801a034                CAN2_SCE_IRQHandler
                0x0801a034                DMA2_Stream2_IRQHandler
                0x0801a034                SPI1_IRQHandler
                0x0801a034                TIM6_DAC_IRQHandler
                0x0801a034                TIM1_BRK_TIM9_IRQHandler
                0x0801a034                DCMI_IRQHandler
                0x0801a034                CAN2_RX0_IRQHandler
                0x0801a034                USART6_IRQHandler
                0x0801a034                CRYP_IRQHandler
                0x0801a034                CAN1_RX1_IRQHandler
                0x0801a034                UART5_IRQHandler
                0x0801a034                DMA2_Stream0_IRQHandler
                0x0801a034                TIM4_IRQHandler
                0x0801a034                I2C1_EV_IRQHandler
                0x0801a034                DMA1_Stream6_IRQHandler
                0x0801a034                DMA1_Stream1_IRQHandler
                0x0801a034                UART4_IRQHandler
                0x0801a034                TIM3_IRQHandler
                0x0801a034                RCC_IRQHandler
                0x0801a034                TIM8_BRK_TIM12_IRQHandler
                0x0801a034                Default_Handler
                0x0801a034                ADC_IRQHandler
                0x0801a034                DMA1_Stream7_IRQHandler
                0x0801a034                TIM7_IRQHandler
                0x0801a034                CAN2_TX_IRQHandler
                0x0801a034                TIM5_IRQHandler
                0x0801a034                I2C3_EV_IRQHandler
                0x0801a034                EXTI9_5_IRQHandler
                0x0801a034                RTC_WKUP_IRQHandler
                0x0801a034                ETH_WKUP_IRQHandler
                0x0801a034                SPI2_IRQHandler
                0x0801a034                OTG_HS_EP1_IN_IRQHandler
                0x0801a034                DMA1_Stream0_IRQHandler
                0x0801a034                CAN1_TX_IRQHandler
                0x0801a034                EXTI4_IRQHandler
                0x0801a034                FSMC_IRQHandler
                0x0801a034                ETH_IRQHandler
                0x0801a034                OTG_HS_EP1_OUT_IRQHandler
                0x0801a034                WWDG_IRQHandler
                0x0801a034                OTG_FS_WKUP_IRQHandler
                0x0801a034                TIM1_TRG_COM_TIM11_IRQHandler
                0x0801a034                OTG_HS_IRQHandler
                0x0801a034                EXTI1_IRQHandler
                0x0801a034                I2C2_ER_IRQHandler
                0x0801a034                DMA2_Stream1_IRQHandler
                0x0801a034                CAN1_SCE_IRQHandler
                0x0801a034                FLASH_IRQHandler
                0x0801a034                DMA2_Stream4_IRQHandler
                0x0801a034                OTG_FS_IRQHandler
                0x0801a034                SPI3_IRQHandler
                0x0801a034                DMA1_Stream4_IRQHandler
                0x0801a034                I2C1_ER_IRQHandler
                0x0801a034                DMA2_Stream6_IRQHandler
                0x0801a034                DMA1_Stream3_IRQHandler
 .text.atoi     0x0801a036        0x8 c:/program files (x86)/arm gnu toolchain arm-none-eabi/12.2 mpacbti-rel1/bin/../lib/gcc/arm-none-eabi/12.2.1/thumb/v7e-m+fp/hard\libc_nano.a(libc_a-atoi.o)
                0x0801a036                atoi
 *fill*         0x0801a03e        0x2 
 .text.malloc   0x0801a040       0x10 c:/program files (x86)/arm gnu toolchain arm-none-eabi/12.2 mpacbti-rel1/bin/../lib/gcc/arm-none-eabi/12.2.1/thumb/v7e-m+fp/hard\libc_nano.a(libc_a-malloc.o)
                0x0801a040                malloc
 .text.free     0x0801a050       0x10 c:/program files (x86)/arm gnu toolchain arm-none-eabi/12.2 mpacbti-rel1/bin/../lib/gcc/arm-none-eabi/12.2.1/thumb/v7e-m+fp/hard\libc_nano.a(libc_a-malloc.o)
                0x0801a050                free
 .text.sbrk_aligned
                0x0801a060       0x44 c:/program files (x86)/arm gnu toolchain arm-none-eabi/12.2 mpacbti-rel1/bin/../lib/gcc/arm-none-eabi/12.2.1/thumb/v7e-m+fp/hard\libc_nano.a(libc_a-mallocr.o)
 .text._malloc_r
                0x0801a0a4      0x100 c:/program files (x86)/arm gnu toolchain arm-none-eabi/12.2 mpacbti-rel1/bin/../lib/gcc/arm-none-eabi/12.2.1/thumb/v7e-m+fp/hard\libc_nano.a(libc_a-mallocr.o)
                0x0801a0a4                _malloc_r
 .text.__malloc_lock
                0x0801a1a4        0xc c:/program files (x86)/arm gnu toolchain arm-none-eabi/12.2 mpacbti-rel1/bin/../lib/gcc/arm-none-eabi/12.2.1/thumb/v7e-m+fp/hard\libc_nano.a(libc_a-mlock.o)
                0x0801a1a4                __malloc_lock
 .text.__malloc_unlock
                0x0801a1b0        0xc c:/program files (x86)/arm gnu toolchain arm-none-eabi/12.2 mpacbti-rel1/bin/../lib/gcc/arm-none-eabi/12.2.1/thumb/v7e-m+fp/hard\libc_nano.a(libc_a-mlock.o)
                0x0801a1b0                __malloc_unlock
 .text._strtol_l.constprop.0
                0x0801a1bc       0xfc c:/program files (x86)/arm gnu toolchain arm-none-eabi/12.2 mpacbti-rel1/bin/../lib/gcc/arm-none-eabi/12.2.1/thumb/v7e-m+fp/hard\libc_nano.a(libc_a-strtol.o)
 .text.strtol   0x0801a2b8       0x14 c:/program files (x86)/arm gnu toolchain arm-none-eabi/12.2 mpacbti-rel1/bin/../lib/gcc/arm-none-eabi/12.2.1/thumb/v7e-m+fp/hard\libc_nano.a(libc_a-strtol.o)
                0x0801a2b8                strtol
 .text.std      0x0801a2cc       0x6c c:/program files (x86)/arm gnu toolchain arm-none-eabi/12.2 mpacbti-rel1/bin/../lib/gcc/arm-none-eabi/12.2.1/thumb/v7e-m+fp/hard\libc_nano.a(libc_a-findfp.o)
 .text.stdio_exit_handler
                0x0801a338       0x18 c:/program files (x86)/arm gnu toolchain arm-none-eabi/12.2 mpacbti-rel1/bin/../lib/gcc/arm-none-eabi/12.2.1/thumb/v7e-m+fp/hard\libc_nano.a(libc_a-findfp.o)
 .text.cleanup_stdio
                0x0801a350       0x40 c:/program files (x86)/arm gnu toolchain arm-none-eabi/12.2 mpacbti-rel1/bin/../lib/gcc/arm-none-eabi/12.2.1/thumb/v7e-m+fp/hard\libc_nano.a(libc_a-findfp.o)
 .text.global_stdio_init.part.0
                0x0801a390       0x3c c:/program files (x86)/arm gnu toolchain arm-none-eabi/12.2 mpacbti-rel1/bin/../lib/gcc/arm-none-eabi/12.2.1/thumb/v7e-m+fp/hard\libc_nano.a(libc_a-findfp.o)
 .text.__sfp_lock_acquire
                0x0801a3cc        0xc c:/program files (x86)/arm gnu toolchain arm-none-eabi/12.2 mpacbti-rel1/bin/../lib/gcc/arm-none-eabi/12.2.1/thumb/v7e-m+fp/hard\libc_nano.a(libc_a-findfp.o)
                0x0801a3cc                __sfp_lock_acquire
 .text.__sfp_lock_release
                0x0801a3d8        0xc c:/program files (x86)/arm gnu toolchain arm-none-eabi/12.2 mpacbti-rel1/bin/../lib/gcc/arm-none-eabi/12.2.1/thumb/v7e-m+fp/hard\libc_nano.a(libc_a-findfp.o)
                0x0801a3d8                __sfp_lock_release
 .text.__sinit  0x0801a3e4       0x30 c:/program files (x86)/arm gnu toolchain arm-none-eabi/12.2 mpacbti-rel1/bin/../lib/gcc/arm-none-eabi/12.2.1/thumb/v7e-m+fp/hard\libc_nano.a(libc_a-findfp.o)
                0x0801a3e4                __sinit
 .text._fwalk_sglue
                0x0801a414       0x3c c:/program files (x86)/arm gnu toolchain arm-none-eabi/12.2 mpacbti-rel1/bin/../lib/gcc/arm-none-eabi/12.2.1/thumb/v7e-m+fp/hard\libc_nano.a(libc_a-fwalk.o)
                0x0801a414                _fwalk_sglue
 .text.printf   0x0801a450       0x24 c:/program files (x86)/arm gnu toolchain arm-none-eabi/12.2 mpacbti-rel1/bin/../lib/gcc/arm-none-eabi/12.2.1/thumb/v7e-m+fp/hard\libc_nano.a(libc_a-printf.o)
                0x0801a450                iprintf
                0x0801a450                printf
 .text._puts_r  0x0801a474       0xaa c:/program files (x86)/arm gnu toolchain arm-none-eabi/12.2 mpacbti-rel1/bin/../lib/gcc/arm-none-eabi/12.2.1/thumb/v7e-m+fp/hard\libc_nano.a(libc_a-puts.o)
                0x0801a474                _puts_r
 *fill*         0x0801a51e        0x2 
 .text.puts     0x0801a520       0x10 c:/program files (x86)/arm gnu toolchain arm-none-eabi/12.2 mpacbti-rel1/bin/../lib/gcc/arm-none-eabi/12.2.1/thumb/v7e-m+fp/hard\libc_nano.a(libc_a-puts.o)
                0x0801a520                puts
 .text.sprintf  0x0801a530       0x40 c:/program files (x86)/arm gnu toolchain arm-none-eabi/12.2 mpacbti-rel1/bin/../lib/gcc/arm-none-eabi/12.2.1/thumb/v7e-m+fp/hard\libc_nano.a(libc_a-sprintf.o)
                0x0801a530                siprintf
                0x0801a530                sprintf
 .text.__sread  0x0801a570       0x22 c:/program files (x86)/arm gnu toolchain arm-none-eabi/12.2 mpacbti-rel1/bin/../lib/gcc/arm-none-eabi/12.2.1/thumb/v7e-m+fp/hard\libc_nano.a(libc_a-stdio.o)
                0x0801a570                __sread
 .text.__swrite
                0x0801a592       0x38 c:/program files (x86)/arm gnu toolchain arm-none-eabi/12.2 mpacbti-rel1/bin/../lib/gcc/arm-none-eabi/12.2.1/thumb/v7e-m+fp/hard\libc_nano.a(libc_a-stdio.o)
                0x0801a592                __swrite
 .text.__sseek  0x0801a5ca       0x24 c:/program files (x86)/arm gnu toolchain arm-none-eabi/12.2 mpacbti-rel1/bin/../lib/gcc/arm-none-eabi/12.2.1/thumb/v7e-m+fp/hard\libc_nano.a(libc_a-stdio.o)
                0x0801a5ca                __sseek
 .text.__sclose
                0x0801a5ee        0x8 c:/program files (x86)/arm gnu toolchain arm-none-eabi/12.2 mpacbti-rel1/bin/../lib/gcc/arm-none-eabi/12.2.1/thumb/v7e-m+fp/hard\libc_nano.a(libc_a-stdio.o)
                0x0801a5ee                __sclose
 *fill*         0x0801a5f6        0x2 
 .text._vsprintf_r
                0x0801a5f8       0x2c c:/program files (x86)/arm gnu toolchain arm-none-eabi/12.2 mpacbti-rel1/bin/../lib/gcc/arm-none-eabi/12.2.1/thumb/v7e-m+fp/hard\libc_nano.a(libc_a-vsprintf.o)
                0x0801a5f8                _vsprintf_r
                0x0801a5f8                _vsiprintf_r
 .text.vsprintf
                0x0801a624       0x14 c:/program files (x86)/arm gnu toolchain arm-none-eabi/12.2 mpacbti-rel1/bin/../lib/gcc/arm-none-eabi/12.2.1/thumb/v7e-m+fp/hard\libc_nano.a(libc_a-vsprintf.o)
                0x0801a624                vsiprintf
                0x0801a624                vsprintf
 .text.__swbuf_r
                0x0801a638       0x7c c:/program files (x86)/arm gnu toolchain arm-none-eabi/12.2 mpacbti-rel1/bin/../lib/gcc/arm-none-eabi/12.2.1/thumb/v7e-m+fp/hard\libc_nano.a(libc_a-wbuf.o)
                0x0801a638                __swbuf_r
 .text.__swsetup_r
                0x0801a6b4       0xac c:/program files (x86)/arm gnu toolchain arm-none-eabi/12.2 mpacbti-rel1/bin/../lib/gcc/arm-none-eabi/12.2.1/thumb/v7e-m+fp/hard\libc_nano.a(libc_a-wsetup.o)
                0x0801a6b4                __swsetup_r
 .text.memset   0x0801a760       0x10 c:/program files (x86)/arm gnu toolchain arm-none-eabi/12.2 mpacbti-rel1/bin/../lib/gcc/arm-none-eabi/12.2.1/thumb/v7e-m+fp/hard\libc_nano.a(libc_a-memset.o)
                0x0801a760                memset
 .text._close_r
                0x0801a770       0x20 c:/program files (x86)/arm gnu toolchain arm-none-eabi/12.2 mpacbti-rel1/bin/../lib/gcc/arm-none-eabi/12.2.1/thumb/v7e-m+fp/hard\libc_nano.a(libc_a-closer.o)
                0x0801a770                _close_r
 .text._lseek_r
                0x0801a790       0x24 c:/program files (x86)/arm gnu toolchain arm-none-eabi/12.2 mpacbti-rel1/bin/../lib/gcc/arm-none-eabi/12.2.1/thumb/v7e-m+fp/hard\libc_nano.a(libc_a-lseekr.o)
                0x0801a790                _lseek_r
 .text._read_r  0x0801a7b4       0x24 c:/program files (x86)/arm gnu toolchain arm-none-eabi/12.2 mpacbti-rel1/bin/../lib/gcc/arm-none-eabi/12.2.1/thumb/v7e-m+fp/hard\libc_nano.a(libc_a-readr.o)
                0x0801a7b4                _read_r
 .text._sbrk_r  0x0801a7d8       0x20 c:/program files (x86)/arm gnu toolchain arm-none-eabi/12.2 mpacbti-rel1/bin/../lib/gcc/arm-none-eabi/12.2.1/thumb/v7e-m+fp/hard\libc_nano.a(libc_a-sbrkr.o)
                0x0801a7d8                _sbrk_r
 .text._write_r
                0x0801a7f8       0x24 c:/program files (x86)/arm gnu toolchain arm-none-eabi/12.2 mpacbti-rel1/bin/../lib/gcc/arm-none-eabi/12.2.1/thumb/v7e-m+fp/hard\libc_nano.a(libc_a-writer.o)
                0x0801a7f8                _write_r
 .text.__errno  0x0801a81c        0xc c:/program files (x86)/arm gnu toolchain arm-none-eabi/12.2 mpacbti-rel1/bin/../lib/gcc/arm-none-eabi/12.2.1/thumb/v7e-m+fp/hard\libc_nano.a(libc_a-errno.o)
                0x0801a81c                __errno
 .text.__retarget_lock_init_recursive
                0x0801a828        0x2 c:/program files (x86)/arm gnu toolchain arm-none-eabi/12.2 mpacbti-rel1/bin/../lib/gcc/arm-none-eabi/12.2.1/thumb/v7e-m+fp/hard\libc_nano.a(libc_a-lock.o)
                0x0801a828                __retarget_lock_init_recursive
 .text.__retarget_lock_acquire_recursive
                0x0801a82a        0x2 c:/program files (x86)/arm gnu toolchain arm-none-eabi/12.2 mpacbti-rel1/bin/../lib/gcc/arm-none-eabi/12.2.1/thumb/v7e-m+fp/hard\libc_nano.a(libc_a-lock.o)
                0x0801a82a                __retarget_lock_acquire_recursive
 .text.__retarget_lock_release_recursive
                0x0801a82c        0x2 c:/program files (x86)/arm gnu toolchain arm-none-eabi/12.2 mpacbti-rel1/bin/../lib/gcc/arm-none-eabi/12.2.1/thumb/v7e-m+fp/hard\libc_nano.a(libc_a-lock.o)
                0x0801a82c                __retarget_lock_release_recursive
 .text.memcpy   0x0801a82e       0x1c c:/program files (x86)/arm gnu toolchain arm-none-eabi/12.2 mpacbti-rel1/bin/../lib/gcc/arm-none-eabi/12.2.1/thumb/v7e-m+fp/hard\libc_nano.a(libc_a-memcpy-stub.o)
                0x0801a82e                memcpy
 *fill*         0x0801a84a        0x2 
 .text._free_r  0x0801a84c       0x94 c:/program files (x86)/arm gnu toolchain arm-none-eabi/12.2 mpacbti-rel1/bin/../lib/gcc/arm-none-eabi/12.2.1/thumb/v7e-m+fp/hard\libc_nano.a(libc_a-freer.o)
                0x0801a84c                _free_r
 .text.__ssputs_r
                0x0801a8e0       0xb6 c:/program files (x86)/arm gnu toolchain arm-none-eabi/12.2 mpacbti-rel1/bin/../lib/gcc/arm-none-eabi/12.2.1/thumb/v7e-m+fp/hard\libc_nano.a(libc_a-nano-svfprintf.o)
                0x0801a8e0                __ssputs_r
 *fill*         0x0801a996        0x2 
 .text._svfprintf_r
                0x0801a998      0x1f8 c:/program files (x86)/arm gnu toolchain arm-none-eabi/12.2 mpacbti-rel1/bin/../lib/gcc/arm-none-eabi/12.2.1/thumb/v7e-m+fp/hard\libc_nano.a(libc_a-nano-svfprintf.o)
                0x0801a998                _svfiprintf_r
                0x0801a998                _svfprintf_r
 .text.__sfputc_r
                0x0801ab90       0x2e c:/program files (x86)/arm gnu toolchain arm-none-eabi/12.2 mpacbti-rel1/bin/../lib/gcc/arm-none-eabi/12.2.1/thumb/v7e-m+fp/hard\libc_nano.a(libc_a-nano-vfprintf.o)
 .text.__sfputs_r
                0x0801abbe       0x24 c:/program files (x86)/arm gnu toolchain arm-none-eabi/12.2 mpacbti-rel1/bin/../lib/gcc/arm-none-eabi/12.2.1/thumb/v7e-m+fp/hard\libc_nano.a(libc_a-nano-vfprintf.o)
                0x0801abbe                __sfputs_r
 *fill*         0x0801abe2        0x2 
 .text._vfprintf_r
                0x0801abe4      0x230 c:/program files (x86)/arm gnu toolchain arm-none-eabi/12.2 mpacbti-rel1/bin/../lib/gcc/arm-none-eabi/12.2.1/thumb/v7e-m+fp/hard\libc_nano.a(libc_a-nano-vfprintf.o)
                0x0801abe4                _vfprintf_r
                0x0801abe4                _vfiprintf_r
 .text._printf_common
                0x0801ae14       0xda c:/program files (x86)/arm gnu toolchain arm-none-eabi/12.2 mpacbti-rel1/bin/../lib/gcc/arm-none-eabi/12.2.1/thumb/v7e-m+fp/hard\libc_nano.a(libc_a-nano-vfprintf_i.o)
                0x0801ae14                _printf_common
 *fill*         0x0801aeee        0x2 
 .text._printf_i
                0x0801aef0      0x258 c:/program files (x86)/arm gnu toolchain arm-none-eabi/12.2 mpacbti-rel1/bin/../lib/gcc/arm-none-eabi/12.2.1/thumb/v7e-m+fp/hard\libc_nano.a(libc_a-nano-vfprintf_i.o)
                0x0801aef0                _printf_i
 .text.__sflush_r
                0x0801b148      0x108 c:/program files (x86)/arm gnu toolchain arm-none-eabi/12.2 mpacbti-rel1/bin/../lib/gcc/arm-none-eabi/12.2.1/thumb/v7e-m+fp/hard\libc_nano.a(libc_a-fflush.o)
                0x0801b148                __sflush_r
 .text._fflush_r
                0x0801b250       0x50 c:/program files (x86)/arm gnu toolchain arm-none-eabi/12.2 mpacbti-rel1/bin/../lib/gcc/arm-none-eabi/12.2.1/thumb/v7e-m+fp/hard\libc_nano.a(libc_a-fflush.o)
                0x0801b250                _fflush_r
 .text.__swhatbuf_r
                0x0801b2a0       0x4c c:/program files (x86)/arm gnu toolchain arm-none-eabi/12.2 mpacbti-rel1/bin/../lib/gcc/arm-none-eabi/12.2.1/thumb/v7e-m+fp/hard\libc_nano.a(libc_a-makebuf.o)
                0x0801b2a0                __swhatbuf_r
 .text.__smakebuf_r
                0x0801b2ec       0x78 c:/program files (x86)/arm gnu toolchain arm-none-eabi/12.2 mpacbti-rel1/bin/../lib/gcc/arm-none-eabi/12.2.1/thumb/v7e-m+fp/hard\libc_nano.a(libc_a-makebuf.o)
                0x0801b2ec                __smakebuf_r
 .text.memmove  0x0801b364       0x34 c:/program files (x86)/arm gnu toolchain arm-none-eabi/12.2 mpacbti-rel1/bin/../lib/gcc/arm-none-eabi/12.2.1/thumb/v7e-m+fp/hard\libc_nano.a(libc_a-memmove.o)
                0x0801b364                memmove
 .text._fstat_r
                0x0801b398       0x24 c:/program files (x86)/arm gnu toolchain arm-none-eabi/12.2 mpacbti-rel1/bin/../lib/gcc/arm-none-eabi/12.2.1/thumb/v7e-m+fp/hard\libc_nano.a(libc_a-fstatr.o)
                0x0801b398                _fstat_r
 .text._isatty_r
                0x0801b3bc       0x20 c:/program files (x86)/arm gnu toolchain arm-none-eabi/12.2 mpacbti-rel1/bin/../lib/gcc/arm-none-eabi/12.2.1/thumb/v7e-m+fp/hard\libc_nano.a(libc_a-isattyr.o)
                0x0801b3bc                _isatty_r
 .text._realloc_r
                0x0801b3dc       0x5c c:/program files (x86)/arm gnu toolchain arm-none-eabi/12.2 mpacbti-rel1/bin/../lib/gcc/arm-none-eabi/12.2.1/thumb/v7e-m+fp/hard\libc_nano.a(libc_a-reallocr.o)
                0x0801b3dc                _realloc_r
 .text._malloc_usable_size_r
                0x0801b438       0x10 c:/program files (x86)/arm gnu toolchain arm-none-eabi/12.2 mpacbti-rel1/bin/../lib/gcc/arm-none-eabi/12.2.1/thumb/v7e-m+fp/hard\libc_nano.a(libc_a-msizer.o)
                0x0801b438                _malloc_usable_size_r
 .text._sbrk    0x0801b448       0x1c c:/program files (x86)/arm gnu toolchain arm-none-eabi/12.2 mpacbti-rel1/bin/../lib/gcc/arm-none-eabi/12.2.1/thumb/v7e-m+fp/hard\libnosys.a(sbrk.o)
                0x0801b448                _sbrk
 .text.__udivmoddi4
                0x0801b464      0x2bc c:/program files (x86)/arm gnu toolchain arm-none-eabi/12.2 mpacbti-rel1/bin/../lib/gcc/arm-none-eabi/12.2.1/thumb/v7e-m+fp/hard\libgcc.a(_udivmoddi4.o)
                0x0801b464                __udivmoddi4
 *(.glue_7)
 .glue_7        0x0801b720        0x0 linker stubs
 *(.glue_7t)
 .glue_7t       0x0801b720        0x0 linker stubs
 *(.eh_frame)
 .eh_frame      0x0801b720        0x0 c:/program files (x86)/arm gnu toolchain arm-none-eabi/12.2 mpacbti-rel1/bin/../lib/gcc/arm-none-eabi/12.2.1/thumb/v7e-m+fp/hard/crtbegin.o
 *(.init)
 .init          0x0801b720        0x4 c:/program files (x86)/arm gnu toolchain arm-none-eabi/12.2 mpacbti-rel1/bin/../lib/gcc/arm-none-eabi/12.2.1/thumb/v7e-m+fp/hard/crti.o
                0x0801b720                _init
 .init          0x0801b724        0x8 c:/program files (x86)/arm gnu toolchain arm-none-eabi/12.2 mpacbti-rel1/bin/../lib/gcc/arm-none-eabi/12.2.1/thumb/v7e-m+fp/hard/crtn.o
 *(.fini)
 .fini          0x0801b72c        0x4 c:/program files (x86)/arm gnu toolchain arm-none-eabi/12.2 mpacbti-rel1/bin/../lib/gcc/arm-none-eabi/12.2.1/thumb/v7e-m+fp/hard/crti.o
                0x0801b72c                _fini
 .fini          0x0801b730        0x8 c:/program files (x86)/arm gnu toolchain arm-none-eabi/12.2 mpacbti-rel1/bin/../lib/gcc/arm-none-eabi/12.2.1/thumb/v7e-m+fp/hard/crtn.o
                0x0801b738                        . = ALIGN (0x4)
                0x0801b738                        _etext = .

.vfp11_veneer   0x0801b738        0x0
 .vfp11_veneer  0x0801b738        0x0 linker stubs

.v4_bx          0x0801b738        0x0
 .v4_bx         0x0801b738        0x0 linker stubs

.iplt           0x0801b738        0x0
 .iplt          0x0801b738        0x0 c:/program files (x86)/arm gnu toolchain arm-none-eabi/12.2 mpacbti-rel1/bin/../lib/gcc/arm-none-eabi/12.2.1/thumb/v7e-m+fp/hard/crtbegin.o

.rodata         0x0801b738    0x2b840
                0x0801b738                        . = ALIGN (0x4)
 *(.rodata)
 .rodata        0x0801b738       0x1a build/led.o
 *fill*         0x0801b752        0x2 
 .rodata        0x0801b754       0x1a build/pwm_out.o
 *fill*         0x0801b76e        0x2 
 .rodata        0x0801b770       0xf4 build/usart_screen.o
 .rodata        0x0801b864       0x50 build/usart_upper_computer.o
 .rodata        0x0801b8b4        0xb build/main.o
 *fill*         0x0801b8bf        0x1 
 .rodata        0x0801b8c0       0x6a build/app_computer.o
 *fill*         0x0801b92a        0x2 
 .rodata        0x0801b92c       0x58 build/app_data_storage.o
 .rodata        0x0801b984       0x7a build/app_ui.o
 *fill*         0x0801b9fe        0x2 
 .rodata        0x0801ba00       0x22 build/queue.o
 *fill*         0x0801ba22        0x2 
 .rodata        0x0801ba24       0x3b build/tasks.o
 *fill*         0x0801ba5f        0x1 
 .rodata        0x0801ba60       0x31 build/timers.o
 *fill*         0x0801ba91        0x3 
 .rodata        0x0801ba94       0x37 build/app_manager.o
 *fill*         0x0801bacb        0x1 
 .rodata        0x0801bacc       0xad build/app_task_define.o
 *fill*         0x0801bb79        0x3 
 .rodata        0x0801bb7c       0x6d build/common_def.o
 *fill*         0x0801bbe9        0x3 
 .rodata        0x0801bbec       0xa4 build/device_manager.o
 .rodata        0x0801bc90       0x36 build/port.o
 *fill*         0x0801bcc6        0x2 
 .rodata        0x0801bcc8       0x32 build/heap_4.o
 *fill*         0x0801bcfa        0x2 
 .rodata        0x0801bcfc       0x48 build/ff.o
 *(.rodata*)
 .rodata.LfnOfs
                0x0801bd44        0xd build/ff.o
 *fill*         0x0801bd51        0x3 
 .rodata.vst.1  0x0801bd54       0x16 build/ff.o
 *fill*         0x0801bd6a        0x2 
 .rodata.cst.0  0x0801bd6c       0x16 build/ff.o
 *fill*         0x0801bd82        0x2 
 .rodata.uni2oem
                0x0801bd84    0x15484 build/cc936.o
 .rodata.oem2uni
                0x08031208    0x15484 build/cc936.o
 .rodata.lower.1
                0x0804668c      0x3dc build/cc936.o
 .rodata.upper.0
                0x08046a68      0x3dc build/cc936.o
 .rodata._ctype_
                0x08046e44      0x101 c:/program files (x86)/arm gnu toolchain arm-none-eabi/12.2 mpacbti-rel1/bin/../lib/gcc/arm-none-eabi/12.2.1/thumb/v7e-m+fp/hard\libc_nano.a(libc_a-ctype_.o)
                0x08046e44                _ctype_
 .rodata._svfprintf_r.str1.1
                0x08046f45       0x11 c:/program files (x86)/arm gnu toolchain arm-none-eabi/12.2 mpacbti-rel1/bin/../lib/gcc/arm-none-eabi/12.2.1/thumb/v7e-m+fp/hard\libc_nano.a(libc_a-nano-svfprintf.o)
 .rodata._vfprintf_r.str1.1
                0x08046f56       0x11 c:/program files (x86)/arm gnu toolchain arm-none-eabi/12.2 mpacbti-rel1/bin/../lib/gcc/arm-none-eabi/12.2.1/thumb/v7e-m+fp/hard\libc_nano.a(libc_a-nano-vfprintf.o)
 .rodata._printf_i.str1.1
                0x08046f56       0x22 c:/program files (x86)/arm gnu toolchain arm-none-eabi/12.2 mpacbti-rel1/bin/../lib/gcc/arm-none-eabi/12.2.1/thumb/v7e-m+fp/hard\libc_nano.a(libc_a-nano-vfprintf_i.o)
                0x08046f78                        . = ALIGN (0x4)

.ARM.extab
 *(.ARM.extab* .gnu.linkonce.armextab.*)

.ARM            0x08046f78        0x8
                0x08046f78                        __exidx_start = .
 *(.ARM.exidx*)
 .ARM.exidx     0x08046f78        0x8 c:/program files (x86)/arm gnu toolchain arm-none-eabi/12.2 mpacbti-rel1/bin/../lib/gcc/arm-none-eabi/12.2.1/thumb/v7e-m+fp/hard\libc_nano.a(libc_a-strlen.o)
 .ARM.exidx     0x08046f80        0x0 c:/program files (x86)/arm gnu toolchain arm-none-eabi/12.2 mpacbti-rel1/bin/../lib/gcc/arm-none-eabi/12.2.1/thumb/v7e-m+fp/hard\libc_nano.a(libc_a-memchr.o)
                                  0x8 (size before relaxing)
 .ARM.exidx.text.__udivmoddi4
                0x08046f80        0x0 c:/program files (x86)/arm gnu toolchain arm-none-eabi/12.2 mpacbti-rel1/bin/../lib/gcc/arm-none-eabi/12.2.1/thumb/v7e-m+fp/hard\libgcc.a(_udivmoddi4.o)
                                  0x8 (size before relaxing)
                0x08046f80                        __exidx_end = .

.preinit_array  0x08046f80        0x0
                0x08046f80                        PROVIDE (__preinit_array_start = .)
 *(.preinit_array*)
                0x08046f80                        PROVIDE (__preinit_array_end = .)

.init_array     0x08046f80        0x4
                0x08046f80                        PROVIDE (__init_array_start = .)
 *(SORT_BY_NAME(.init_array.*))
 *(.init_array*)
 .init_array    0x08046f80        0x4 c:/program files (x86)/arm gnu toolchain arm-none-eabi/12.2 mpacbti-rel1/bin/../lib/gcc/arm-none-eabi/12.2.1/thumb/v7e-m+fp/hard/crtbegin.o
                0x08046f84                        PROVIDE (__init_array_end = .)

.fini_array     0x08046f84        0x4
                [!provide]                        PROVIDE (__fini_array_start = .)
 *(SORT_BY_NAME(.fini_array.*))
 *(.fini_array*)
 .fini_array    0x08046f84        0x4 c:/program files (x86)/arm gnu toolchain arm-none-eabi/12.2 mpacbti-rel1/bin/../lib/gcc/arm-none-eabi/12.2.1/thumb/v7e-m+fp/hard/crtbegin.o
                [!provide]                        PROVIDE (__fini_array_end = .)
                0x08046f88                        _sidata = LOADADDR (.data)

.data           0x20000000      0xc80 load address 0x08046f88
                0x20000000                        . = ALIGN (0x4)
                0x20000000                        _sdata = .
 *(.data)
 *(.data*)
 .data.SystemCoreClock
                0x20000000        0x4 build/system_stm32f4xx.o
                0x20000000                SystemCoreClock
 .data.APBAHBPrescTable
                0x20000004       0x10 build/stm32f4xx_rcc.o
 .data.g_fops   0x20000014       0x14 build/led.o
 .data.g_deviceLed
                0x20000028       0x18 build/led.o
 .data.g_fops   0x20000040       0x14 build/pwm_capture.o
 .data.g_devicePwmCapture
                0x20000054       0x18 build/pwm_capture.o
 .data.lastPinLevel.0
                0x2000006c        0x1 build/pwm_capture.o
 *fill*         0x2000006d        0x3 
 .data.g_fops   0x20000070       0x14 build/pwm_out.o
 .data.g_devicePwmOut
                0x20000084       0x18 build/pwm_out.o
 .data.g_fops   0x2000009c       0x14 build/taseometer.o
 .data.g_deviceTaseometer
                0x200000b0       0x18 build/taseometer.o
 .data.g_dgusData
                0x200000c8        0x6 build/usart_screen.o
 *fill*         0x200000ce        0x2 
 .data.g_fops   0x200000d0       0x14 build/usart_screen.o
 .data.g_deviceDGUS
                0x200000e4       0x18 build/usart_screen.o
 .data.g_codeUpdate
                0x200000fc        0xb build/usart_upper_computer.o
 *fill*         0x20000107        0x1 
 .data.g_codeUpdateData
                0x20000108        0x7 build/usart_upper_computer.o
 *fill*         0x2000010f        0x1 
 .data.g_upperComputer
                0x20000110        0x9 build/usart_upper_computer.o
 *fill*         0x20000119        0x3 
 .data.g_fops   0x2000011c       0x14 build/usart_upper_computer.o
 .data.g_deviceUpperComputer
                0x20000130       0x18 build/usart_upper_computer.o
 .data.g_appComputer
                0x20000148       0x18 build/app_computer.o
 .data.g_debugLogFile
                0x20000160      0x41a build/app_data_storage.o
 *fill*         0x2000057a        0x2 
 .data.g_powerSpeedFile
                0x2000057c      0x41a build/app_data_storage.o
 *fill*         0x20000996        0x2 
 .data.g_appDataStorage
                0x20000998       0x18 build/app_data_storage.o
 .data.g_forceFifo
                0x200009b0        0xc build/app_force.o
 .data.g_forceFilterWeight
                0x200009bc       0x10 build/app_force.o
 .data.g_forceFilter
                0x200009cc        0xa build/app_force.o
 *fill*         0x200009d6        0x2 
 .data.g_appForce
                0x200009d8       0x18 build/app_force.o
 .data.g_rotateSpeedFifo
                0x200009f0        0xc build/app_rotate_speed.o
 .data.g_rotateSpeedFilterWeight
                0x200009fc       0x10 build/app_rotate_speed.o
 .data.g_rotateSpeedFilter
                0x20000a0c        0xa build/app_rotate_speed.o
 *fill*         0x20000a16        0x2 
 .data.g_appRotateSpeed
                0x20000a18       0x18 build/app_rotate_speed.o
 .data.g_appUi  0x20000a30       0x18 build/app_ui.o
 .data.g_wheelControl
                0x20000a48        0x6 build/app_wheel.o
 *fill*         0x20000a4e        0x2 
 .data.g_incPID
                0x20000a50       0x20 build/app_wheel.o
 .data.g_neuralPID
                0x20000a70       0x40 build/app_wheel.o
 .data.g_appWheel
                0x20000ab0       0x18 build/app_wheel.o
 .data.g_appWink
                0x20000ac8       0x18 build/app_wink.o
 .data.g_sysConfigOpt
                0x20000ae0       0x10 build/chip_flash.o
 .data.g_appDefine
                0x20000af0       0xfc build/app_task_define.o
 .data.uxCriticalNesting
                0x20000bec        0x4 build/port.o
 .data.__sglue  0x20000bf0        0xc c:/program files (x86)/arm gnu toolchain arm-none-eabi/12.2 mpacbti-rel1/bin/../lib/gcc/arm-none-eabi/12.2.1/thumb/v7e-m+fp/hard\libc_nano.a(libc_a-findfp.o)
                0x20000bf0                __sglue
 .data._impure_ptr
                0x20000bfc        0x4 c:/program files (x86)/arm gnu toolchain arm-none-eabi/12.2 mpacbti-rel1/bin/../lib/gcc/arm-none-eabi/12.2.1/thumb/v7e-m+fp/hard\libc_nano.a(libc_a-impure.o)
                0x20000bfc                _impure_ptr
 .data._impure_data
                0x20000c00       0x4c c:/program files (x86)/arm gnu toolchain arm-none-eabi/12.2 mpacbti-rel1/bin/../lib/gcc/arm-none-eabi/12.2.1/thumb/v7e-m+fp/hard\libc_nano.a(libc_a-impure.o)
                0x20000c00                _impure_data
                0x20000c4c                        . = ALIGN (0x4)
                0x20000c4c                        __initcall_start = .
 *(SORT_BY_NAME(.initcall))
 .initcall      0x20000c4c        0x4 build/led.o
 .initcall      0x20000c50        0x4 build/pwm_capture.o
 .initcall      0x20000c54        0x4 build/pwm_out.o
 .initcall      0x20000c58        0x4 build/taseometer.o
 .initcall      0x20000c5c        0x4 build/usart_screen.o
 .initcall      0x20000c60        0x4 build/usart_upper_computer.o
 .initcall      0x20000c64        0x4 build/app_computer.o
 .initcall      0x20000c68        0x4 build/app_data_storage.o
 .initcall      0x20000c6c        0x4 build/app_force.o
 .initcall      0x20000c70        0x4 build/app_rotate_speed.o
 .initcall      0x20000c74        0x4 build/app_ui.o
 .initcall      0x20000c78        0x4 build/app_wheel.o
 .initcall      0x20000c7c        0x4 build/app_wink.o
                0x20000c80                        __initcall_end = .
                0x20000c80                        . = ALIGN (0x4)
                0x20000c80                        _edata = .
                0x08047c08                        _siccmram = LOADADDR (.ccmram)

.tm_clone_table
                0x20000c80        0x0 load address 0x08047c08
 .tm_clone_table
                0x20000c80        0x0 c:/program files (x86)/arm gnu toolchain arm-none-eabi/12.2 mpacbti-rel1/bin/../lib/gcc/arm-none-eabi/12.2.1/thumb/v7e-m+fp/hard/crtbegin.o
 .tm_clone_table
                0x20000c80        0x0 c:/program files (x86)/arm gnu toolchain arm-none-eabi/12.2 mpacbti-rel1/bin/../lib/gcc/arm-none-eabi/12.2.1/thumb/v7e-m+fp/hard/crtend.o

.igot.plt       0x20000c80        0x0 load address 0x08047c08
 .igot.plt      0x20000c80        0x0 c:/program files (x86)/arm gnu toolchain arm-none-eabi/12.2 mpacbti-rel1/bin/../lib/gcc/arm-none-eabi/12.2.1/thumb/v7e-m+fp/hard/crtbegin.o

.ccmram         0x10000000        0x0 load address 0x08047c08
                0x10000000                        . = ALIGN (0x4)
                0x10000000                        _sccmram = .
 *(.ccmram)
 *(.ccmram*)
                0x10000000                        . = ALIGN (0x4)
                0x10000000                        _eccmram = .
                0x10000000                        . = ALIGN (0x4)

.bss            0x20000c80     0x8174
                0x20000c80                        _sbss = .
                0x20000c80                        __bss_start__ = _sbss
 *(.bss)
 *(.bss*)
 .bss.completed.1
                0x20000c80        0x1 c:/program files (x86)/arm gnu toolchain arm-none-eabi/12.2 mpacbti-rel1/bin/../lib/gcc/arm-none-eabi/12.2.1/thumb/v7e-m+fp/hard/crtbegin.o
 *fill*         0x20000c81        0x3 
 .bss.object.0  0x20000c84       0x18 c:/program files (x86)/arm gnu toolchain arm-none-eabi/12.2 mpacbti-rel1/bin/../lib/gcc/arm-none-eabi/12.2.1/thumb/v7e-m+fp/hard/crtbegin.o
 .bss.g_pwmCapture
                0x20000c9c        0xc build/pwm_capture.o
 .bss.g_rpm     0x20000ca8        0x2 build/pwm_capture.o
 *fill*         0x20000caa        0x2 
 .bss.g_pulseCnt
                0x20000cac        0x4 build/pwm_capture.o
 .bss.captureState.1
                0x20000cb0        0x1 build/pwm_capture.o
 *fill*         0x20000cb1        0x1 
 .bss.g_adcConvertedValue
                0x20000cb2        0x2 build/taseometer.o
 .bss.g_millivolt
                0x20000cb4        0x2 build/taseometer.o
 *fill*         0x20000cb6        0x2 
 .bss.CardType  0x20000cb8        0x4 build/tf_card.o
 .bss.CSD_Tab   0x20000cbc       0x10 build/tf_card.o
 .bss.CID_Tab   0x20000ccc       0x10 build/tf_card.o
 .bss.RCA       0x20000cdc        0x4 build/tf_card.o
 .bss.StopCondition
                0x20000ce0        0x4 build/tf_card.o
                0x20000ce0                StopCondition
 .bss.TransferError
                0x20000ce4        0x1 build/tf_card.o
                0x20000ce4                TransferError
 *fill*         0x20000ce5        0x3 
 .bss.TransferEnd
                0x20000ce8        0x4 build/tf_card.o
                0x20000ce8                TransferEnd
 .bss.DMAEndOfTransfer
                0x20000cec        0x4 build/tf_card.o
                0x20000cec                DMAEndOfTransfer
 .bss.SDCardInfo
                0x20000cf0       0x58 build/tf_card.o
                0x20000cf0                SDCardInfo
 .bss.SDIO_InitStructure
                0x20000d48       0x18 build/tf_card.o
                0x20000d48                SDIO_InitStructure
 .bss.SDIO_CmdInitStructure
                0x20000d60       0x14 build/tf_card.o
                0x20000d60                SDIO_CmdInitStructure
 .bss.SDIO_DataInitStructure
                0x20000d74       0x18 build/tf_card.o
                0x20000d74                SDIO_DataInitStructure
 .bss.g_uartScreenData
                0x20000d8c       0x44 build/usart_screen.o
 .bss.g_upperComputerSendBuff
                0x20000dd0      0x100 build/usart_upper_computer.o
 .bss.g_rd800   0x20000ed0        0xa build/usart_upper_computer.o
 .bss.g_receiveCnt
                0x20000eda        0x2 build/usart_upper_computer.o
 .bss.StartTask_Handler
                0x20000edc        0x4 build/main.o
                0x20000edc                StartTask_Handler
 .bss.g_sendBuff
                0x20000ee0       0x20 build/app_computer.o
 .bss.g_sendCnt
                0x20000f00        0x2 build/app_computer.o
 *fill*         0x20000f02        0x2 
 .bss.g_computerData
                0x20000f04        0xa build/app_computer.o
 *fill*         0x20000f0e        0x2 
 .bss.pComputerTCB.0
                0x20000f10        0x4 build/app_computer.o
 .bss.g_fs      0x20000f14      0x230 build/app_data_storage.o
 .bss.g_logFile
                0x20001144      0x224 build/app_data_storage.o
 .bss.g_powerAndSpeedFile
                0x20001368      0x224 build/app_data_storage.o
 .bss.g_receiveData
                0x2000158c       0x80 build/app_data_storage.o
 .bss.power.2   0x2000160c        0x4 build/app_data_storage.o
 .bss.speed.1   0x20001610        0x4 build/app_data_storage.o
 .bss.pdataStorageTCB.0
                0x20001614        0x4 build/app_data_storage.o
 .bss.g_forceFilterData
                0x20001618       0x12 build/app_force.o
 .bss.g_force   0x2000162a        0x2 build/app_force.o
 .bss.pforceTCB.0
                0x2000162c        0x4 build/app_force.o
 .bss.g_rotateSpeedFilterData
                0x20001630       0x12 build/app_rotate_speed.o
 .bss.g_rpm     0x20001642        0x2 build/app_rotate_speed.o
 .bss.testRpm.1
                0x20001644        0x2 build/app_rotate_speed.o
 *fill*         0x20001646        0x2 
 .bss.protateSpeedTCB.0
                0x20001648        0x4 build/app_rotate_speed.o
 .bss.g_uiData  0x2000164c        0xa build/app_ui.o
 *fill*         0x20001656        0x2 
 .bss.pUiTCB.0  0x20001658        0x4 build/app_ui.o
 .bss.pwheelTCB.0
                0x2000165c        0x4 build/app_wheel.o
 .bss.cnt.1     0x20001660        0x1 build/app_wink.o
 *fill*         0x20001661        0x3 
 .bss.pwinkTCB.0
                0x20001664        0x4 build/app_wink.o
 .bss.g_sysConfig
                0x20001668       0x14 build/chip_flash.o
 .bss.xQueueRegistry
                0x2000167c       0x40 build/queue.o
                0x2000167c                xQueueRegistry
 .bss.pxCurrentTCB
                0x200016bc        0x4 build/tasks.o
                0x200016bc                pxCurrentTCB
 .bss.pxReadyTasksLists
                0x200016c0      0x280 build/tasks.o
 .bss.xDelayedTaskList1
                0x20001940       0x14 build/tasks.o
 .bss.xDelayedTaskList2
                0x20001954       0x14 build/tasks.o
 .bss.pxDelayedTaskList
                0x20001968        0x4 build/tasks.o
 .bss.pxOverflowDelayedTaskList
                0x2000196c        0x4 build/tasks.o
 .bss.xPendingReadyList
                0x20001970       0x14 build/tasks.o
 .bss.xTasksWaitingTermination
                0x20001984       0x14 build/tasks.o
 .bss.uxDeletedTasksWaitingCleanUp
                0x20001998        0x4 build/tasks.o
 .bss.xSuspendedTaskList
                0x2000199c       0x14 build/tasks.o
 .bss.uxCurrentNumberOfTasks
                0x200019b0        0x4 build/tasks.o
 .bss.xTickCount
                0x200019b4        0x4 build/tasks.o
 .bss.uxTopReadyPriority
                0x200019b8        0x4 build/tasks.o
 .bss.xSchedulerRunning
                0x200019bc        0x4 build/tasks.o
 .bss.uxPendedTicks
                0x200019c0        0x4 build/tasks.o
 .bss.xYieldPending
                0x200019c4        0x4 build/tasks.o
 .bss.xNumOfOverflows
                0x200019c8        0x4 build/tasks.o
 .bss.uxTaskNumber
                0x200019cc        0x4 build/tasks.o
 .bss.xNextTaskUnblockTime
                0x200019d0        0x4 build/tasks.o
 .bss.xIdleTaskHandle
                0x200019d4        0x4 build/tasks.o
 .bss.uxSchedulerSuspended
                0x200019d8        0x4 build/tasks.o
 .bss.xActiveTimerList1
                0x200019dc       0x14 build/timers.o
 .bss.xActiveTimerList2