Archive member included to satisfy reference by file (symbol)

c:/program files (x86)/arm gnu toolchain arm-none-eabi/12.2 mpacbti-rel1/bin/../lib/gcc/arm-none-eabi/12.2.1/thumb/v7e-m+fp/hard\libc_nano.a(libc_a-atoi.o)
                              build/app_computer.o (atoi)
c:/program files (x86)/arm gnu toolchain arm-none-eabi/12.2 mpacbti-rel1/bin/../lib/gcc/arm-none-eabi/12.2.1/thumb/v7e-m+fp/hard\libc_nano.a(libc_a-exit.o)
                              c:/program files (x86)/arm gnu toolchain arm-none-eabi/12.2 mpacbti-rel1/bin/../lib/gcc/arm-none-eabi/12.2.1/thumb/v7e-m+fp/hard/crt0.o (exit)
c:/program files (x86)/arm gnu toolchain arm-none-eabi/12.2 mpacbti-rel1/bin/../lib/gcc/arm-none-eabi/12.2.1/thumb/v7e-m+fp/hard\libc_nano.a(libc_a-itoa.o)
                              build/app_computer.o (itoa)
c:/program files (x86)/arm gnu toolchain arm-none-eabi/12.2 mpacbti-rel1/bin/../lib/gcc/arm-none-eabi/12.2.1/thumb/v7e-m+fp/hard\libc_nano.a(libc_a-malloc.o)
                              build/common_def.o (malloc)
c:/program files (x86)/arm gnu toolchain arm-none-eabi/12.2 mpacbti-rel1/bin/../lib/gcc/arm-none-eabi/12.2.1/thumb/v7e-m+fp/hard\libc_nano.a(libc_a-mallocr.o)
                              c:/program files (x86)/arm gnu toolchain arm-none-eabi/12.2 mpacbti-rel1/bin/../lib/gcc/arm-none-eabi/12.2.1/thumb/v7e-m+fp/hard\libc_nano.a(libc_a-malloc.o) (_malloc_r)
c:/program files (x86)/arm gnu toolchain arm-none-eabi/12.2 mpacbti-rel1/bin/../lib/gcc/arm-none-eabi/12.2.1/thumb/v7e-m+fp/hard\libc_nano.a(libc_a-mlock.o)
                              c:/program files (x86)/arm gnu toolchain arm-none-eabi/12.2 mpacbti-rel1/bin/../lib/gcc/arm-none-eabi/12.2.1/thumb/v7e-m+fp/hard\libc_nano.a(libc_a-mallocr.o) (__malloc_lock)
c:/program files (x86)/arm gnu toolchain arm-none-eabi/12.2 mpacbti-rel1/bin/../lib/gcc/arm-none-eabi/12.2.1/thumb/v7e-m+fp/hard\libc_nano.a(libc_a-rand.o)
                              build/app_computer.o (rand)
c:/program files (x86)/arm gnu toolchain arm-none-eabi/12.2 mpacbti-rel1/bin/../lib/gcc/arm-none-eabi/12.2.1/thumb/v7e-m+fp/hard\libc_nano.a(libc_a-strtol.o)
                              c:/program files (x86)/arm gnu toolchain arm-none-eabi/12.2 mpacbti-rel1/bin/../lib/gcc/arm-none-eabi/12.2.1/thumb/v7e-m+fp/hard\libc_nano.a(libc_a-atoi.o) (_strtol_r)
c:/program files (x86)/arm gnu toolchain arm-none-eabi/12.2 mpacbti-rel1/bin/../lib/gcc/arm-none-eabi/12.2.1/thumb/v7e-m+fp/hard\libc_nano.a(libc_a-utoa.o)
                              c:/program files (x86)/arm gnu toolchain arm-none-eabi/12.2 mpacbti-rel1/bin/../lib/gcc/arm-none-eabi/12.2.1/thumb/v7e-m+fp/hard\libc_nano.a(libc_a-itoa.o) (__utoa)
c:/program files (x86)/arm gnu toolchain arm-none-eabi/12.2 mpacbti-rel1/bin/../lib/gcc/arm-none-eabi/12.2.1/thumb/v7e-m+fp/hard\libc_nano.a(libc_a-ctype_.o)
                              c:/program files (x86)/arm gnu toolchain arm-none-eabi/12.2 mpacbti-rel1/bin/../lib/gcc/arm-none-eabi/12.2.1/thumb/v7e-m+fp/hard\libc_nano.a(libc_a-strtol.o) (_ctype_)
c:/program files (x86)/arm gnu toolchain arm-none-eabi/12.2 mpacbti-rel1/bin/../lib/gcc/arm-none-eabi/12.2.1/thumb/v7e-m+fp/hard\libc_nano.a(libc_a-findfp.o)
                              c:/program files (x86)/arm gnu toolchain arm-none-eabi/12.2 mpacbti-rel1/bin/../lib/gcc/arm-none-eabi/12.2.1/thumb/v7e-m+fp/hard\libc_nano.a(libc_a-exit.o) (__stdio_exit_handler)
c:/program files (x86)/arm gnu toolchain arm-none-eabi/12.2 mpacbti-rel1/bin/../lib/gcc/arm-none-eabi/12.2.1/thumb/v7e-m+fp/hard\libc_nano.a(libc_a-fwalk.o)
                              c:/program files (x86)/arm gnu toolchain arm-none-eabi/12.2 mpacbti-rel1/bin/../lib/gcc/arm-none-eabi/12.2.1/thumb/v7e-m+fp/hard\libc_nano.a(libc_a-findfp.o) (_fwalk_sglue)
c:/program files (x86)/arm gnu toolchain arm-none-eabi/12.2 mpacbti-rel1/bin/../lib/gcc/arm-none-eabi/12.2.1/thumb/v7e-m+fp/hard\libc_nano.a(libc_a-printf.o)
                              build/event_groups.o (printf)
c:/program files (x86)/arm gnu toolchain arm-none-eabi/12.2 mpacbti-rel1/bin/../lib/gcc/arm-none-eabi/12.2.1/thumb/v7e-m+fp/hard\libc_nano.a(libc_a-puts.o)
                              build/common_def.o (puts)
c:/program files (x86)/arm gnu toolchain arm-none-eabi/12.2 mpacbti-rel1/bin/../lib/gcc/arm-none-eabi/12.2.1/thumb/v7e-m+fp/hard\libc_nano.a(libc_a-sprintf.o)
                              build/app_data_storage.o (sprintf)
c:/program files (x86)/arm gnu toolchain arm-none-eabi/12.2 mpacbti-rel1/bin/../lib/gcc/arm-none-eabi/12.2.1/thumb/v7e-m+fp/hard\libc_nano.a(libc_a-stdio.o)
                              c:/program files (x86)/arm gnu toolchain arm-none-eabi/12.2 mpacbti-rel1/bin/../lib/gcc/arm-none-eabi/12.2.1/thumb/v7e-m+fp/hard\libc_nano.a(libc_a-findfp.o) (__sread)
c:/program files (x86)/arm gnu toolchain arm-none-eabi/12.2 mpacbti-rel1/bin/../lib/gcc/arm-none-eabi/12.2.1/thumb/v7e-m+fp/hard\libc_nano.a(libc_a-vsprintf.o)
[...]
Memory Configuration

Name             Origin             Length             Attributes
RAM              0x20000000         0x00020000         xrw
CCMRAM           0x10000000         0x00010000         xrw
FLASH            0x0800c000         0x000f4000         xr
BOOT_CHECK       0x08008000         0x00004000         xr
*default*        0x00000000         0xffffffff

Linker script and memory map

LOAD c:/program files (x86)/arm gnu toolchain arm-none-eabi/12.2 mpacbti-rel1/bin/../lib/gcc/arm-none-eabi/12.2.1/thumb/v7e-m+fp/hard/crti.o
LOAD c:/program files (x86)/arm gnu toolchain arm-none-eabi/12.2 mpacbti-rel1/bin/../lib/gcc/arm-none-eabi/12.2.1/thumb/v7e-m+fp/hard/crtbegin.o
LOAD c:/program files (x86)/arm gnu toolchain arm-none-eabi/12.2 mpacbti-rel1/bin/../lib/gcc/arm-none-eabi/12.2.1/thumb/v7e-m+fp/hard/crt0.o
LOAD build/system_stm32f4xx.o
LOAD build/misc.o
LOAD build/stm32f4xx_adc.o
LOAD build/stm32f4xx_can.o
LOAD build/stm32f4xx_crc.o
LOAD build/stm32f4xx_cryp.o
LOAD build/stm32f4xx_cryp_aes.o
LOAD build/stm32f4xx_cryp_des.o
LOAD build/stm32f4xx_cryp_tdes.o
LOAD build/stm32f4xx_dac.o
LOAD build/stm32f4xx_dbgmcu.o
LOAD build/stm32f4xx_dcmi.o
LOAD build/stm32f4xx_dma.o
LOAD build/stm32f4xx_exti.o
LOAD build/stm32f4xx_flash.o
LOAD build/stm32f4xx_flash_ramfunc.o
LOAD build/stm32f4xx_fsmc.o
LOAD build/stm32f4xx_gpio.o
LOAD build/stm32f4xx_hash.o
LOAD build/stm32f4xx_hash_md5.o
LOAD build/stm32f4xx_hash_sha1.o
LOAD build/stm32f4xx_i2c.o
LOAD build/stm32f4xx_iwdg.o
LOAD build/stm32f4xx_pwr.o
LOAD build/stm32f4xx_rcc.o
LOAD build/stm32f4xx_rng.o
LOAD build/stm32f4xx_rtc.o
LOAD build/stm32f4xx_sai.o
LOAD build/stm32f4xx_sdio.o
LOAD build/stm32f4xx_spi.o
LOAD build/stm32f4xx_syscfg.o
LOAD build/stm32f4xx_tim.o
LOAD build/stm32f4xx_usart.o
LOAD build/stm32f4xx_wwdg.o
LOAD build/chip_flash.o
LOAD build/led.o
LOAD build/max6950.o
LOAD build/pwm_capture.o
LOAD build/pwm_out.o
LOAD build/taseometer.o
LOAD build/tf_card.o
LOAD build/usart_screen.o
LOAD build/usart_upper_computer.o
LOAD build/main.o
LOAD build/stm32f4xx_it.o
LOAD build/app_computer.o
LOAD build/app_data_storage.o
LOAD build/app_force.o
LOAD build/app_rotate_speed.o
LOAD build/app_ui.o
LOAD build/app_wheel.o
LOAD build/app_wink.o
LOAD build/alg.o
LOAD build/croutine.o
LOAD build/event_groups.o
LOAD build/list.o
LOAD build/queue.o
LOAD build/tasks.o
LOAD build/timers.o
LOAD build/app_manager.o
LOAD build/app_task_define.o
LOAD build/common_def.o
LOAD build/device_manager.o
LOAD build/init.o
LOAD build/delay.o
LOAD build/sys.o
LOAD build/usart.o
LOAD build/port.o
LOAD build/heap_4.o
LOAD build/diskio.o
LOAD build/ff.o
LOAD build/cc936.o
LOAD build/startup_stm32f40_41xxx.o
LOAD c:/program files (x86)/arm gnu toolchain arm-none-eabi/12.2 mpacbti-rel1/bin/../lib/gcc/arm-none-eabi/12.2.1/thumb/v7e-m+fp/hard\libc_nano.a
LOAD c:/program files (x86)/arm gnu toolchain arm-none-eabi/12.2 mpacbti-rel1/bin/../lib/gcc/arm-none-eabi/12.2.1/thumb/v7e-m+fp/hard\libm.a
LOAD c:/program files (x86)/arm gnu toolchain arm-none-eabi/12.2 mpacbti-rel1/bin/../lib/gcc/arm-none-eabi/12.2.1/thumb/v7e-m+fp/hard\libnosys.a
START GROUP
LOAD c:/program files (x86)/arm gnu toolchain arm-none-eabi/12.2 mpacbti-rel1/bin/../lib/gcc/arm-none-eabi/12.2.1/thumb/v7e-m+fp/hard\libgcc.a
LOAD c:/program files (x86)/arm gnu toolchain arm-none-eabi/12.2 mpacbti-rel1/bin/../lib/gcc/arm-none-eabi/12.2.1/thumb/v7e-m+fp/hard\libc_nano.a
END GROUP
START GROUP
LOAD c:/program files (x86)/arm gnu toolchain arm-none-eabi/12.2 mpacbti-rel1/bin/../lib/gcc/arm-none-eabi/12.2.1/thumb/v7e-m+fp/hard\libgcc.a
LOAD c:/program files (x86)/arm gnu toolchain arm-none-eabi/12.2 mpacbti-rel1/bin/../lib/gcc/arm-none-eabi/12.2.1/thumb/v7e-m+fp/hard\libc_nano.a
END GROUP
LOAD c:/program files (x86)/arm gnu toolchain arm-none-eabi/12.2 mpacbti-rel1/bin/../lib/gcc/arm-none-eabi/12.2.1/thumb/v7e-m+fp/hard/crtend.o
LOAD c:/program files (x86)/arm gnu toolchain arm-none-eabi/12.2 mpacbti-rel1/bin/../lib/gcc/arm-none-eabi/12.2.1/thumb/v7e-m+fp/hard/crtn.o
                0x20020000                        _estack = (ORIGIN (RAM) + LENGTH (RAM))
                0x00001000                        _Min_Heap_Size = 0x1000
                0x00001000                        _Min_Stack_Size = 0x1000

.isr_vector     0x0800c000      0x188
                0x0800c000                        . = ALIGN (0x4)
 *(.isr_vector)
 .isr_vector    0x0800c000      0x188 build/startup_stm32f40_41xxx.o
                0x0800c000                g_pfnVectors
                0x0800c188                        . = ALIGN (0x4)

.text           0x0800c190    0x11300
                0x0800c190                        . = ALIGN (0x4)
 *(.text)
 .text          0x0800c190       0x10 c:/program files (x86)/arm gnu toolchain arm-none-eabi/12.2 mpacbti-rel1/bin/../lib/gcc/arm-none-eabi/12.2.1/thumb/v7e-m+fp/hard\libc_nano.a(libc_a-strlen.o)
                0x0800c190                strlen
 .text          0x0800c1a0       0xa0 c:/program files (x86)/arm gnu toolchain arm-none-eabi/12.2 mpacbti-rel1/bin/../lib/gcc/arm-none-eabi/12.2.1/thumb/v7e-m+fp/hard\libc_nano.a(libc_a-memchr.o)
                0x0800c1a0                memchr
 .text          0x0800c240      0x378 c:/program files (x86)/arm gnu toolchain arm-none-eabi/12.2 mpacbti-rel1/bin/../lib/gcc/arm-none-eabi/12.2.1/thumb/v7e-m+fp/hard\libgcc.a(_arm_addsubdf3.o)
                0x0800c240                __aeabi_drsub
                0x0800c248                __aeabi_dsub
                0x0800c248                __subdf3
                0x0800c24c                __aeabi_dadd
                0x0800c24c                __adddf3
                0x0800c4c4                __floatunsidf
                0x0800c4c4                __aeabi_ui2d
                0x0800c4e4                __floatsidf
                0x0800c4e4                __aeabi_i2d
                0x0800c508                __aeabi_f2d
                0x0800c508                __extendsfdf2
                0x0800c54c                __floatundidf
                0x0800c54c                __aeabi_ul2d
                0x0800c55c                __floatdidf
                0x0800c55c                __aeabi_l2d
 .text          0x0800c5b8      0x424 c:/program files (x86)/arm gnu toolchain arm-none-eabi/12.2 mpacbti-rel1/bin/../lib/gcc/arm-none-eabi/12.2.1/thumb/v7e-m+fp/hard\libgcc.a(_arm_muldivdf3.o)
                0x0800c5b8                __aeabi_dmul
                0x0800c5b8                __muldf3
                0x0800c80c                __divdf3
                0x0800c80c                __aeabi_ddiv
 .text          0x0800c9dc       0x40 c:/program files (x86)/arm gnu toolchain arm-none-eabi/12.2 mpacbti-rel1/bin/../lib/gcc/arm-none-eabi/12.2.1/thumb/v7e-m+fp/hard\libgcc.a(_arm_fixunsdfsi.o)
                0x0800c9dc                __aeabi_d2uiz
                0x0800c9dc                __fixunsdfsi
 .text          0x0800ca1c       0xa0 c:/program files (x86)/arm gnu toolchain arm-none-eabi/12.2 mpacbti-rel1/bin/../lib/gcc/arm-none-eabi/12.2.1/thumb/v7e-m+fp/hard\libgcc.a(_arm_truncdfsf2.o)
                0x0800ca1c                __truncdfsf2
                0x0800ca1c                __aeabi_d2f
 .text          0x0800cabc       0x30 c:/program files (x86)/arm gnu toolchain arm-none-eabi/12.2 mpacbti-rel1/bin/../lib/gcc/arm-none-eabi/12.2.1/thumb/v7e-m+fp/hard\libgcc.a(_aeabi_uldivmod.o)
                0x0800cabc                __aeabi_uldivmod
 .text          0x0800caec        0x4 c:/program files (x86)/arm gnu toolchain arm-none-eabi/12.2 mpacbti-rel1/bin/../lib/gcc/arm-none-eabi/12.2.1/thumb/v7e-m+fp/hard\libgcc.a(_dvmd_tls.o)
                0x0800caec                __aeabi_idiv0
                0x0800caec                __aeabi_ldiv0
 *(.text*)
 .text.deregister_tm_clones
                0x0800caf0       0x1c c:/program files (x86)/arm gnu toolchain arm-none-eabi/12.2 mpacbti-rel1/bin/../lib/gcc/arm-none-eabi/12.2.1/thumb/v7e-m+fp/hard/crtbegin.o
 .text.register_tm_clones
                0x0800cb0c       0x24 c:/program files (x86)/arm gnu toolchain arm-none-eabi/12.2 mpacbti-rel1/bin/../lib/gcc/arm-none-eabi/12.2.1/thumb/v7e-m+fp/hard/crtbegin.o
 .text.__do_global_dtors_aux
                0x0800cb30       0x28 c:/program files (x86)/arm gnu toolchain arm-none-eabi/12.2 mpacbti-rel1/bin/../lib/gcc/arm-none-eabi/12.2.1/thumb/v7e-m+fp/hard/crtbegin.o
 .text.frame_dummy
                0x0800cb58       0x24 c:/program files (x86)/arm gnu toolchain arm-none-eabi/12.2 mpacbti-rel1/bin/../lib/gcc/arm-none-eabi/12.2.1/thumb/v7e-m+fp/hard/crtbegin.o
 .text.SystemInit
                0x0800cb7c       0x6c build/system_stm32f4xx.o
                0x0800cb7c                SystemInit
 .text.SetSysClock
                0x0800cbe8       0xf8 build/system_stm32f4xx.o
 .text.NVIC_PriorityGroupConfig
                0x0800cce0       0x28 build/misc.o
                0x0800cce0                NVIC_PriorityGroupConfig
 .text.NVIC_Init
                0x0800cd08       0xc4 build/misc.o
                0x0800cd08                NVIC_Init
 .text.NVIC_SetVectorTable
                0x0800cdcc       0x2c build/misc.o
                0x0800cdcc                NVIC_SetVectorTable
 .text.SysTick_CLKSourceConfig
                0x0800cdf8       0x38 build/misc.o
                0x0800cdf8                SysTick_CLKSourceConfig
 .text.ADC_Init
                0x0800ce30       0xac build/stm32f4xx_adc.o
                0x0800ce30                ADC_Init
 .text.ADC_StructInit
                0x0800cedc       0x3e build/stm32f4xx_adc.o
                0x0800cedc                ADC_StructInit
 *fill*         0x0800cf1a        0x2 
 .text.ADC_CommonInit
                0x0800cf1c       0x50 build/stm32f4xx_adc.o
                0x0800cf1c                ADC_CommonInit
 .text.ADC_Cmd  0x0800cf6c       0x38 build/stm32f4xx_adc.o
                0x0800cf6c                ADC_Cmd
 .text.ADC_RegularChannelConfig
                0x0800cfa4      0x194 build/stm32f4xx_adc.o
                0x0800cfa4                ADC_RegularChannelConfig
 .text.ADC_SoftwareStartConv
                0x0800d138       0x20 build/stm32f4xx_adc.o
                0x0800d138                ADC_SoftwareStartConv
 .text.ADC_DMACmd
                0x0800d158       0x38 build/stm32f4xx_adc.o
                0x0800d158                ADC_DMACmd
 .text.ADC_DMARequestAfterLastTransferCmd
                0x0800d190       0x38 build/stm32f4xx_adc.o
                0x0800d190                ADC_DMARequestAfterLastTransferCmd
 .text.DMA_DeInit
                0x0800d1c8      0x1a8 build/stm32f4xx_dma.o
                0x0800d1c8                DMA_DeInit
 .text.DMA_Init
                0x0800d370       0xb0 build/stm32f4xx_dma.o
                0x0800d370                DMA_Init
 .text.DMA_Cmd  0x0800d420       0x38 build/stm32f4xx_dma.o
                0x0800d420                DMA_Cmd
 .text.DMA_FlowControllerConfig
                0x0800d458       0x36 build/stm32f4xx_dma.o
                0x0800d458                DMA_FlowControllerConfig
 .text.DMA_SetCurrDataCounter
                0x0800d48e       0x1e build/stm32f4xx_dma.o
                0x0800d48e                DMA_SetCurrDataCounter
 .text.DMA_GetCmdStatus
                0x0800d4ac       0x30 build/stm32f4xx_dma.o
                0x0800d4ac                DMA_GetCmdStatus
 .text.DMA_GetFlagStatus
                0x0800d4dc       0x78 build/stm32f4xx_dma.o
                0x0800d4dc                DMA_GetFlagStatus
 .text.DMA_ClearFlag
                0x0800d554       0x5c build/stm32f4xx_dma.o
                0x0800d554                DMA_ClearFlag
 .text.DMA_ITConfig
                0x0800d5b0       0x74 build/stm32f4xx_dma.o
                0x0800d5b0                DMA_ITConfig
 .text.EXTI_Init
                0x0800d624       0xe4 build/stm32f4xx_exti.o
                0x0800d624                EXTI_Init
 .text.EXTI_GetITStatus
                0x0800d708       0x34 build/stm32f4xx_exti.o
                0x0800d708                EXTI_GetITStatus
 .text.EXTI_ClearITPendingBit
                0x0800d73c       0x20 build/stm32f4xx_exti.o
                0x0800d73c                EXTI_ClearITPendingBit
 .text.FLASH_SetLatency
                0x0800d75c       0x20 build/stm32f4xx_flash.o
                0x0800d75c                FLASH_SetLatency
 .text.FLASH_PrefetchBufferCmd
                0x0800d77c       0x3c build/stm32f4xx_flash.o
                0x0800d77c                FLASH_PrefetchBufferCmd
 .text.FLASH_Unlock
                0x0800d7b8       0x30 build/stm32f4xx_flash.o
                0x0800d7b8                FLASH_Unlock
 .text.FLASH_Lock
                0x0800d7e8       0x20 build/stm32f4xx_flash.o
                0x0800d7e8                FLASH_Lock
 .text.FLASH_EraseSector
                0x0800d808       0xc0 build/stm32f4xx_flash.o
                0x0800d808                FLASH_EraseSector
 .text.FLASH_ProgramWord
                0x0800d8c8       0x68 build/stm32f4xx_flash.o
                0x0800d8c8                FLASH_ProgramWord
 .text.FLASH_ClearFlag
                0x0800d930       0x20 build/stm32f4xx_flash.o
                0x0800d930                FLASH_ClearFlag
 .text.FLASH_GetStatus
                0x0800d950       0x7c build/stm32f4xx_flash.o
                0x0800d950                FLASH_GetStatus
 .text.FLASH_WaitForLastOperation
                0x0800d9cc       0x30 build/stm32f4xx_flash.o
                0x0800d9cc                FLASH_WaitForLastOperation
 .text.GPIO_Init
                0x0800d9fc      0x11e build/stm32f4xx_gpio.o
                0x0800d9fc                GPIO_Init
 .text.GPIO_ReadInputDataBit
                0x0800db1a       0x34 build/stm32f4xx_gpio.o
                0x0800db1a                GPIO_ReadInputDataBit
 .text.GPIO_SetBits
                0x0800db4e       0x1e build/stm32f4xx_gpio.o
                0x0800db4e                GPIO_SetBits
 .text.GPIO_ResetBits
                0x0800db6c       0x1e build/stm32f4xx_gpio.o
                0x0800db6c                GPIO_ResetBits
 .text.GPIO_WriteBit
                0x0800db8a       0x30 build/stm32f4xx_gpio.o
                0x0800db8a                GPIO_WriteBit
 .text.GPIO_PinAFConfig
                0x0800dbba       0x92 build/stm32f4xx_gpio.o
                0x0800dbba                GPIO_PinAFConfig
 .text.RCC_GetClocksFreq
                0x0800dc4c      0x15c build/stm32f4xx_rcc.o
                0x0800dc4c                RCC_GetClocksFreq
 .text.RCC_AHB1PeriphClockCmd
                0x0800dda8       0x40 build/stm32f4xx_rcc.o
                0x0800dda8                RCC_AHB1PeriphClockCmd
 .text.RCC_APB1PeriphClockCmd
                0x0800dde8       0x40 build/stm32f4xx_rcc.o
                0x0800dde8                RCC_APB1PeriphClockCmd
 .text.RCC_APB2PeriphClockCmd
                0x0800de28       0x40 build/stm32f4xx_rcc.o
                0x0800de28                RCC_APB2PeriphClockCmd
 .text.RCC_APB2PeriphResetCmd
                0x0800de68       0x40 build/stm32f4xx_rcc.o
                0x0800de68                RCC_APB2PeriphResetCmd
 .text.SDIO_DeInit
                0x0800dea8       0x1c build/stm32f4xx_sdio.o
                0x0800dea8                SDIO_DeInit
 .text.SDIO_Init
                0x0800dec4       0x60 build/stm32f4xx_sdio.o
                0x0800dec4                SDIO_Init
 .text.SDIO_ClockCmd
                0x0800df24       0x20 build/stm32f4xx_sdio.o
                0x0800df24                SDIO_ClockCmd
 .text.SDIO_SetPowerState
                0x0800df44       0x20 build/stm32f4xx_sdio.o
                0x0800df44                SDIO_SetPowerState
 .text.SDIO_GetPowerState
                0x0800df64       0x1c build/stm32f4xx_sdio.o
                0x0800df64                SDIO_GetPowerState
 .text.SDIO_SendCommand
                0x0800df80       0x58 build/stm32f4xx_sdio.o
                0x0800df80                SDIO_SendCommand
 .text.SDIO_GetCommandResponse
                0x0800dfd8       0x18 build/stm32f4xx_sdio.o
                0x0800dfd8                SDIO_GetCommandResponse
 .text.SDIO_GetResponse
                0x0800dff0       0x28 build/stm32f4xx_sdio.o
                0x0800dff0                SDIO_GetResponse
 .text.SDIO_DataConfig
                0x0800e018       0x5c build/stm32f4xx_sdio.o
                0x0800e018                SDIO_DataConfig
 .text.SDIO_ReadData
                0x0800e074       0x18 build/stm32f4xx_sdio.o
                0x0800e074                SDIO_ReadData
 .text.SDIO_DMACmd
                0x0800e08c       0x20 build/stm32f4xx_sdio.o
                0x0800e08c                SDIO_DMACmd
 .text.SDIO_ITConfig
                0x0800e0ac       0x40 build/stm32f4xx_sdio.o
                0x0800e0ac                SDIO_ITConfig
 .text.SDIO_GetFlagStatus
                0x0800e0ec       0x34 build/stm32f4xx_sdio.o
                0x0800e0ec                SDIO_GetFlagStatus
 .text.SDIO_ClearFlag
                0x0800e120       0x20 build/stm32f4xx_sdio.o
                0x0800e120                SDIO_ClearFlag
 .text.SDIO_GetITStatus
                0x0800e140       0x34 build/stm32f4xx_sdio.o
                0x0800e140                SDIO_GetITStatus
 .text.SDIO_ClearITPendingBit
                0x0800e174       0x20 build/stm32f4xx_sdio.o
                0x0800e174                SDIO_ClearITPendingBit
 .text.SPI_Init
                0x0800e194       0x88 build/stm32f4xx_spi.o
                0x0800e194                SPI_Init
 .text.SPI_Cmd  0x0800e21c       0x40 build/stm32f4xx_spi.o
                0x0800e21c                SPI_Cmd
 .text.SPI_I2S_SendData
                0x0800e25c       0x1e build/stm32f4xx_spi.o
                0x0800e25c                SPI_I2S_SendData
 .text.SPI_I2S_GetFlagStatus
                0x0800e27a       0x38 build/stm32f4xx_spi.o
                0x0800e27a                SPI_I2S_GetFlagStatus
 *fill*         0x0800e2b2        0x2 
 .text.SYSCFG_EXTILineConfig
                0x0800e2b4       0x84 build/stm32f4xx_syscfg.o
                0x0800e2b4                SYSCFG_EXTILineConfig
 .text.TIM_TimeBaseInit
                0x0800e338       0xd8 build/stm32f4xx_tim.o
                0x0800e338                TIM_TimeBaseInit
 .text.TIM_SetCounter
                0x0800e410       0x1c build/stm32f4xx_tim.o
                0x0800e410                TIM_SetCounter
 .text.TIM_GetCounter
                0x0800e42c       0x18 build/stm32f4xx_tim.o
                0x0800e42c                TIM_GetCounter
 .text.TIM_ARRPreloadConfig
                0x0800e444       0x40 build/stm32f4xx_tim.o
                0x0800e444                TIM_ARRPreloadConfig
 .text.TIM_Cmd  0x0800e484       0x40 build/stm32f4xx_tim.o
                0x0800e484                TIM_Cmd
 .text.TIM_OC1Init
                0x0800e4c4       0xf4 build/stm32f4xx_tim.o
                0x0800e4c4                TIM_OC1Init
 .text.TIM_OC2Init
                0x0800e5b8      0x110 build/stm32f4xx_tim.o
                0x0800e5b8                TIM_OC2Init
 .text.TIM_SetCompare1
                0x0800e6c8       0x1c build/stm32f4xx_tim.o
                0x0800e6c8                TIM_SetCompare1
 .text.TIM_SetCompare2
                0x0800e6e4       0x1c build/stm32f4xx_tim.o
                0x0800e6e4                TIM_SetCompare2
 .text.TIM_OC1PreloadConfig
                0x0800e700       0x38 build/stm32f4xx_tim.o
                0x0800e700                TIM_OC1PreloadConfig
 .text.TIM_OC2PreloadConfig
                0x0800e738       0x3c build/stm32f4xx_tim.o
                0x0800e738                TIM_OC2PreloadConfig
 .text.TIM_ITConfig
                0x0800e774       0x48 build/stm32f4xx_tim.o
                0x0800e774                TIM_ITConfig
 .text.TIM_ClearFlag
                0x0800e7bc       0x22 build/stm32f4xx_tim.o
                0x0800e7bc                TIM_ClearFlag
 .text.TIM_GetITStatus
                0x0800e7de       0x54 build/stm32f4xx_tim.o
                0x0800e7de                TIM_GetITStatus
 .text.TIM_ClearITPendingBit
                0x0800e832       0x22 build/stm32f4xx_tim.o
                0x0800e832                TIM_ClearITPendingBit
 .text.USART_Init
                0x0800e854      0x174 build/stm32f4xx_usart.o
                0x0800e854                USART_Init
 .text.USART_Cmd
                0x0800e9c8       0x40 build/stm32f4xx_usart.o
                0x0800e9c8                USART_Cmd
 .text.USART_ReceiveData
                0x0800ea08       0x20 build/stm32f4xx_usart.o
                0x0800ea08                USART_ReceiveData
 .text.USART_DMACmd
                0x0800ea28       0x48 build/stm32f4xx_usart.o
                0x0800ea28                USART_DMACmd
 .text.USART_ITConfig
                0x0800ea70       0x90 build/stm32f4xx_usart.o
                0x0800ea70                USART_ITConfig
 .text.USART_GetITStatus
                0x0800eb00       0xb6 build/stm32f4xx_usart.o
                0x0800eb00                USART_GetITStatus
 .text.ChipFlashPageWrite
                0x0800ebb6       0x76 build/chip_flash.o
                0x0800ebb6                ChipFlashPageWrite
 .text.ChipFlashPagRead
                0x0800ec2c       0x4e build/chip_flash.o
                0x0800ec2c                ChipFlashPagRead
 *fill*         0x0800ec7a        0x2 
 .text.ReadSysConfigFromFlash
                0x0800ec7c       0x24 build/chip_flash.o
 .text.WriteSysConfigToFlash
                0x0800eca0       0x30 build/chip_flash.o
 .text.SysConfigInit
                0x0800ecd0        0xe build/chip_flash.o
 *fill*         0x0800ecde        0x2 
 .text.GetSysConfigOpt
                0x0800ece0       0x14 build/chip_flash.o
                0x0800ece0                GetSysConfigOpt
 .text.DeviceInit
                0x0800ecf4       0x40 build/led.o
 .text.DeviceRead
                0x0800ed34       0x20 build/led.o
 .text.DeviceWrite
                0x0800ed54       0x3c build/led.o
 .text.LedIntervalCall
                0x0800ed90       0x1a build/led.o
 *fill*         0x0800edaa        0x2 
 .text.DeviceLedInit
                0x0800edac       0x34 build/led.o
 .text.SPI_CS_High
                0x0800ede0       0x14 build/max6950.o
 .text.SPI_CS_Low
                0x0800edf4       0x14 build/max6950.o
 .text.SpiInit  0x0800ee08       0xbc build/max6950.o
 .text.Max6950_SPI_Send
                0x0800eec4       0x84 build/max6950.o
 .text.DeviceInit
                0x0800ef48       0x44 build/max6950.o
 .text.DeviceWrite
                0x0800ef8c       0x8c build/max6950.o
 .text.DeviceLedInit
                0x0800f018       0x34 build/max6950.o
 .text.FrequencyDetect
                0x0800f04c       0xd8 build/pwm_capture.o
 .text.EXTI15_10_IRQHandler
                0x0800f124       0x44 build/pwm_capture.o
                0x0800f124                EXTI15_10_IRQHandler
 .text.GpioConfig
                0x0800f168       0x7c build/pwm_capture.o
 .text.TIM2_IRQHandler
                0x0800f1e4       0x34 build/pwm_capture.o
                0x0800f1e4                TIM2_IRQHandler
 .text.CaptureTimerConfig
                0x0800f218       0x70 build/pwm_capture.o
 .text.DeviceInit
                0x0800f288       0x12 build/pwm_capture.o
 *fill*         0x0800f29a        0x6 
 .text.DeviceRead
                0x0800f2a0       0xc4 build/pwm_capture.o
 .text.DeviceWrite
                0x0800f364       0x1a build/pwm_capture.o
 .text.DeviceIntervalCall
                0x0800f37e       0x1a build/pwm_capture.o
 .text.DevicePwmCaptureInit
                0x0800f398       0x34 build/pwm_capture.o
 .text.GpioConfig
                0x0800f3cc       0x50 build/pwm_out.o
 .text.PwmModeConfig
                0x0800f41c       0x7c build/pwm_out.o
 .text.DeviceInit
                0x0800f498       0x12 build/pwm_out.o
 *fill*         0x0800f4aa        0x2 
 .text.DeviceRead
                0x0800f4ac       0x20 build/pwm_out.o
 .text.DeviceWrite
                0x0800f4cc       0x50 build/pwm_out.o
 .text.DevicePwmOutInit
                0x0800f51c       0x34 build/pwm_out.o
 .text.GpioConfig
                0x0800f550       0x30 build/taseometer.o
 .text.ADCModeConfig
                0x0800f580      0x104 build/taseometer.o
 .text.DeviceInit
                0x0800f684       0x12 build/taseometer.o
 *fill*         0x0800f696        0x2 
 .text.DeviceRead
                0x0800f698       0x8c build/taseometer.o
 .text.DeviceWrite
                0x0800f724       0x1a build/taseometer.o
 .text.DeviceIntervalCall
                0x0800f73e       0x1a build/taseometer.o
 .text.DeviceTaseometerInit
                0x0800f758       0x34 build/taseometer.o
 .text.SD_LowLevel_Init
                0x0800f78c       0xb0 build/tf_card.o
                0x0800f78c                SD_LowLevel_Init
 .text.SD_LowLevel_DMA_TxConfig
                0x0800f83c       0xa4 build/tf_card.o
                0x0800f83c                SD_LowLevel_DMA_TxConfig
 .text.SD_LowLevel_DMA_RxConfig
                0x0800f8e0       0xa4 build/tf_card.o
                0x0800f8e0                SD_LowLevel_DMA_RxConfig
 .text.SD_Init  0x0800f984       0xe4 build/tf_card.o
                0x0800f984                SD_Init
 .text.SD_GetStatus
                0x0800fa68       0x30 build/tf_card.o
                0x0800fa68                SD_GetStatus
 .text.SD_GetState
                0x0800fa98       0x3e build/tf_card.o
                0x0800fa98                SD_GetState
 .text.SD_Detect
                0x0800fad6       0x1a build/tf_card.o
                0x0800fad6                SD_Detect
 .text.SD_PowerON
                0x0800faf0      0x22c build/tf_card.o
                0x0800faf0                SD_PowerON
 .text.SD_InitializeCards
                0x0800fd1c      0x18c build/tf_card.o
                0x0800fd1c                SD_InitializeCards
 .text.SD_GetCardInfo
                0x0800fea8      0x678 build/tf_card.o
                0x0800fea8                SD_GetCardInfo
 .text.SD_EnableWideBusOperation
                0x08010520       0xd8 build/tf_card.o
                0x08010520                SD_EnableWideBusOperation
 .text.SD_SelectDeselect
                0x080105f8       0x4c build/tf_card.o
                0x080105f8                SD_SelectDeselect
 .text.SD_ReadMultiBlocks
                0x08010644      0x13c build/tf_card.o
                0x08010644                SD_ReadMultiBlocks
 .text.SD_WaitReadOperation
                0x08010780       0xbc build/tf_card.o
                0x08010780                SD_WaitReadOperation
 .text.SD_WriteMultiBlocks
                0x0801083c      0x1b8 build/tf_card.o
                0x0801083c                SD_WriteMultiBlocks
 .text.SD_WaitWriteOperation
                0x080109f4       0xbc build/tf_card.o
                0x080109f4                SD_WaitWriteOperation
 .text.SD_StopTransfer
                0x08010ab0       0x48 build/tf_card.o
                0x08010ab0                SD_StopTransfer
 .text.SD_SendStatus
                0x08010af8       0x78 build/tf_card.o
                0x08010af8                SD_SendStatus
 .text.SD_ProcessIRQSrc
                0x08010b70       0xc8 build/tf_card.o
                0x08010b70                SD_ProcessIRQSrc
 .text.SD_ProcessDMAIRQ
                0x08010c38       0x30 build/tf_card.o
                0x08010c38                SD_ProcessDMAIRQ
 .text.CmdError
                0x08010c68       0x4a build/tf_card.o
 *fill*         0x08010cb2        0x2 
 .text.CmdResp7Error
                0x08010cb4       0x78 build/tf_card.o
 .text.CmdResp1Error
                0x08010d2c      0x1a4 build/tf_card.o
 .text.CmdResp3Error
                0x08010ed0       0x50 build/tf_card.o
 .text.CmdResp2Error
                0x08010f20       0x68 build/tf_card.o
 .text.CmdResp6Error
                0x08010f88       0xd0 build/tf_card.o
 .text.SDEnWideBus
                0x08011058      0x180 build/tf_card.o
 .text.FindSCR  0x080111d8      0x204 build/tf_card.o
 .text.SDIO_IRQHandler
                0x080113dc        0xc build/tf_card.o
                0x080113dc                SDIO_IRQHandler
 .text.DMA2_Stream3_IRQHandler
                0x080113e8        0xc build/tf_card.o
                0x080113e8                DMA2_Stream3_IRQHandler
 .text.DeviceUartInit
                0x080113f4       0xc4 build/usart_screen.o
 .text.UartScreenDMAConfig
                0x080114b8       0x94 build/usart_screen.o
 .text.UartScreenTimerConfig
                0x0801154c       0x6c build/usart_screen.o
 .text.DeviceInit
                0x080115b8       0x24 build/usart_screen.o
 .text.DgusUartSend
                0x080115dc       0x68 build/usart_screen.o
 .text.DgusWriteData
                0x08011644       0x54 build/usart_screen.o
 .text.DgusWriteString
                0x08011698       0x8a build/usart_screen.o
 .text.DgusSelectPage
                0x08011722       0x42 build/usart_screen.o
 .text.DeviceRead
                0x08011764       0x20 build/usart_screen.o
 .text.DeviceWrite
                0x08011784       0x24 build/usart_screen.o
 .text.DgusDataWriteCmd
                0x080117a8       0x2c build/usart_screen.o
 .text.DgusTextWriteCmd
                0x080117d4       0x2e build/usart_screen.o
 .text.DgusPageWriteCmd
                0x08011802       0x24 build/usart_screen.o
 *fill*         0x08011826        0x2 
 .text.UartScreenStartTimerCmd
                0x08011828       0x44 build/usart_screen.o
 .text.DeviceIoctl
                0x0801186c       0x6c build/usart_screen.o
 .text.DgusCheckPowerOn
                0x080118d8       0x5c build/usart_screen.o
 .text.DeviceProbe
                0x08011934       0xc0 build/usart_screen.o
 .text.DeviceUartScreenInit
                0x080119f4       0x44 build/usart_screen.o
 .text.CommDgusIrqHandler
                0x08011a38      0x108 build/usart_screen.o
 .text.USART2_IRQHandler
                0x08011b40       0x3c build/usart_screen.o
                0x08011b40                USART2_IRQHandler
 .text.TIM3_IRQHandler
                0x08011b7c       0xb4 build/usart_screen.o
                0x08011b7c                TIM3_IRQHandler
 .text.DeviceUartInit
                0x08011c30       0xc4 build/usart_upper_computer.o
 .text.UartUpperComputerDMAConfig
                0x08011cf4       0x94 build/usart_upper_computer.o
 .text.UsarUpperComputertSend
                0x08011d88       0x64 build/usart_upper_computer.o
 .text.DeviceInit
                0x08011dec       0x20 build/usart_upper_computer.o
 .text.DeviceRead
                0x08011e0c       0x16 build/usart_upper_computer.o
 .text.DeviceWrite
                0x08011e22       0x22 build/usart_upper_computer.o
 .text.DeviceProbe
                0x08011e44       0x18 build/usart_upper_computer.o
 .text.DeviceUpperComputerInit
                0x08011e5c       0x44 build/usart_upper_computer.o
 .text.CheckSumCalculate
                0x08011ea0       0x40 build/usart_upper_computer.o
 .text.CommOtaIrqHandler
                0x08011ee0      0x120 build/usart_upper_computer.o
 .text.CommPowerVehicleIrqHandler
                0x08012000      0x110 build/usart_upper_computer.o
 .text.USART1_IRQHandler
                0x08012110       0x48 build/usart_upper_computer.o
                0x08012110                USART1_IRQHandler
 .text.GetSystemClockConfig
                0x08012158       0x2c build/main.o
 .text.main     0x08012184       0x5c build/main.o
                0x08012184                main
 .text.start_task
                0x080121e0       0x2c build/main.o
                0x080121e0                start_task
 .text.NMI_Handler
                0x0801220c        0xe build/stm32f4xx_it.o
                0x0801220c                NMI_Handler
 .text.HardFault_Handler
                0x0801221a        0xc build/stm32f4xx_it.o
                0x0801221a                HardFault_Handler
 .text.MemManage_Handler
                0x08012226        0x8 build/stm32f4xx_it.o
                0x08012226                MemManage_Handler
 .text.BusFault_Handler
                0x0801222e        0x8 build/stm32f4xx_it.o
                0x0801222e                BusFault_Handler
 .text.UsageFault_Handler
                0x08012236        0x8 build/stm32f4xx_it.o
                0x08012236                UsageFault_Handler
 .text.DebugMon_Handler
                0x0801223e        0xe build/stm32f4xx_it.o
                0x0801223e                DebugMon_Handler
 .text.NVIC_SystemReset
                0x0801224c       0x2c build/app_computer.o
 .text.ComputerSendData
                0x08012278       0x26 build/app_computer.o
 *fill*         0x0801229e        0x2 
 .text.ComputerAppProcessRotateSpeed
                0x080122a0       0x30 build/app_computer.o
 .text.ComputerAppProcess
                0x080122d0       0x26 build/app_computer.o
 *fill*         0x080122f6        0x2 
 .text.RD800DataSimulator
                0x080122f8      0x104 build/app_computer.o
 .text.RD800Process
                0x080123fc      0x114 build/app_computer.o
 .text.OtaReplyProcess
                0x08012510       0x6c build/app_computer.o
 .text.OtaRunBootloader
                0x0801257c       0x50 build/app_computer.o
 .text.OtaProcess
                0x080125cc       0x42 build/app_computer.o
 .text.UpperComputerDeviceProcess
                0x0801260e       0x34 build/app_computer.o
 .text.ComputerDeviceProcess
                0x08012642       0x22 build/app_computer.o
 .text.ComputerTask
                0x08012664       0x64 build/app_computer.o
 .text.AppComputerInit
                0x080126c8       0x2c build/app_computer.o
 .text.MoutFs   0x080126f4       0x94 build/app_data_storage.o
 .text.FsWriteLogData
                0x08012788      0x1dc build/app_data_storage.o
 .text.FsLogSave
                0x08012964       0xb8 build/app_data_storage.o
 .text.FsPowerSpeedSave
                0x08012a1c       0x84 build/app_data_storage.o
 .text.DataStorageProcess
                0x08012aa0       0x9c build/app_data_storage.o
 .text.DataStorageTask
                0x08012b3c       0x2a build/app_data_storage.o
                0x08012b3c                DataStorageTask
 *fill*         0x08012b66        0x2 
 .text.AppDataStorageInit
                0x08012b68       0x2c build/app_data_storage.o
 .text.NVIC_SystemReset
                0x08012b94       0x2c build/app_force.o
 .text.ForceSendData
                0x08012bc0       0x26 build/app_force.o
 *fill*         0x08012be6        0x2 
 .text.ForceCalibration
                0x08012be8       0x88 build/app_force.o
 .text.ForceDeviceProcess
                0x08012c70       0x5c build/app_force.o
 .text.ForceAppWheelProcess
                0x08012ccc       0x20 build/app_force.o
 .text.ForceTask
                0x08012cec       0x60 build/app_force.o
                0x08012cec                ForceTask
 .text.AppForceInit
                0x08012d4c       0x2c build/app_force.o
 .text.RotateSpeedSendData
                0x08012d78       0x26 build/app_rotate_speed.o
 *fill*         0x08012d9e        0x2 
 .text.RotateSpeedDataFilter
                0x08012da0       0x98 build/app_rotate_speed.o
 .text.RotateSpeedDeviceProcess
                0x08012e38       0x2e build/app_rotate_speed.o
 *fill*         0x08012e66        0x2 
 .text.RotateSpeedTask
                0x08012e68       0x50 build/app_rotate_speed.o
                0x08012e68                RotateSpeedTask
 .text.AppRotateSpeedInit
                0x08012eb8       0x2c build/app_rotate_speed.o
 .text.UiSendData
                0x08012ee4       0x26 build/app_ui.o
 .text.UiWriteData
                0x08012f0a       0x32 build/app_ui.o
 .text.UiWriteText
                0x08012f3c       0x66 build/app_ui.o
 *fill*         0x08012fa2        0x2 
 .text.StartTimer
                0x08012fa4       0x8c build/app_ui.o
 .text.UiRd800AutoControlProcess
                0x08013030       0x44 build/app_ui.o
 .text.UiSpo2AndSoOnUpdate
                0x08013074       0xcc build/app_ui.o
 .text.UiSendDataToWheel
                0x08013140       0x30 build/app_ui.o
 .text.UiPowerUpdate
                0x08013170       0x60 build/app_ui.o
 .text.UiAppComputerProcess
                0x080131d0      0x114 build/app_ui.o
 .text.UiAppRotateSpeedProcess
                0x080132e4       0x2c build/app_ui.o
 .text.UiAppProcess
                0x08013310       0x2e build/app_ui.o
 .text.DgusPackageAnalyze
                0x0801333e       0x8c build/app_ui.o
 .text.PowerIncDecProcess
                0x080133ca       0x36 build/app_ui.o
 .text.StartProcess
                0x08013400       0x3c build/app_ui.o
 .text.UiLogDelayProcess
                0x0801343c       0x34 build/app_ui.o
 .text.UiTimerProcess
                0x08013470      0x148 build/app_ui.o
 .text.EntryParameterConfProcess
                0x080135b8       0x7c build/app_ui.o
 .text.ExitParameterConfProcess
                0x08013634       0x80 build/app_ui.o
 .text.CalibrateProcess
                0x080136b4       0x28 build/app_ui.o
 .text.UiDgusProcess
                0x080136dc      0x134 build/app_ui.o
 .text.UiDeviceProcessUartScreen
                0x08013810       0x60 build/app_ui.o
 .text.UiDeviceProcess
                0x08013870       0x26 build/app_ui.o
 *fill*         0x08013896        0x2 
 .text.UiTask   0x08013898       0x7c build/app_ui.o
                0x08013898                UiTask
 .text.HeartLungConnectTimerCall
                0x08013914       0x90 build/app_ui.o
 .text.HeartLungConnectTimer
                0x080139a4       0x5c build/app_ui.o
 .text.AppUiInit
                0x08013a00      0x108 build/app_ui.o
 .text.WheelSendData
                0x08013b08       0x26 build/app_wheel.o
 *fill*         0x08013b2e        0x2 
 .text.WheelAppForceProcess
                0x08013b30       0xf0 build/app_wheel.o
 .text.WheelAppRotateSpeedProcess
                0x08013c20       0x3c build/app_wheel.o
 .text.WheelAppUiCalibration
                0x08013c5c       0x64 build/app_wheel.o
 .text.WheelAppUiProcess
                0x08013cc0      0x160 build/app_wheel.o
 .text.WheelProcess
                0x08013e20       0x40 build/app_wheel.o
 .text.WheelTask
                0x08013e60       0x2a build/app_wheel.o
                0x08013e60                WheelTask
 *fill*         0x08013e8a        0x2 
 .text.AppWheelInit
                0x08013e8c      0x144 build/app_wheel.o
 .text.WinkDeviceProcess
                0x08013fd0       0x40 build/app_wink.o
 .text.WinkTask
                0x08014010       0x30 build/app_wink.o
                0x08014010                WinkTask
 .text.AppWinkInit
                0x08014040       0x2c build/app_wink.o
 .text.WeightMovingAverageFilter
                0x0801406c      0x11c build/alg.o
                0x0801406c                WeightMovingAverageFilter
 .text.IncPID   0x08014188       0xee build/alg.o
                0x08014188                IncPID
 *fill*         0x08014276        0x2 
 .text.NeuralPID
                0x08014278      0x3c4 build/alg.o
                0x08014278                NeuralPID
 .text.vListInitialise
                0x0801463c       0x40 build/list.o
                0x0801463c                vListInitialise
 .text.vListInitialiseItem
                0x0801467c       0x1a build/list.o
                0x0801467c                vListInitialiseItem
 .text.vListInsertEnd
                0x08014696       0x48 build/list.o
                0x08014696                vListInsertEnd
 .text.vListInsert
                0x080146de       0x72 build/list.o
                0x080146de                vListInsert
 .text.uxListRemove
                0x08014750       0x54 build/list.o
                0x08014750                uxListRemove
 .text.xQueueGenericReset
                0x080147a4       0xd0 build/queue.o
                0x080147a4                xQueueGenericReset
 .text.xQueueGenericCreate
                0x08014874       0x74 build/queue.o
                0x08014874                xQueueGenericCreate
 .text.prvInitialiseNewQueue
                0x080148e8       0x4c build/queue.o
 .text.xQueueGenericSend
                0x08014934      0x204 build/queue.o
                0x08014934                xQueueGenericSend
 .text.xQueueGenericSendFromISR
                0x08014b38      0x140 build/queue.o
                0x08014b38                xQueueGenericSendFromISR
 .text.xQueueGenericReceive
                0x08014c78      0x214 build/queue.o
                0x08014c78                xQueueGenericReceive
 .text.uxQueueSpacesAvailable
                0x08014e8c       0x44 build/queue.o
                0x08014e8c                uxQueueSpacesAvailable
 .text.prvCopyDataToQueue
                0x08014ed0       0xd4 build/queue.o
 .text.prvCopyDataFromQueue
                0x08014fa4       0x4c build/queue.o
 .text.prvUnlockQueue
                0x08014ff0       0xc0 build/queue.o
 .text.prvIsQueueEmpty
                0x080150b0       0x2c build/queue.o
 .text.prvIsQueueFull
                0x080150dc       0x30 build/queue.o
 .text.vQueueAddToRegistry
                0x0801510c       0x54 build/queue.o
                0x0801510c                vQueueAddToRegistry
 .text.vQueueWaitForMessageRestricted
                0x08015160       0x68 build/queue.o
                0x08015160                vQueueWaitForMessageRestricted
 .text.prvNotifyQueueSetContainer
                0x080151c8       0xa8 build/queue.o
 .text.xTaskCreate
                0x08015270       0x82 build/tasks.o
                0x08015270                xTaskCreate
 *fill*         0x080152f2        0x2 
 .text.prvInitialiseNewTask
                0x080152f4      0x10c build/tasks.o
 .text.prvAddNewTaskToReadyList
                0x08015400       0xdc build/tasks.o
 .text.vTaskDelete
                0x080154dc      0x11c build/tasks.o
                0x080154dc                vTaskDelete
 .text.vTaskStartScheduler
                0x080155f8       0x98 build/tasks.o
                0x080155f8                vTaskStartScheduler
 .text.vTaskSuspendAll
                0x08015690       0x1c build/tasks.o
                0x08015690                vTaskSuspendAll
 .text.xTaskResumeAll
                0x080156ac      0x138 build/tasks.o
                0x080156ac                xTaskResumeAll
 .text.xTaskGetTickCount
                0x080157e4       0x20 build/tasks.o
                0x080157e4                xTaskGetTickCount
 .text.xTaskIncrementTick
                0x08015804      0x178 build/tasks.o
                0x08015804                xTaskIncrementTick
 .text.vTaskSwitchContext
                0x0801597c       0xb0 build/tasks.o
                0x0801597c                vTaskSwitchContext
 .text.vTaskPlaceOnEventList
                0x08015a2c       0x48 build/tasks.o
                0x08015a2c                vTaskPlaceOnEventList
 .text.vTaskPlaceOnEventListRestricted
                0x08015a74       0x54 build/tasks.o
                0x08015a74                vTaskPlaceOnEventListRestricted
 .text.xTaskRemoveFromEventList
                0x08015ac8       0xc4 build/tasks.o
                0x08015ac8                xTaskRemoveFromEventList
 .text.vTaskSetTimeOutState
                0x08015b8c       0x44 build/tasks.o
                0x08015b8c                vTaskSetTimeOutState
 .text.xTaskCheckForTimeOut
                0x08015bd0       0xb4 build/tasks.o
                0x08015bd0                xTaskCheckForTimeOut
 .text.vTaskMissedYield
                0x08015c84       0x18 build/tasks.o
                0x08015c84                vTaskMissedYield
 .text.prvIdleTask
                0x08015c9c       0x30 build/tasks.o
 .text.prvInitialiseTaskLists
                0x08015ccc       0x80 build/tasks.o
 .text.prvCheckTasksWaitingTermination
                0x08015d4c       0x78 build/tasks.o
 .text.prvTaskCheckFreeStackSpace
                0x08015dc4       0x38 build/tasks.o
 .text.uxTaskGetStackHighWaterMark
                0x08015dfc       0x38 build/tasks.o
                0x08015dfc                uxTaskGetStackHighWaterMark
 .text.prvDeleteTCB
                0x08015e34       0x20 build/tasks.o
 .text.prvResetNextTaskUnblockTime
                0x08015e54       0x4c build/tasks.o
 .text.xTaskGetSchedulerState
                0x08015ea0       0x3c build/tasks.o
                0x08015ea0                xTaskGetSchedulerState
 .text.vTaskPriorityInherit
                0x08015edc       0xec build/tasks.o
                0x08015edc                vTaskPriorityInherit
 .text.xTaskPriorityDisinherit
                0x08015fc8      0x100 build/tasks.o
                0x08015fc8                xTaskPriorityDisinherit
 .text.pvTaskIncrementMutexHeldCount
                0x080160c8       0x28 build/tasks.o
                0x080160c8                pvTaskIncrementMutexHeldCount
 .text.prvAddCurrentTaskToDelayedList
                0x080160f0       0xcc build/tasks.o
 .text.xTimerCreateTimerTask
                0x080161bc       0x64 build/timers.o
                0x080161bc                xTimerCreateTimerTask
 .text.xTimerCreate
                0x08016220       0x3a build/timers.o
                0x08016220                xTimerCreate
 *fill*         0x0801625a        0x2 
 .text.prvInitialiseNewTimer
                0x0801625c       0x64 build/timers.o
 .text.xTimerGenericCommand
                0x080162c0       0x98 build/timers.o
                0x080162c0                xTimerGenericCommand
 .text.prvProcessExpiredTimer
                0x08016358       0x80 build/timers.o
 .text.prvTimerTask
                0x080163d8       0x26 build/timers.o
 *fill*         0x080163fe        0x2 
 .text.prvProcessTimerOrBlockTask
                0x08016400       0x9c build/timers.o
 .text.prvGetNextExpireTime
                0x0801649c       0x48 build/timers.o
 .text.prvSampleTimeNow
                0x080164e4       0x40 build/timers.o
 .text.prvInsertTimerInActiveList
                0x08016524       0x84 build/timers.o
 .text.prvProcessReceivedCommands
                0x080165a8      0x154 build/timers.o
 .text.prvSwitchTimerLists
                0x080166fc       0xc0 build/timers.o
 .text.prvCheckForValidListAndQueue
                0x080167bc       0x6c build/timers.o
 .text.RegisterApp
                0x08016828       0x30 build/app_manager.o
                0x08016828                RegisterApp
 .text.GetAppInfo
                0x08016858       0x44 build/app_manager.o
                0x08016858                GetAppInfo
 .text.SendDataToQueue
                0x0801689c       0xb8 build/app_manager.o
                0x0801689c                SendDataToQueue
 .text.TaskQueueCreate
                0x08016954       0x74 build/app_task_define.o
 .text.TaskInit
                0x080169c8       0x54 build/app_task_define.o
                0x080169c8                TaskInit
 .text.TaskCreate
                0x08016a1c       0xc4 build/app_task_define.o
                0x08016a1c                TaskCreate
 .text.SendDataToApp
                0x08016ae0       0x84 build/app_task_define.o
                0x08016ae0                SendDataToApp
 .text.TaskRemainStack
                0x08016b64       0xa4 build/app_task_define.o
                0x08016b64                TaskRemainStack
 .text.CommonTime
                0x08016c08       0xf8 build/common_def.o
                0x08016c08                CommonTime
 .text.PrintfLogInfo
                0x08016d00      0x130 build/common_def.o
                0x08016d00                PrintfLogInfo
 .text._isatty  0x08016e30       0x2c build/common_def.o
                0x08016e30                _isatty
 .text._close   0x08016e5c       0x2e build/common_def.o
                0x08016e5c                _close
 .text._lseek   0x08016e8a       0x22 build/common_def.o
                0x08016e8a                _lseek
 .text._fstat   0x08016eac       0x36 build/common_def.o
                0x08016eac                _fstat
 .text._read    0x08016ee2       0x2e build/common_def.o
                0x08016ee2                _read
 .text._write   0x08016f10       0x2e build/common_def.o
                0x08016f10                _write
 *fill*         0x08016f3e        0x2 
 .text.DeviceManagerSetInterval
                0x08016f40       0x64 build/device_manager.o
 .text.SetIntervalTimerCall
                0x08016fa4       0xdc build/device_manager.o
 .text.DeviceCreateSetIntervalTimer
                0x08017080       0x58 build/device_manager.o
                0x08017080                DeviceCreateSetIntervalTimer
 .text.RegisterDevice
                0x080170d8       0x88 build/device_manager.o
                0x080170d8                RegisterDevice
 .text.GetDeviceInfo
                0x08017160       0x58 build/device_manager.o
                0x08017160                GetDeviceInfo
 .text.DeviceSampleData
                0x080171b8       0x38 build/device_manager.o
                0x080171b8                DeviceSampleData
 .text.DoInit   0x080171f0       0x22 build/init.o
 *fill*         0x08017212        0x2 
 .text.Init     0x08017214       0x40 build/init.o
                0x08017214                Init
 .text.SysTick_Handler
                0x08017254       0x16 build/delay.o
                0x08017254                SysTick_Handler
 *fill*         0x0801726a        0x2 
 .text.delay_init
                0x0801726c       0x54 build/delay.o
                0x0801726c                delay_init
 .text.delay_us
                0x080172c0       0x7c build/delay.o
                0x080172c0                delay_us
 .text.delay_ms
                0x0801733c       0x30 build/delay.o
                0x0801733c                delay_ms
 .text.uart_init
                0x0801736c       0x12 build/usart.o
                0x0801736c                uart_init
 *fill*         0x0801737e        0x2 
 .text.USART3_IRQHandler
                0x08017380       0xcc build/usart.o
                0x08017380                USART3_IRQHandler
 .text.pxPortInitialiseStack
                0x0801744c       0x68 build/port.o
                0x0801744c                pxPortInitialiseStack
 .text.prvTaskExitError
                0x080174b4       0x50 build/port.o
 *fill*         0x08017504        0xc 
 .text.SVC_Handler
                0x08017510       0x28 build/port.o
                0x08017510                SVC_Handler
 .text.prvPortStartFirstTask
                0x08017538       0x2c build/port.o
 .text.xPortStartScheduler
                0x08017564      0x144 build/port.o
                0x08017564                xPortStartScheduler
 .text.vPortEnterCritical
                0x080176a8       0x5c build/port.o
                0x080176a8                vPortEnterCritical
 .text.vPortExitCritical
                0x08017704       0x4c build/port.o
                0x08017704                vPortExitCritical
 .text.PendSV_Handler
                0x08017750       0x68 build/port.o
                0x08017750                PendSV_Handler
 .text.xPortSysTickHandler
                0x080177b8       0x44 build/port.o
                0x080177b8                xPortSysTickHandler
 .text.vPortSetupTimerInterrupt
                0x080177fc       0x48 build/port.o
                0x080177fc                vPortSetupTimerInterrupt
 .text.vPortEnableVFP
                0x08017844       0x18 build/port.o
 .text.vPortValidateInterruptPriority
                0x0801785c       0x70 build/port.o
                0x0801785c                vPortValidateInterruptPriority
 .text.pvPortMalloc
                0x080178cc      0x170 build/heap_4.o
                0x080178cc                pvPortMalloc
 .text.vPortFree
                0x08017a3c       0xa8 build/heap_4.o
                0x08017a3c                vPortFree
 .text.xPortGetMinimumEverFreeHeapSize
                0x08017ae4       0x18 build/heap_4.o
                0x08017ae4                xPortGetMinimumEverFreeHeapSize
 .text.prvHeapInit
                0x08017afc       0xc4 build/heap_4.o
 .text.prvInsertBlockIntoFreeList
                0x08017bc0       0xb4 build/heap_4.o
 .text.disk_status
                0x08017c74       0x3a build/diskio.o
                0x08017c74                disk_status
 .text.disk_initialize
                0x08017cae       0x46 build/diskio.o
                0x08017cae                disk_initialize
 .text.disk_read
                0x08017cf4      0x17c build/diskio.o
                0x08017cf4                disk_read
 .text.disk_write
                0x08017e70      0x18e build/diskio.o
                0x08017e70                disk_write
 *fill*         0x08017ffe        0x2 
 .text.disk_ioctl
                0x08018000       0x8c build/diskio.o
                0x08018000                disk_ioctl
 .text.get_fattime
                0x0801808c       0x14 build/diskio.o
                0x0801808c                get_fattime
 .text.mem_cpy  0x080180a0       0x3e build/ff.o
 .text.mem_set  0x080180de       0x36 build/ff.o
 .text.mem_cmp  0x08018114       0x4e build/ff.o
 .text.chk_chr  0x08018162       0x36 build/ff.o
 .text.sync_window
                0x08018198       0x88 build/ff.o
 .text.move_window
                0x08018220       0x5a build/ff.o
 .text.sync_fs  0x0801827a      0x144 build/ff.o
 .text.clust2sect
                0x080183be       0x3e build/ff.o
                0x080183be                clust2sect
 .text.get_fat  0x080183fc      0x172 build/ff.o
                0x080183fc                get_fat
 .text.put_fat  0x0801856e      0x210 build/ff.o
                0x0801856e                put_fat
 .text.remove_chain
                0x0801877e       0xa6 build/ff.o
 .text.create_chain
                0x08018824      0x126 build/ff.o
 .text.dir_sdi  0x0801894a       0xfe build/ff.o
 .text.dir_next
                0x08018a48      0x1a6 build/ff.o
 .text.dir_alloc
                0x08018bee       0x8c build/ff.o
 .text.ld_clust
                0x08018c7a       0x5a build/ff.o
 .text.st_clust
                0x08018cd4       0x4e build/ff.o
 *fill*         0x08018d22        0x2 
 .text.cmp_lfn  0x08018d24       0xfc build/ff.o
 .text.fit_lfn  0x08018e20       0xec build/ff.o
 .text.gen_numname
                0x08018f0c      0x148 build/ff.o
 .text.sum_sfn  0x08019054       0x42 build/ff.o
 .text.dir_find
                0x08019096      0x168 build/ff.o
 *fill*         0x080191fe        0x2 
 .text.dir_register
                0x08019200      0x1f0 build/ff.o
 .text.create_name
                0x080193f0      0x3e8 build/ff.o
 .text.follow_path
                0x080197d8       0xd0 build/ff.o
 .text.get_ldnumber
                0x080198a8       0x88 build/ff.o
 .text.check_fs
                0x08019930       0xd0 build/ff.o
 .text.find_volume
                0x08019a00      0x55c build/ff.o
 .text.validate
                0x08019f5c       0x56 build/ff.o
 *fill*         0x08019fb2        0x2 
 .text.f_mount  0x08019fb4       0x88 build/ff.o
                0x08019fb4                f_mount
 .text.f_open   0x0801a03c      0x41c build/ff.o
                0x0801a03c                f_open
 .text.f_read   0x0801a458      0x26e build/ff.o
                0x0801a458                f_read
 .text.f_write  0x0801a6c6      0x2d8 build/ff.o
                0x0801a6c6                f_write
 .text.f_sync   0x0801a99e      0x150 build/ff.o
                0x0801a99e                f_sync
 .text.f_close  0x0801aaee       0x38 build/ff.o
                0x0801aaee                f_close
 .text.f_lseek  0x0801ab26      0x266 build/ff.o
                0x0801ab26                f_lseek
 .text.f_mkdir  0x0801ad8c      0x2de build/ff.o
                0x0801ad8c                f_mkdir
 *fill*         0x0801b06a        0x2 
 .text.f_mkfs   0x0801b06c      0x944 build/ff.o
                0x0801b06c                f_mkfs
 .text.ff_convert
                0x0801b9b0       0xbc build/cc936.o
                0x0801b9b0                ff_convert
 .text.ff_wtoupper
                0x0801ba6c       0x9c build/cc936.o
                0x0801ba6c                ff_wtoupper
 .text.Reset_Handler
                0x0801bb08       0x44 build/startup_stm32f40_41xxx.o
                0x0801bb08                Reset_Handler
 .text.Default_Handler
                0x0801bb4c        0x2 build/startup_stm32f40_41xxx.o
                0x0801bb4c                RTC_Alarm_IRQHandler
                0x0801bb4c                HASH_RNG_IRQHandler
                0x0801bb4c                EXTI2_IRQHandler
                0x0801bb4c                TIM8_CC_IRQHandler
                0x0801bb4c                TIM1_CC_IRQHandler
                0x0801bb4c                DMA2_Stream5_IRQHandler
                0x0801bb4c                DMA1_Stream5_IRQHandler
                0x0801bb4c                PVD_IRQHandler
                0x0801bb4c                TAMP_STAMP_IRQHandler
                0x0801bb4c                CAN2_RX1_IRQHandler
                0x0801bb4c                EXTI3_IRQHandler
                0x0801bb4c                TIM8_TRG_COM_TIM14_IRQHandler
                0x0801bb4c                TIM1_UP_TIM10_IRQHandler
                0x0801bb4c                TIM8_UP_TIM13_IRQHandler
                0x0801bb4c                I2C3_ER_IRQHandler
                0x0801bb4c                EXTI0_IRQHandler
                0x0801bb4c                I2C2_EV_IRQHandler
                0x0801bb4c                DMA1_Stream2_IRQHandler
                0x0801bb4c                CAN1_RX0_IRQHandler
                0x0801bb4c                FPU_IRQHandler
                0x0801bb4c                OTG_HS_WKUP_IRQHandler
                0x0801bb4c                CAN2_SCE_IRQHandler
                0x0801bb4c                DMA2_Stream2_IRQHandler
                0x0801bb4c                SPI1_IRQHandler
                0x0801bb4c                TIM6_DAC_IRQHandler
                0x0801bb4c                TIM1_BRK_TIM9_IRQHandler
                0x0801bb4c                DCMI_IRQHandler
                0x0801bb4c                CAN2_RX0_IRQHandler
                0x0801bb4c                USART6_IRQHandler
                0x0801bb4c                CRYP_IRQHandler
                0x0801bb4c                CAN1_RX1_IRQHandler
                0x0801bb4c                UART5_IRQHandler
                0x0801bb4c                DMA2_Stream0_IRQHandler
                0x0801bb4c                TIM4_IRQHandler
                0x0801bb4c                I2C1_EV_IRQHandler
                0x0801bb4c                DMA1_Stream6_IRQHandler
                0x0801bb4c                DMA1_Stream1_IRQHandler
                0x0801bb4c                UART4_IRQHandler
                0x0801bb4c                RCC_IRQHandler
                0x0801bb4c                TIM8_BRK_TIM12_IRQHandler
                0x0801bb4c                Default_Handler
                0x0801bb4c                ADC_IRQHandler
                0x0801bb4c                DMA1_Stream7_IRQHandler
                0x0801bb4c                TIM7_IRQHandler
                0x0801bb4c                CAN2_TX_IRQHandler
                0x0801bb4c                TIM5_IRQHandler
                0x0801bb4c                DMA2_Stream7_IRQHandler
                0x0801bb4c                I2C3_EV_IRQHandler
                0x0801bb4c                EXTI9_5_IRQHandler
                0x0801bb4c                RTC_WKUP_IRQHandler
                0x0801bb4c                ETH_WKUP_IRQHandler
                0x0801bb4c                SPI2_IRQHandler
                0x0801bb4c                OTG_HS_EP1_IN_IRQHandler
                0x0801bb4c                DMA1_Stream0_IRQHandler
                0x0801bb4c                CAN1_TX_IRQHandler
                0x0801bb4c                EXTI4_IRQHandler
                0x0801bb4c                FSMC_IRQHandler
                0x0801bb4c                ETH_IRQHandler
                0x0801bb4c                OTG_HS_EP1_OUT_IRQHandler
                0x0801bb4c                WWDG_IRQHandler
                0x0801bb4c                OTG_FS_WKUP_IRQHandler
                0x0801bb4c                TIM1_TRG_COM_TIM11_IRQHandler
                0x0801bb4c                OTG_HS_IRQHandler
                0x0801bb4c                EXTI1_IRQHandler
                0x0801bb4c                I2C2_ER_IRQHandler
                0x0801bb4c                DMA2_Stream1_IRQHandler
                0x0801bb4c                CAN1_SCE_IRQHandler
                0x0801bb4c                FLASH_IRQHandler
                0x0801bb4c                DMA2_Stream4_IRQHandler
                0x0801bb4c                OTG_FS_IRQHandler
                0x0801bb4c                SPI3_IRQHandler
                0x0801bb4c                DMA1_Stream4_IRQHandler
                0x0801bb4c                I2C1_ER_IRQHandler
                0x0801bb4c                DMA2_Stream6_IRQHandler
                0x0801bb4c                DMA1_Stream3_IRQHandler
 .text.atoi     0x0801bb4e        0x8 c:/program files (x86)/arm gnu toolchain arm-none-eabi/12.2 mpacbti-rel1/bin/../lib/gcc/arm-none-eabi/12.2.1/thumb/v7e-m+fp/hard\libc_nano.a(libc_a-atoi.o)
                0x0801bb4e                atoi
 .text.__itoa   0x0801bb56       0x30 c:/program files (x86)/arm gnu toolchain arm-none-eabi/12.2 mpacbti-rel1/bin/../lib/gcc/arm-none-eabi/12.2.1/thumb/v7e-m+fp/hard\libc_nano.a(libc_a-itoa.o)
                0x0801bb56                __itoa
 .text.itoa     0x0801bb86        0x4 c:/program files (x86)/arm gnu toolchain arm-none-eabi/12.2 mpacbti-rel1/bin/../lib/gcc/arm-none-eabi/12.2.1/thumb/v7e-m+fp/hard\libc_nano.a(libc_a-itoa.o)
                0x0801bb86                itoa
 *fill*         0x0801bb8a        0x2 
 .text.malloc   0x0801bb8c       0x10 c:/program files (x86)/arm gnu toolchain arm-none-eabi/12.2 mpacbti-rel1/bin/../lib/gcc/arm-none-eabi/12.2.1/thumb/v7e-m+fp/hard\libc_nano.a(libc_a-malloc.o)
                0x0801bb8c                malloc
 .text.sbrk_aligned
                0x0801bb9c       0x44 c:/program files (x86)/arm gnu toolchain arm-none-eabi/12.2 mpacbti-rel1/bin/../lib/gcc/arm-none-eabi/12.2.1/thumb/v7e-m+fp/hard\libc_nano.a(libc_a-mallocr.o)
 .text._malloc_r
                0x0801bbe0      0x100 c:/program files (x86)/arm gnu toolchain arm-none-eabi/12.2 mpacbti-rel1/bin/../lib/gcc/arm-none-eabi/12.2.1/thumb/v7e-m+fp/hard\libc_nano.a(libc_a-mallocr.o)
                0x0801bbe0                _malloc_r
 .text.__malloc_lock
                0x0801bce0        0xc c:/program files (x86)/arm gnu toolchain arm-none-eabi/12.2 mpacbti-rel1/bin/../lib/gcc/arm-none-eabi/12.2.1/thumb/v7e-m+fp/hard\libc_nano.a(libc_a-mlock.o)
                0x0801bce0                __malloc_lock
 .text.__malloc_unlock
                0x0801bcec        0xc c:/program files (x86)/arm gnu toolchain arm-none-eabi/12.2 mpacbti-rel1/bin/../lib/gcc/arm-none-eabi/12.2.1/thumb/v7e-m+fp/hard\libc_nano.a(libc_a-mlock.o)
                0x0801bcec                __malloc_unlock
 .text.rand     0x0801bcf8       0x7c c:/program files (x86)/arm gnu toolchain arm-none-eabi/12.2 mpacbti-rel1/bin/../lib/gcc/arm-none-eabi/12.2.1/thumb/v7e-m+fp/hard\libc_nano.a(libc_a-rand.o)
                0x0801bcf8                rand
 .text._strtol_l.constprop.0
                0x0801bd74       0xfc c:/program files (x86)/arm gnu toolchain arm-none-eabi/12.2 mpacbti-rel1/bin/../lib/gcc/arm-none-eabi/12.2.1/thumb/v7e-m+fp/hard\libc_nano.a(libc_a-strtol.o)
 .text.strtol   0x0801be70       0x14 c:/program files (x86)/arm gnu toolchain arm-none-eabi/12.2 mpacbti-rel1/bin/../lib/gcc/arm-none-eabi/12.2.1/thumb/v7e-m+fp/hard\libc_nano.a(libc_a-strtol.o)
                0x0801be70                strtol
 .text.__utoa   0x0801be84       0x84 c:/program files (x86)/arm gnu toolchain arm-none-eabi/12.2 mpacbti-rel1/bin/../lib/gcc/arm-none-eabi/12.2.1/thumb/v7e-m+fp/hard\libc_nano.a(libc_a-utoa.o)
                0x0801be84                __utoa
 .text.std      0x0801bf08       0x6c c:/program files (x86)/arm gnu toolchain arm-none-eabi/12.2 mpacbti-rel1/bin/../lib/gcc/arm-none-eabi/12.2.1/thumb/v7e-m+fp/hard\libc_nano.a(libc_a-findfp.o)
 .text.stdio_exit_handler
                0x0801bf74       0x18 c:/program files (x86)/arm gnu toolchain arm-none-eabi/12.2 mpacbti-rel1/bin/../lib/gcc/arm-none-eabi/12.2.1/thumb/v7e-m+fp/hard\libc_nano.a(libc_a-findfp.o)
 .text.cleanup_stdio
                0x0801bf8c       0x40 c:/program files (x86)/arm gnu toolchain arm-none-eabi/12.2 mpacbti-rel1/bin/../lib/gcc/arm-none-eabi/12.2.1/thumb/v7e-m+fp/hard\libc_nano.a(libc_a-findfp.o)
 .text.global_stdio_init.part.0
                0x0801bfcc       0x3c c:/program files (x86)/arm gnu toolchain arm-none-eabi/12.2 mpacbti-rel1/bin/../lib/gcc/arm-none-eabi/12.2.1/thumb/v7e-m+fp/hard\libc_nano.a(libc_a-findfp.o)
 .text.__sfp_lock_acquire
                0x0801c008        0xc c:/program files (x86)/arm gnu toolchain arm-none-eabi/12.2 mpacbti-rel1/bin/../lib/gcc/arm-none-eabi/12.2.1/thumb/v7e-m+fp/hard\libc_nano.a(libc_a-findfp.o)
                0x0801c008                __sfp_lock_acquire
 .text.__sfp_lock_release
                0x0801c014        0xc c:/program files (x86)/arm gnu toolchain arm-none-eabi/12.2 mpacbti-rel1/bin/../lib/gcc/arm-none-eabi/12.2.1/thumb/v7e-m+fp/hard\libc_nano.a(libc_a-findfp.o)
                0x0801c014                __sfp_lock_release
 .text.__sinit  0x0801c020       0x30 c:/program files (x86)/arm gnu toolchain arm-none-eabi/12.2 mpacbti-rel1/bin/../lib/gcc/arm-none-eabi/12.2.1/thumb/v7e-m+fp/hard\libc_nano.a(libc_a-findfp.o)
                0x0801c020                __sinit
 .text._fwalk_sglue
                0x0801c050       0x3c c:/program files (x86)/arm gnu toolchain arm-none-eabi/12.2 mpacbti-rel1/bin/../lib/gcc/arm-none-eabi/12.2.1/thumb/v7e-m+fp/hard\libc_nano.a(libc_a-fwalk.o)
                0x0801c050                _fwalk_sglue
 .text.printf   0x0801c08c       0x24 c:/program files (x86)/arm gnu toolchain arm-none-eabi/12.2 mpacbti-rel1/bin/../lib/gcc/arm-none-eabi/12.2.1/thumb/v7e-m+fp/hard\libc_nano.a(libc_a-printf.o)
                0x0801c08c                iprintf
                0x0801c08c                printf
 .text._puts_r  0x0801c0b0       0xaa c:/program files (x86)/arm gnu toolchain arm-none-eabi/12.2 mpacbti-rel1/bin/../lib/gcc/arm-none-eabi/12.2.1/thumb/v7e-m+fp/hard\libc_nano.a(libc_a-puts.o)
                0x0801c0b0                _puts_r
 *fill*         0x0801c15a        0x2 
 .text.puts     0x0801c15c       0x10 c:/program files (x86)/arm gnu toolchain arm-none-eabi/12.2 mpacbti-rel1/bin/../lib/gcc/arm-none-eabi/12.2.1/thumb/v7e-m+fp/hard\libc_nano.a(libc_a-puts.o)
                0x0801c15c                puts
 .text.sprintf  0x0801c16c       0x40 c:/program files (x86)/arm gnu toolchain arm-none-eabi/12.2 mpacbti-rel1/bin/../lib/gcc/arm-none-eabi/12.2.1/thumb/v7e-m+fp/hard\libc_nano.a(libc_a-sprintf.o)
                0x0801c16c                siprintf
                0x0801c16c                sprintf
 .text.__sread  0x0801c1ac       0x22 c:/program files (x86)/arm gnu toolchain arm-none-eabi/12.2 mpacbti-rel1/bin/../lib/gcc/arm-none-eabi/12.2.1/thumb/v7e-m+fp/hard\libc_nano.a(libc_a-stdio.o)
                0x0801c1ac                __sread
 .text.__swrite
                0x0801c1ce       0x38 c:/program files (x86)/arm gnu toolchain arm-none-eabi/12.2 mpacbti-rel1/bin/../lib/gcc/arm-none-eabi/12.2.1/thumb/v7e-m+fp/hard\libc_nano.a(libc_a-stdio.o)
                0x0801c1ce                __swrite
 .text.__sseek  0x0801c206       0x24 c:/program files (x86)/arm gnu toolchain arm-none-eabi/12.2 mpacbti-rel1/bin/../lib/gcc/arm-none-eabi/12.2.1/thumb/v7e-m+fp/hard\libc_nano.a(libc_a-stdio.o)
                0x0801c206                __sseek
 .text.__sclose
                0x0801c22a        0x8 c:/program files (x86)/arm gnu toolchain arm-none-eabi/12.2 mpacbti-rel1/bin/../lib/gcc/arm-none-eabi/12.2.1/thumb/v7e-m+fp/hard\libc_nano.a(libc_a-stdio.o)
                0x0801c22a                __sclose
 *fill*         0x0801c232        0x2 
 .text._vsprintf_r
                0x0801c234       0x2c c:/program files (x86)/arm gnu toolchain arm-none-eabi/12.2 mpacbti-rel1/bin/../lib/gcc/arm-none-eabi/12.2.1/thumb/v7e-m+fp/hard\libc_nano.a(libc_a-vsprintf.o)
                0x0801c234                _vsprintf_r
                0x0801c234                _vsiprintf_r
 .text.vsprintf
                0x0801c260       0x14 c:/program files (x86)/arm gnu toolchain arm-none-eabi/12.2 mpacbti-rel1/bin/../lib/gcc/arm-none-eabi/12.2.1/thumb/v7e-m+fp/hard\libc_nano.a(libc_a-vsprintf.o)
                0x0801c260                vsiprintf
                0x0801c260                vsprintf
 .text.__swbuf_r
                0x0801c274       0x7c c:/program files (x86)/arm gnu toolchain arm-none-eabi/12.2 mpacbti-rel1/bin/../lib/gcc/arm-none-eabi/12.2.1/thumb/v7e-m+fp/hard\libc_nano.a(libc_a-wbuf.o)
                0x0801c274                __swbuf_r
 .text.__swsetup_r
                0x0801c2f0       0xac c:/program files (x86)/arm gnu toolchain arm-none-eabi/12.2 mpacbti-rel1/bin/../lib/gcc/arm-none-eabi/12.2.1/thumb/v7e-m+fp/hard\libc_nano.a(libc_a-wsetup.o)
                0x0801c2f0                __swsetup_r
 .text.memset   0x0801c39c       0x10 c:/program files (x86)/arm gnu toolchain arm-none-eabi/12.2 mpacbti-rel1/bin/../lib/gcc/arm-none-eabi/12.2.1/thumb/v7e-m+fp/hard\libc_nano.a(libc_a-memset.o)
                0x0801c39c                memset
 .text._close_r
                0x0801c3ac       0x20 c:/program files (x86)/arm gnu toolchain arm-none-eabi/12.2 mpacbti-rel1/bin/../lib/gcc/arm-none-eabi/12.2.1/thumb/v7e-m+fp/hard\libc_nano.a(libc_a-closer.o)
                0x0801c3ac                _close_r
 .text._lseek_r
                0x0801c3cc       0x24 c:/program files (x86)/arm gnu toolchain arm-none-eabi/12.2 mpacbti-rel1/bin/../lib/gcc/arm-none-eabi/12.2.1/thumb/v7e-m+fp/hard\libc_nano.a(libc_a-lseekr.o)
                0x0801c3cc                _lseek_r
 .text._read_r  0x0801c3f0       0x24 c:/program files (x86)/arm gnu toolchain arm-none-eabi/12.2 mpacbti-rel1/bin/../lib/gcc/arm-none-eabi/12.2.1/thumb/v7e-m+fp/hard\libc_nano.a(libc_a-readr.o)
                0x0801c3f0                _read_r
 .text._sbrk_r  0x0801c414       0x20 c:/program files (x86)/arm gnu toolchain arm-none-eabi/12.2 mpacbti-rel1/bin/../lib/gcc/arm-none-eabi/12.2.1/thumb/v7e-m+fp/hard\libc_nano.a(libc_a-sbrkr.o)
                0x0801c414                _sbrk_r
 .text._write_r
                0x0801c434       0x24 c:/program files (x86)/arm gnu toolchain arm-none-eabi/12.2 mpacbti-rel1/bin/../lib/gcc/arm-none-eabi/12.2.1/thumb/v7e-m+fp/hard\libc_nano.a(libc_a-writer.o)
                0x0801c434                _write_r
 .text.__errno  0x0801c458        0xc c:/program files (x86)/arm gnu toolchain arm-none-eabi/12.2 mpacbti-rel1/bin/../lib/gcc/arm-none-eabi/12.2.1/thumb/v7e-m+fp/hard\libc_nano.a(libc_a-errno.o)
                0x0801c458                __errno
 .text.__retarget_lock_init_recursive
                0x0801c464        0x2 c:/program files (x86)/arm gnu toolchain arm-none-eabi/12.2 mpacbti-rel1/bin/../lib/gcc/arm-none-eabi/12.2.1/thumb/v7e-m+fp/hard\libc_nano.a(libc_a-lock.o)
                0x0801c464                __retarget_lock_init_recursive
 .text.__retarget_lock_acquire_recursive
                0x0801c466        0x2 c:/program files (x86)/arm gnu toolchain arm-none-eabi/12.2 mpacbti-rel1/bin/../lib/gcc/arm-none-eabi/12.2.1/thumb/v7e-m+fp/hard\libc_nano.a(libc_a-lock.o)
                0x0801c466                __retarget_lock_acquire_recursive
 .text.__retarget_lock_release_recursive
                0x0801c468        0x2 c:/program files (x86)/arm gnu toolchain arm-none-eabi/12.2 mpacbti-rel1/bin/../lib/gcc/arm-none-eabi/12.2.1/thumb/v7e-m+fp/hard\libc_nano.a(libc_a-lock.o)
                0x0801c468                __retarget_lock_release_recursive
 .text.memcpy   0x0801c46a       0x1c c:/program files (x86)/arm gnu toolchain arm-none-eabi/12.2 mpacbti-rel1/bin/../lib/gcc/arm-none-eabi/12.2.1/thumb/v7e-m+fp/hard\libc_nano.a(libc_a-memcpy-stub.o)
                0x0801c46a                memcpy
 *fill*         0x0801c486        0x2 
 .text.__assert_func
                0x0801c488       0x3c c:/program files (x86)/arm gnu toolchain arm-none-eabi/12.2 mpacbti-rel1/bin/../lib/gcc/arm-none-eabi/12.2.1/thumb/v7e-m+fp/hard\libc_nano.a(libc_a-assert.o)
                0x0801c488                __assert_func
 .text._free_r  0x0801c4c4       0x94 c:/program files (x86)/arm gnu toolchain arm-none-eabi/12.2 mpacbti-rel1/bin/../lib/gcc/arm-none-eabi/12.2.1/thumb/v7e-m+fp/hard\libc_nano.a(libc_a-freer.o)
                0x0801c4c4                _free_r
 .text.__ssputs_r
                0x0801c558       0xb6 c:/program files (x86)/arm gnu toolchain arm-none-eabi/12.2 mpacbti-rel1/bin/../lib/gcc/arm-none-eabi/12.2.1/thumb/v7e-m+fp/hard\libc_nano.a(libc_a-nano-svfprintf.o)
                0x0801c558                __ssputs_r
 *fill*         0x0801c60e        0x2 
 .text._svfprintf_r
                0x0801c610      0x1f8 c:/program files (x86)/arm gnu toolchain arm-none-eabi/12.2 mpacbti-rel1/bin/../lib/gcc/arm-none-eabi/12.2.1/thumb/v7e-m+fp/hard\libc_nano.a(libc_a-nano-svfprintf.o)
                0x0801c610                _svfiprintf_r
                0x0801c610                _svfprintf_r
 .text.__sfputc_r
                0x0801c808       0x2e c:/program files (x86)/arm gnu toolchain arm-none-eabi/12.2 mpacbti-rel1/bin/../lib/gcc/arm-none-eabi/12.2.1/thumb/v7e-m+fp/hard\libc_nano.a(libc_a-nano-vfprintf.o)
 .text.__sfputs_r
                0x0801c836       0x24 c:/program files (x86)/arm gnu toolchain arm-none-eabi/12.2 mpacbti-rel1/bin/../lib/gcc/arm-none-eabi/12.2.1/thumb/v7e-m+fp/hard\libc_nano.a(libc_a-nano-vfprintf.o)
                0x0801c836                __sfputs_r
 *fill*         0x0801c85a        0x2 
 .text._vfprintf_r
                0x0801c85c      0x230 c:/program files (x86)/arm gnu toolchain arm-none-eabi/12.2 mpacbti-rel1/bin/../lib/gcc/arm-none-eabi/12.2.1/thumb/v7e-m+fp/hard\libc_nano.a(libc_a-nano-vfprintf.o)
                0x0801c85c                _vfprintf_r
                0x0801c85c                _vfiprintf_r
 .text._printf_common
                0x0801ca8c       0xda c:/program files (x86)/arm gnu toolchain arm-none-eabi/12.2 mpacbti-rel1/bin/../lib/gcc/arm-none-eabi/12.2.1/thumb/v7e-m+fp/hard\libc_nano.a(libc_a-nano-vfprintf_i.o)
                0x0801ca8c                _printf_common
 *fill*         0x0801cb66        0x2 
 .text._printf_i
                0x0801cb68      0x258 c:/program files (x86)/arm gnu toolchain arm-none-eabi/12.2 mpacbti-rel1/bin/../lib/gcc/arm-none-eabi/12.2.1/thumb/v7e-m+fp/hard\libc_nano.a(libc_a-nano-vfprintf_i.o)
                0x0801cb68                _printf_i
 .text.__sflush_r
                0x0801cdc0      0x108 c:/program files (x86)/arm gnu toolchain arm-none-eabi/12.2 mpacbti-rel1/bin/../lib/gcc/arm-none-eabi/12.2.1/thumb/v7e-m+fp/hard\libc_nano.a(libc_a-fflush.o)
                0x0801cdc0                __sflush_r
 .text._fflush_r
                0x0801cec8       0x50 c:/program files (x86)/arm gnu toolchain arm-none-eabi/12.2 mpacbti-rel1/bin/../lib/gcc/arm-none-eabi/12.2.1/thumb/v7e-m+fp/hard\libc_nano.a(libc_a-fflush.o)
                0x0801cec8                _fflush_r
 .text.fprintf  0x0801cf18       0x24 c:/program files (x86)/arm gnu toolchain arm-none-eabi/12.2 mpacbti-rel1/bin/../lib/gcc/arm-none-eabi/12.2.1/thumb/v7e-m+fp/hard\libc_nano.a(libc_a-fprintf.o)
                0x0801cf18                fiprintf
                0x0801cf18                fprintf
 .text.__swhatbuf_r
                0x0801cf3c       0x4c c:/program files (x86)/arm gnu toolchain arm-none-eabi/12.2 mpacbti-rel1/bin/../lib/gcc/arm-none-eabi/12.2.1/thumb/v7e-m+fp/hard\libc_nano.a(libc_a-makebuf.o)
                0x0801cf3c                __swhatbuf_r
 .text.__smakebuf_r
                0x0801cf88       0x78 c:/program files (x86)/arm gnu toolchain arm-none-eabi/12.2 mpacbti-rel1/bin/../lib/gcc/arm-none-eabi/12.2.1/thumb/v7e-m+fp/hard\libc_nano.a(libc_a-makebuf.o)
                0x0801cf88                __smakebuf_r
 .text.memmove  0x0801d000       0x34 c:/program files (x86)/arm gnu toolchain arm-none-eabi/12.2 mpacbti-rel1/bin/../lib/gcc/arm-none-eabi/12.2.1/thumb/v7e-m+fp/hard\libc_nano.a(libc_a-memmove.o)
                0x0801d000                memmove
 .text._fstat_r
                0x0801d034       0x24 c:/program files (x86)/arm gnu toolchain arm-none-eabi/12.2 mpacbti-rel1/bin/../lib/gcc/arm-none-eabi/12.2.1/thumb/v7e-m+fp/hard\libc_nano.a(libc_a-fstatr.o)
                0x0801d034                _fstat_r
 .text._isatty_r
                0x0801d058       0x20 c:/program files (x86)/arm gnu toolchain arm-none-eabi/12.2 mpacbti-rel1/bin/../lib/gcc/arm-none-eabi/12.2.1/thumb/v7e-m+fp/hard\libc_nano.a(libc_a-isattyr.o)
                0x0801d058                _isatty_r
 .text.abort    0x0801d078        0xe c:/program files (x86)/arm gnu toolchain arm-none-eabi/12.2 mpacbti-rel1/bin/../lib/gcc/arm-none-eabi/12.2.1/thumb/v7e-m+fp/hard\libc_nano.a(libc_a-abort.o)
                0x0801d078                abort
 .text._realloc_r
                0x0801d086       0x5c c:/program files (x86)/arm gnu toolchain arm-none-eabi/12.2 mpacbti-rel1/bin/../lib/gcc/arm-none-eabi/12.2.1/thumb/v7e-m+fp/hard\libc_nano.a(libc_a-reallocr.o)
                0x0801d086                _realloc_r
 .text._raise_r
                0x0801d0e2       0x50 c:/program files (x86)/arm gnu toolchain arm-none-eabi/12.2 mpacbti-rel1/bin/../lib/gcc/arm-none-eabi/12.2.1/thumb/v7e-m+fp/hard\libc_nano.a(libc_a-signal.o)
                0x0801d0e2                _raise_r
 *fill*         0x0801d132        0x2 
 .text.raise    0x0801d134       0x10 c:/program files (x86)/arm gnu toolchain arm-none-eabi/12.2 mpacbti-rel1/bin/../lib/gcc/arm-none-eabi/12.2.1/thumb/v7e-m+fp/hard\libc_nano.a(libc_a-signal.o)
                0x0801d134                raise
 .text._kill_r  0x0801d144       0x24 c:/program files (x86)/arm gnu toolchain arm-none-eabi/12.2 mpacbti-rel1/bin/../lib/gcc/arm-none-eabi/12.2.1/thumb/v7e-m+fp/hard\libc_nano.a(libc_a-signalr.o)
                0x0801d144                _kill_r
 .text._getpid_r
                0x0801d168        0x4 c:/program files (x86)/arm gnu toolchain arm-none-eabi/12.2 mpacbti-rel1/bin/../lib/gcc/arm-none-eabi/12.2.1/thumb/v7e-m+fp/hard\libc_nano.a(libc_a-signalr.o)
                0x0801d168                _getpid_r
 .text._malloc_usable_size_r
                0x0801d16c       0x10 c:/program files (x86)/arm gnu toolchain arm-none-eabi/12.2 mpacbti-rel1/bin/../lib/gcc/arm-none-eabi/12.2.1/thumb/v7e-m+fp/hard\libc_nano.a(libc_a-msizer.o)
                0x0801d16c                _malloc_usable_size_r
 .text._getpid  0x0801d17c       0x10 c:/program files (x86)/arm gnu toolchain arm-none-eabi/12.2 mpacbti-rel1/bin/../lib/gcc/arm-none-eabi/12.2.1/thumb/v7e-m+fp/hard\libnosys.a(getpid.o)
                0x0801d17c                _getpid
 .text._kill    0x0801d18c       0x10 c:/program files (x86)/arm gnu toolchain arm-none-eabi/12.2 mpacbti-rel1/bin/../lib/gcc/arm-none-eabi/12.2.1/thumb/v7e-m+fp/hard\libnosys.a(kill.o)
                0x0801d18c                _kill
 .text._sbrk    0x0801d19c       0x1c c:/program files (x86)/arm gnu toolchain arm-none-eabi/12.2 mpacbti-rel1/bin/../lib/gcc/arm-none-eabi/12.2.1/thumb/v7e-m+fp/hard\libnosys.a(sbrk.o)
                0x0801d19c                _sbrk
 .text._exit    0x0801d1b8        0x4 c:/program files (x86)/arm gnu toolchain arm-none-eabi/12.2 mpacbti-rel1/bin/../lib/gcc/arm-none-eabi/12.2.1/thumb/v7e-m+fp/hard\libnosys.a(_exit.o)
                0x0801d1b8                _exit
 .text.__udivmoddi4
                0x0801d1bc      0x2bc c:/program files (x86)/arm gnu toolchain arm-none-eabi/12.2 mpacbti-rel1/bin/../lib/gcc/arm-none-eabi/12.2.1/thumb/v7e-m+fp/hard\libgcc.a(_udivmoddi4.o)
                0x0801d1bc                __udivmoddi4
 *(.glue_7)
 .glue_7        0x0801d478        0x0 linker stubs
 *(.glue_7t)
 .glue_7t       0x0801d478        0x0 linker stubs
 *(.eh_frame)
 .eh_frame      0x0801d478        0x0 c:/program files (x86)/arm gnu toolchain arm-none-eabi/12.2 mpacbti-rel1/bin/../lib/gcc/arm-none-eabi/12.2.1/thumb/v7e-m+fp/hard/crtbegin.o
 *(.init)
 .init          0x0801d478        0x4 c:/program files (x86)/arm gnu toolchain arm-none-eabi/12.2 mpacbti-rel1/bin/../lib/gcc/arm-none-eabi/12.2.1/thumb/v7e-m+fp/hard/crti.o
                0x0801d478                _init
 .init          0x0801d47c        0x8 c:/program files (x86)/arm gnu toolchain arm-none-eabi/12.2 mpacbti-rel1/bin/../lib/gcc/arm-none-eabi/12.2.1/thumb/v7e-m+fp/hard/crtn.o
 *(.fini)
 .fini          0x0801d484        0x4 c:/program files (x86)/arm gnu toolchain arm-none-eabi/12.2 mpacbti-rel1/bin/../lib/gcc/arm-none-eabi/12.2.1/thumb/v7e-m+fp/hard/crti.o
                0x0801d484                _fini
 .fini          0x0801d488        0x8 c:/program files (x86)/arm gnu toolchain arm-none-eabi/12.2 mpacbti-rel1/bin/../lib/gcc/arm-none-eabi/12.2.1/thumb/v7e-m+fp/hard/crtn.o
                0x0801d490                        . = ALIGN (0x4)
                0x0801d490                        _etext = .

.vfp11_veneer   0x0801d490        0x0
 .vfp11_veneer  0x0801d490        0x0 linker stubs

.v4_bx          0x0801d490        0x0
 .v4_bx         0x0801d490        0x0 linker stubs

.iplt           0x0801d490        0x0
 .iplt          0x0801d490        0x0 c:/program files (x86)/arm gnu toolchain arm-none-eabi/12.2 mpacbti-rel1/bin/../lib/gcc/arm-none-eabi/12.2.1/thumb/v7e-m+fp/hard/crtbegin.o

.rodata         0x0801d490    0x2b8e8
                0x0801d490                        . = ALIGN (0x4)
 *(.rodata)
 .rodata        0x0801d490       0x1a build/led.o
 *fill*         0x0801d4aa        0x2 
 .rodata        0x0801d4ac       0x1a build/pwm_out.o
 *fill*         0x0801d4c6        0x2 
 .rodata        0x0801d4c8       0x9a build/usart_screen.o
 *fill*         0x0801d562        0x2 
 .rodata        0x0801d564       0x50 build/usart_upper_computer.o
 .rodata        0x0801d5b4        0xb build/main.o
 *fill*         0x0801d5bf        0x1 
 .rodata        0x0801d5c0       0x36 build/app_computer.o
 *fill*         0x0801d5f6        0x2 
 .rodata        0x0801d5f8       0x58 build/app_data_storage.o
 .rodata        0x0801d650       0x28 build/app_force.o
 .rodata        0x0801d678       0x35 build/app_rotate_speed.o
 *fill*         0x0801d6ad        0x3 
 .rodata        0x0801d6b0       0x72 build/app_ui.o
 *fill*         0x0801d722        0x2 
 .rodata        0x0801d724       0x22 build/queue.o
 *fill*         0x0801d746        0x2 
 .rodata        0x0801d748       0x3b build/tasks.o
 *fill*         0x0801d783        0x1 
 .rodata        0x0801d784       0x31 build/timers.o
 *fill*         0x0801d7b5        0x3 
 .rodata        0x0801d7b8       0x37 build/app_manager.o
 *fill*         0x0801d7ef        0x1 
 .rodata        0x0801d7f0       0xad build/app_task_define.o
 *fill*         0x0801d89d        0x3 
 .rodata        0x0801d8a0       0x6d build/common_def.o
 *fill*         0x0801d90d        0x3 
 .rodata        0x0801d910       0xa4 build/device_manager.o
 .rodata        0x0801d9b4       0x36 build/port.o
 *fill*         0x0801d9ea        0x2 
 .rodata        0x0801d9ec       0x32 build/heap_4.o
 *fill*         0x0801da1e        0x2 
 .rodata        0x0801da20       0x48 build/ff.o
 *(.rodata*)
 .rodata.LfnOfs
                0x0801da68        0xd build/ff.o
 *fill*         0x0801da75        0x3 
 .rodata.vst.1  0x0801da78       0x16 build/ff.o
 *fill*         0x0801da8e        0x2 
 .rodata.cst.0  0x0801da90       0x16 build/ff.o
 *fill*         0x0801daa6        0x2 
 .rodata.uni2oem
                0x0801daa8    0x15484 build/cc936.o
 .rodata.oem2uni
                0x08032f2c    0x15484 build/cc936.o
 .rodata.lower.1
                0x080483b0      0x3dc build/cc936.o
 .rodata.upper.0
                0x0804878c      0x3dc build/cc936.o
 .rodata.srand.str1.1
                0x08048b68       0x78 c:/program files (x86)/arm gnu toolchain arm-none-eabi/12.2 mpacbti-rel1/bin/../lib/gcc/arm-none-eabi/12.2.1/thumb/v7e-m+fp/hard\libc_nano.a(libc_a-rand.o)
 .rodata.__utoa.str1.1
                0x08048be0       0x25 c:/program files (x86)/arm gnu toolchain arm-none-eabi/12.2 mpacbti-rel1/bin/../lib/gcc/arm-none-eabi/12.2.1/thumb/v7e-m+fp/hard\libc_nano.a(libc_a-utoa.o)
 .rodata._ctype_
                0x08048c05      0x101 c:/program files (x86)/arm gnu toolchain arm-none-eabi/12.2 mpacbti-rel1/bin/../lib/gcc/arm-none-eabi/12.2.1/thumb/v7e-m+fp/hard\libc_nano.a(libc_a-ctype_.o)
                0x08048c05                _ctype_
 .rodata.__assert_func.str1.1
                0x08048d06       0x3c c:/program files (x86)/arm gnu toolchain arm-none-eabi/12.2 mpacbti-rel1/bin/../lib/gcc/arm-none-eabi/12.2.1/thumb/v7e-m+fp/hard\libc_nano.a(libc_a-assert.o)
                                 0x3d (size before relaxing)
 .rodata._svfprintf_r.str1.1
                0x08048d42       0x11 c:/program files (x86)/arm gnu toolchain arm-none-eabi/12.2 mpacbti-rel1/bin/../lib/gcc/arm-none-eabi/12.2.1/thumb/v7e-m+fp/hard\libc_nano.a(libc_a-nano-svfprintf.o)
 .rodata._vfprintf_r.str1.1
                0x08048d53       0x11 c:/program files (x86)/arm gnu toolchain arm-none-eabi/12.2 mpacbti-rel1/bin/../lib/gcc/arm-none-eabi/12.2.1/thumb/v7e-m+fp/hard\libc_nano.a(libc_a-nano-vfprintf.o)
 .rodata._printf_i.str1.1
                0x08048d53       0x22 c:/program files (x86)/arm gnu toolchain arm-none-eabi/12.2 mpacbti-rel1/bin/../lib/gcc/arm-none-eabi/12.2.1/thumb/v7e-m+fp/hard\libc_nano.a(libc_a-nano-vfprintf_i.o)
                0x08048d78                        . = ALIGN (0x4)
 *fill*         0x08048d75        0x3 

.ARM.extab
 *(.ARM.extab* .gnu.linkonce.armextab.*)

.ARM            0x08048d78        0x8
                0x08048d78                        __exidx_start = .
 *(.ARM.exidx*)
 .ARM.exidx     0x08048d78        0x8 c:/program files (x86)/arm gnu toolchain arm-none-eabi/12.2 mpacbti-rel1/bin/../lib/gcc/arm-none-eabi/12.2.1/thumb/v7e-m+fp/hard\libc_nano.a(libc_a-strlen.o)
 .ARM.exidx     0x08048d80        0x0 c:/program files (x86)/arm gnu toolchain arm-none-eabi/12.2 mpacbti-rel1/bin/../lib/gcc/arm-none-eabi/12.2.1/thumb/v7e-m+fp/hard\libc_nano.a(libc_a-memchr.o)
                                  0x8 (size before relaxing)
 .ARM.exidx.text.__udivmoddi4
                0x08048d80        0x0 c:/program files (x86)/arm gnu toolchain arm-none-eabi/12.2 mpacbti-rel1/bin/../lib/gcc/arm-none-eabi/12.2.1/thumb/v7e-m+fp/hard\libgcc.a(_udivmoddi4.o)
                                  0x8 (size before relaxing)
                0x08048d80                        __exidx_end = .

.preinit_array  0x08048d80        0x0
                0x08048d80                        PROVIDE (__preinit_array_start = .)
 *(.preinit_array*)
                0x08048d80                        PROVIDE (__preinit_array_end = .)

.init_array     0x08048d80        0x4
                0x08048d80                        PROVIDE (__init_array_start = .)
 *(SORT_BY_NAME(.init_array.*))
 *(.init_array*)
 .init_array    0x08048d80        0x4 c:/program files (x86)/arm gnu toolchain arm-none-eabi/12.2 mpacbti-rel1/bin/../lib/gcc/arm-none-eabi/12.2.1/thumb/v7e-m+fp/hard/crtbegin.o
                0x08048d84                        PROVIDE (__init_array_end = .)

.fini_array     0x08048d84        0x4
                [!provide]                        PROVIDE (__fini_array_start = .)
 *(SORT_BY_NAME(.fini_array.*))
 *(.fini_array*)
 .fini_array    0x08048d84        0x4 c:/program files (x86)/arm gnu toolchain arm-none-eabi/12.2 mpacbti-rel1/bin/../lib/gcc/arm-none-eabi/12.2.1/thumb/v7e-m+fp/hard/crtbegin.o
                [!provide]                        PROVIDE (__fini_array_end = .)
                0x08048d88                        _sidata = LOADADDR (.data)

.data           0x20000000      0xcb4 load address 0x08048d88
                0x20000000                        . = ALIGN (0x4)
                0x20000000                        _sdata = .
 *(.data)
 *(.data*)
 .data.SystemCoreClock
                0x20000000        0x4 build/system_stm32f4xx.o
                0x20000000                SystemCoreClock
 .data.APBAHBPrescTable
                0x20000004       0x10 build/stm32f4xx_rcc.o
 .data.g_sysConfigOpt
                0x20000014       0x10 build/chip_flash.o
 .data.g_fops   0x20000024       0x14 build/led.o
 .data.g_deviceLed
                0x20000038       0x18 build/led.o
 .data.g_max6950Conf
                0x20000050       0x10 build/max6950.o
 .data.g_fops   0x20000060       0x14 build/max6950.o
 .data.g_deviceMax6950
                0x20000074       0x18 build/max6950.o
 .data.g_fops   0x2000008c       0x14 build/pwm_capture.o
 .data.g_devicePwmCapture
                0x200000a0       0x18 build/pwm_capture.o
 .data.lastPinLevel.0
                0x200000b8        0x1 build/pwm_capture.o
 *fill*         0x200000b9        0x3 
 .data.g_fops   0x200000bc       0x14 build/pwm_out.o
 .data.g_devicePwmOut
                0x200000d0       0x18 build/pwm_out.o
 .data.g_fops   0x200000e8       0x14 build/taseometer.o
 .data.g_deviceTaseometer
                0x200000fc       0x18 build/taseometer.o
 .data.g_dgusData
                0x20000114        0x6 build/usart_screen.o
 *fill*         0x2000011a        0x2 
 .data.g_uartScreen
                0x2000011c        0x5 build/usart_screen.o
 *fill*         0x20000121        0x3 
 .data.g_fops   0x20000124       0x14 build/usart_screen.o
 .data.g_deviceDGUS
                0x20000138       0x18 build/usart_screen.o
 .data.g_codeUpdate
                0x20000150        0xb build/usart_upper_computer.o
 *fill*         0x2000015b        0x1 
 .data.g_codeUpdateData
                0x2000015c        0x7 build/usart_upper_computer.o
 *fill*         0x20000163        0x1 
 .data.g_powerVehicleData
                0x20000164        0x7 build/usart_upper_computer.o
                0x20000164                g_powerVehicleData
 *fill*         0x2000016b        0x1 
 .data.g_upperComputer
                0x2000016c        0x9 build/usart_upper_computer.o
 *fill*         0x20000175        0x3 
 .data.g_fops   0x20000178       0x14 build/usart_upper_computer.o
 .data.g_deviceUpperComputer
                0x2000018c       0x18 build/usart_upper_computer.o
 .data.g_powerVehicleDeviceId
                0x200001a4        0xc build/app_computer.o
 .data.g_appComputer
                0x200001b0       0x18 build/app_computer.o
 .data.g_debugLogFile
                0x200001c8      0x41a build/app_data_storage.o
 *fill*         0x200005e2        0x2 
 .data.g_powerSpeedFile
                0x200005e4      0x41a build/app_data_storage.o
 *fill*         0x200009fe        0x2 
 .data.g_appDataStorage
                0x20000a00       0x18 build/app_data_storage.o
 .data.g_forceFifo
                0x20000a18        0xc build/app_force.o
 .data.g_forceFilterWeight
                0x20000a24       0x10 build/app_force.o
 .data.g_forceFilter
                0x20000a34        0xa build/app_force.o
 *fill*         0x20000a3e        0x2 
 .data.g_appForce
                0x20000a40       0x18 build/app_force.o
 .data.g_appRotateSpeed
                0x20000a58       0x18 build/app_rotate_speed.o
 .data.g_appUi  0x20000a70       0x18 build/app_ui.o
 .data.g_wheelControl
                0x20000a88        0x6 build/app_wheel.o
 *fill*         0x20000a8e        0x2 
 .data.g_incPID
                0x20000a90       0x20 build/app_wheel.o
 .data.g_neuralPID
                0x20000ab0       0x40 build/app_wheel.o
 .data.g_appWheel
                0x20000af0       0x18 build/app_wheel.o
 .data.g_appWink
                0x20000b08       0x18 build/app_wink.o
 .data.g_appDefine
                0x20000b20       0xfc build/app_task_define.o
 .data.uxCriticalNesting
                0x20000c1c        0x4 build/port.o
 .data.__sglue  0x20000c20        0xc c:/program files (x86)/arm gnu toolchain arm-none-eabi/12.2 mpacbti-rel1/bin/../lib/gcc/arm-none-eabi/12.2.1/thumb/v7e-m+fp/hard\libc_nano.a(libc_a-findfp.o)
                0x20000c20                __sglue
 .data._impure_ptr
                0x20000c2c        0x4 c:/program files (x86)/arm gnu toolchain arm-none-eabi/12.2 mpacbti-rel1/bin/../lib/gcc/arm-none-eabi/12.2.1/thumb/v7e-m+fp/hard\libc_nano.a(libc_a-impure.o)
                0x20000c2c                _impure_ptr
 .data._impure_data
                0x20000c30       0x4c c:/program files (x86)/arm gnu toolchain arm-none-eabi/12.2 mpacbti-rel1/bin/../lib/gcc/arm-none-eabi/12.2.1/thumb/v7e-m+fp/hard\libc_nano.a(libc_a-impure.o)
                0x20000c30                _impure_data
                0x20000c7c                        . = ALIGN (0x4)
                0x20000c7c                        __initcall_start = .
 *(SORT_BY_NAME(.initcall))